Archive member included because of file (symbol)

C:\Users\tcool\copter\copter_stm32\Output\Generic_STM32F103C6_fake_STM32F103C8\Debug\core\core.a(HardwareSerial.cpp.o)
                              C:\Users\tcool\copter\copter_stm32\Output\Generic_STM32F103C6_fake_STM32F103C8\Debug\sketch\gps.cpp.o (HardwareSerial::read())
C:\Users\tcool\copter\copter_stm32\Output\Generic_STM32F103C6_fake_STM32F103C8\Debug\core\core.a(HardwareTimer.cpp.o)
                              C:\Users\tcool\copter\copter_stm32\Output\Generic_STM32F103C6_fake_STM32F103C8\Debug\sketch\copter_stm32.ino.cpp.o (HardwareTimer::HardwareTimer(unsigned char))
C:\Users\tcool\copter\copter_stm32\Output\Generic_STM32F103C6_fake_STM32F103C8\Debug\core\core.a(Print.cpp.o)
                              C:\Users\tcool\copter\copter_stm32\Output\Generic_STM32F103C6_fake_STM32F103C8\Debug\libraries\WireSlave\Wire_slave.cpp.o (Print::write(void const*, unsigned long))
C:\Users\tcool\copter\copter_stm32\Output\Generic_STM32F103C6_fake_STM32F103C8\Debug\core\core.a(Stream.cpp.o)
                              C:\Users\tcool\copter\copter_stm32\Output\Generic_STM32F103C6_fake_STM32F103C8\Debug\sketch\copter_stm32.ino.cpp.o (Stream::readBytes(char*, unsigned int))
C:\Users\tcool\copter\copter_stm32\Output\Generic_STM32F103C6_fake_STM32F103C8\Debug\core\core.a(WString.cpp.o)
                              C:\Users\tcool\copter\copter_stm32\Output\Generic_STM32F103C6_fake_STM32F103C8\Debug\core\core.a(Stream.cpp.o) (String::String(char const*))
C:\Users\tcool\copter\copter_stm32\Output\Generic_STM32F103C6_fake_STM32F103C8\Debug\core\core.a(dtostrf.c.o)
                              C:\Users\tcool\copter\copter_stm32\Output\Generic_STM32F103C6_fake_STM32F103C8\Debug\core\core.a(WString.cpp.o) (dtostrf)
C:\Users\tcool\copter\copter_stm32\Output\Generic_STM32F103C6_fake_STM32F103C8\Debug\core\core.a(cxxabi-compat.cpp.o)
                              C:\Users\tcool\copter\copter_stm32\Output\Generic_STM32F103C6_fake_STM32F103C8\Debug\libraries\WireSlave\Wire_slave.cpp.o (__cxa_pure_virtual)
C:\Users\tcool\copter\copter_stm32\Output\Generic_STM32F103C6_fake_STM32F103C8\Debug\core\core.a(itoa.c.o)
                              C:\Users\tcool\copter\copter_stm32\Output\Generic_STM32F103C6_fake_STM32F103C8\Debug\core\core.a(WString.cpp.o) (ltoa)
C:\Users\tcool\copter\copter_stm32\Output\Generic_STM32F103C6_fake_STM32F103C8\Debug\core\core.a(adc.c.o)
                              C:\Users\tcool\copter\copter_stm32\Output\Generic_STM32F103C6_fake_STM32F103C8\Debug\core\wirish\boards.cpp.o (adc_set_sample_rate)
C:\Users\tcool\copter\copter_stm32\Output\Generic_STM32F103C6_fake_STM32F103C8\Debug\core\core.a(adc_f1.c.o)
                              (__irq_adc)
C:\Users\tcool\copter\copter_stm32\Output\Generic_STM32F103C6_fake_STM32F103C8\Debug\core\core.a(dma_f1.c.o)
                              (__irq_dma1_channel1)
C:\Users\tcool\copter\copter_stm32\Output\Generic_STM32F103C6_fake_STM32F103C8\Debug\core\core.a(exc.S.o)
                              (__exc_nmi)
C:\Users\tcool\copter\copter_stm32\Output\Generic_STM32F103C6_fake_STM32F103C8\Debug\core\core.a(exti.c.o)
                              (__irq_exti0)
C:\Users\tcool\copter\copter_stm32\Output\Generic_STM32F103C6_fake_STM32F103C8\Debug\core\core.a(exti_f1.c.o)
                              C:\Users\tcool\copter\copter_stm32\Output\Generic_STM32F103C6_fake_STM32F103C8\Debug\core\core.a(exti.c.o) (exti_select)
C:\Users\tcool\copter\copter_stm32\Output\Generic_STM32F103C6_fake_STM32F103C8\Debug\core\core.a(flash.c.o)
                              C:\Users\tcool\copter\copter_stm32\Output\Generic_STM32F103C6_fake_STM32F103C8\Debug\core\wirish\boards.cpp.o (flash_set_latency)
C:\Users\tcool\copter\copter_stm32\Output\Generic_STM32F103C6_fake_STM32F103C8\Debug\core\core.a(gpio_f1.c.o)
                              C:\Users\tcool\copter\copter_stm32\Output\Generic_STM32F103C6_fake_STM32F103C8\Debug\core\wirish\boards_setup.cpp.o (gpio_init_all)
C:\Users\tcool\copter\copter_stm32\Output\Generic_STM32F103C6_fake_STM32F103C8\Debug\core\core.a(i2c.c.o)
                              C:\Users\tcool\copter\copter_stm32\Output\Generic_STM32F103C6_fake_STM32F103C8\Debug\libraries\WireSlave\Wire_slave.cpp.o (wait_for_state_change)
C:\Users\tcool\copter\copter_stm32\Output\Generic_STM32F103C6_fake_STM32F103C8\Debug\core\core.a(i2c_f1.c.o)
                              C:\Users\tcool\copter\copter_stm32\Output\Generic_STM32F103C6_fake_STM32F103C8\Debug\core\core.a(i2c.c.o) (i2c_config_gpios)
C:\Users\tcool\copter\copter_stm32\Output\Generic_STM32F103C6_fake_STM32F103C8\Debug\core\core.a(nvic.c.o)
                              C:\Users\tcool\copter\copter_stm32\Output\Generic_STM32F103C6_fake_STM32F103C8\Debug\core\core.a(i2c_f1.c.o) (nvic_irq_set_priority)
C:\Users\tcool\copter\copter_stm32\Output\Generic_STM32F103C6_fake_STM32F103C8\Debug\core\core.a(rcc.c.o)
[...]
Memory Configuration

Name             Origin             Length             Attributes
ram              0x20000000         0x00002800         xrw
rom              0x08000000         0x00008000         xr
*default*        0x00000000         0xffffffff

Linker script and memory map

LOAD c:/users/tcool/appdata/local/arduino15/packages/arduino/tools/arm-none-eabi-gcc/4.8.3-2014q1/bin/../lib/gcc/arm-none-eabi/4.8.3/armv7-m/crti.o
LOAD c:/users/tcool/appdata/local/arduino15/packages/arduino/tools/arm-none-eabi-gcc/4.8.3-2014q1/bin/../lib/gcc/arm-none-eabi/4.8.3/armv7-m/crtbegin.o
LOAD c:/users/tcool/appdata/local/arduino15/packages/arduino/tools/arm-none-eabi-gcc/4.8.3-2014q1/bin/../lib/gcc/arm-none-eabi/4.8.3/../../../../arm-none-eabi/lib/armv7-m/crt0.o
LOAD c:/users/tcool/appdata/local/arduino15/packages/arduino/tools/arm-none-eabi-gcc/4.8.3-2014q1/bin/../lib/gcc/arm-none-eabi/4.8.3/armv7-m\libgcc.a
START GROUP
LOAD C:\Users\tcool\copter\copter_stm32\Output\Generic_STM32F103C6_fake_STM32F103C8\Debug\sketch\copter_stm32.ino.cpp.o
LOAD C:\Users\tcool\copter\copter_stm32\Output\Generic_STM32F103C6_fake_STM32F103C8\Debug\sketch\gps.cpp.o
LOAD C:\Users\tcool\copter\copter_stm32\Output\Generic_STM32F103C6_fake_STM32F103C8\Debug\libraries\WireSlave\Wire_slave.cpp.o
LOAD C:\Users\tcool\copter\copter_stm32\Output\Generic_STM32F103C6_fake_STM32F103C8\Debug\core\board.cpp.o
LOAD C:\Users\tcool\copter\copter_stm32\Output\Generic_STM32F103C6_fake_STM32F103C8\Debug\core\wirish\boards.cpp.o
LOAD C:\Users\tcool\copter\copter_stm32\Output\Generic_STM32F103C6_fake_STM32F103C8\Debug\core\wirish\boards_setup.cpp.o
LOAD C:\Users\tcool\copter\copter_stm32\Output\Generic_STM32F103C6_fake_STM32F103C8\Debug\core\wirish\start.S.o
LOAD C:\Users\tcool\copter\copter_stm32\Output\Generic_STM32F103C6_fake_STM32F103C8\Debug\core\wirish\start_c.c.o
LOAD C:\Users\tcool\copter\copter_stm32\Output\Generic_STM32F103C6_fake_STM32F103C8\Debug\core\wirish\syscalls.c.o
LOAD C:\Users\tcool\copter\copter_stm32\Output\Generic_STM32F103C6_fake_STM32F103C8\Debug\core\core.a
END GROUP
LOAD c:/users/tcool/appdata/local/arduino15/packages/arduino/tools/arm-none-eabi-gcc/4.8.3-2014q1/bin/../lib/gcc/arm-none-eabi/4.8.3/../../../../arm-none-eabi/lib/armv7-m\libstdc++.a
LOAD c:/users/tcool/appdata/local/arduino15/packages/arduino/tools/arm-none-eabi-gcc/4.8.3-2014q1/bin/../lib/gcc/arm-none-eabi/4.8.3/../../../../arm-none-eabi/lib/armv7-m\libm.a
START GROUP
LOAD c:/users/tcool/appdata/local/arduino15/packages/arduino/tools/arm-none-eabi-gcc/4.8.3-2014q1/bin/../lib/gcc/arm-none-eabi/4.8.3/armv7-m\libgcc.a
LOAD c:/users/tcool/appdata/local/arduino15/packages/arduino/tools/arm-none-eabi-gcc/4.8.3-2014q1/bin/../lib/gcc/arm-none-eabi/4.8.3/../../../../arm-none-eabi/lib/armv7-m\libc.a
END GROUP
LOAD c:/users/tcool/appdata/local/arduino15/packages/arduino/tools/arm-none-eabi-gcc/4.8.3-2014q1/bin/../lib/gcc/arm-none-eabi/4.8.3/armv7-m/crtend.o
LOAD c:/users/tcool/appdata/local/arduino15/packages/arduino/tools/arm-none-eabi-gcc/4.8.3-2014q1/bin/../lib/gcc/arm-none-eabi/4.8.3/armv7-m/crtn.o
START GROUP
LOAD c:/users/tcool/appdata/local/arduino15/packages/arduino/tools/arm-none-eabi-gcc/4.8.3-2014q1/bin/../lib/gcc/arm-none-eabi/4.8.3/armv7-m\libgcc.a
LOAD c:/users/tcool/appdata/local/arduino15/packages/arduino/tools/arm-none-eabi-gcc/4.8.3-2014q1/bin/../lib/gcc/arm-none-eabi/4.8.3/../../../../arm-none-eabi/lib/armv7-m\libc.a
LOAD c:/users/tcool/appdata/local/arduino15/packages/arduino/tools/arm-none-eabi-gcc/4.8.3-2014q1/bin/../lib/gcc/arm-none-eabi/4.8.3/../../../../arm-none-eabi/lib/armv7-m\libm.a
END GROUP
START GROUP
LOAD c:/users/tcool/appdata/local/arduino15/packages/arduino/tools/arm-none-eabi-gcc/4.8.3-2014q1/bin/../lib/gcc/arm-none-eabi/4.8.3/../../../../arm-none-eabi/lib/armv7-m\libnosys.a
END GROUP
                0x20002800                PROVIDE (__msp_init, (ORIGIN (ram) + 0x2800))
                0x08001300                PROVIDE (__exc_reset, __start__)

.text           0x08000000     0x5f20
                0x08000000                __text_start__ = .
 *(.stm32.interrupt_vector)
 .stm32.interrupt_vector
                0x08000000       0xec C:\Users\tcool\copter\copter_stm32\Output\Generic_STM32F103C6_fake_STM32F103C8\Debug\core\core.a(vector_table.S.o)
                0x08000000                __stm32_vector_table
 *(.text .text.* .gnu.linkonce.t.*)
 .text          0x080000ec       0x54 c:/users/tcool/appdata/local/arduino15/packages/arduino/tools/arm-none-eabi-gcc/4.8.3-2014q1/bin/../lib/gcc/arm-none-eabi/4.8.3/armv7-m/crtbegin.o
 .text._Z12receiveEventi
                0x08000140      0x208 C:\Users\tcool\copter\copter_stm32\Output\Generic_STM32F103C6_fake_STM32F103C8\Debug\sketch\copter_stm32.ino.cpp.o
                0x08000140                receiveEvent(int)
 .text._Z12requestEventv
                0x08000348       0xf8 C:\Users\tcool\copter\copter_stm32\Output\Generic_STM32F103C6_fake_STM32F103C8\Debug\sketch\copter_stm32.ino.cpp.o
                0x08000348                requestEvent()
 .text._Z4beepv
                0x08000440       0xdc C:\Users\tcool\copter\copter_stm32\Output\Generic_STM32F103C6_fake_STM32F103C8\Debug\sketch\copter_stm32.ino.cpp.o
                0x08000440                beep()
 .text._Z11stop_motorsv
                0x0800051c       0x2e C:\Users\tcool\copter\copter_stm32\Output\Generic_STM32F103C6_fake_STM32F103C8\Debug\sketch\copter_stm32.ino.cpp.o
                0x0800051c                stop_motors()
 .text._Z8setTimeri
                0x0800054a       0x26 C:\Users\tcool\copter\copter_stm32\Output\Generic_STM32F103C6_fake_STM32F103C8\Debug\sketch\copter_stm32.ino.cpp.o
                0x0800054a                setTimer(int)
 .text._Z5setupv
                0x08000570      0x180 C:\Users\tcool\copter\copter_stm32\Output\Generic_STM32F103C6_fake_STM32F103C8\Debug\sketch\copter_stm32.ino.cpp.o
                0x08000570                setup()
 .text._Z4loopv
                0x080006f0      0x358 C:\Users\tcool\copter\copter_stm32\Output\Generic_STM32F103C6_fake_STM32F103C8\Debug\sketch\copter_stm32.ino.cpp.o
                0x080006f0                loop()
 .text._Z8gps_datav
                0x08000a48        0x8 C:\Users\tcool\copter\copter_stm32\Output\Generic_STM32F103C6_fake_STM32F103C8\Debug\sketch\gps.cpp.o
                0x08000a48                gps_data()
 .text._Z10processGPSv
                0x08000a50       0xdc C:\Users\tcool\copter\copter_stm32\Output\Generic_STM32F103C6_fake_STM32F103C8\Debug\sketch\gps.cpp.o
                0x08000a50                processGPS()
 .text._Z9gps_setupv
                0x08000b2c       0xfc C:\Users\tcool\copter\copter_stm32\Output\Generic_STM32F103C6_fake_STM32F103C8\Debug\sketch\gps.cpp.o
                0x08000b2c                gps_setup()
 .text._ZN7TwoWire9availableEv
                0x08000c28        0x8 C:\Users\tcool\copter\copter_stm32\Output\Generic_STM32F103C6_fake_STM32F103C8\Debug\libraries\WireSlave\Wire_slave.cpp.o
                0x08000c28                TwoWire::available()
 .text._ZN7TwoWire4readEv
                0x08000c30       0x18 C:\Users\tcool\copter\copter_stm32\Output\Generic_STM32F103C6_fake_STM32F103C8\Debug\libraries\WireSlave\Wire_slave.cpp.o
                0x08000c30                TwoWire::read()
 .text._ZN7TwoWire4peekEv
                0x08000c48       0x12 C:\Users\tcool\copter\copter_stm32\Output\Generic_STM32F103C6_fake_STM32F103C8\Debug\libraries\WireSlave\Wire_slave.cpp.o
                0x08000c48                TwoWire::peek()
 *fill*         0x08000c5a        0x2 
 .text._ZN7TwoWire17onRequestService1EP7i2c_msg
                0x08000c5c       0x24 C:\Users\tcool\copter\copter_stm32\Output\Generic_STM32F103C6_fake_STM32F103C8\Debug\libraries\WireSlave\Wire_slave.cpp.o
                0x08000c5c                TwoWire::onRequestService1(i2c_msg*)
 .text._ZN7TwoWire17onRequestService2EP7i2c_msg
                0x08000c80       0x24 C:\Users\tcool\copter\copter_stm32\Output\Generic_STM32F103C6_fake_STM32F103C8\Debug\libraries\WireSlave\Wire_slave.cpp.o
                0x08000c80                TwoWire::onRequestService2(i2c_msg*)
 .text._ZN7TwoWireC2EP7i2c_devmm
                0x08000ca4       0x6c C:\Users\tcool\copter\copter_stm32\Output\Generic_STM32F103C6_fake_STM32F103C8\Debug\libraries\WireSlave\Wire_slave.cpp.o
                0x08000ca4                TwoWire::TwoWire(i2c_dev*, unsigned long, unsigned long)
                0x08000ca4                TwoWire::TwoWire(i2c_dev*, unsigned long, unsigned long)
 .text._ZN7TwoWire7processEb
                0x08000d10       0x6c C:\Users\tcool\copter\copter_stm32\Output\Generic_STM32F103C6_fake_STM32F103C8\Debug\libraries\WireSlave\Wire_slave.cpp.o
                0x08000d10                TwoWire::process(bool)
 .text._ZN7TwoWire15endTransmissionEb
                0x08000d7c       0x30 C:\Users\tcool\copter\copter_stm32\Output\Generic_STM32F103C6_fake_STM32F103C8\Debug\libraries\WireSlave\Wire_slave.cpp.o
                0x08000d7c                TwoWire::endTransmission(bool)
 .text._ZN7TwoWire5flushEv
                0x08000dac       0x3a C:\Users\tcool\copter\copter_stm32\Output\Generic_STM32F103C6_fake_STM32F103C8\Debug\libraries\WireSlave\Wire_slave.cpp.o
                0x08000dac                TwoWire::flush()
 .text._ZN7TwoWire9onReceiveEPFviE
                0x08000de6        0x4 C:\Users\tcool\copter\copter_stm32\Output\Generic_STM32F103C6_fake_STM32F103C8\Debug\libraries\WireSlave\Wire_slave.cpp.o
                0x08000de6                TwoWire::onReceive(void (*)(int))
 .text._ZN7TwoWire9onRequestEPFvvE
                0x08000dea        0x4 C:\Users\tcool\copter\copter_stm32\Output\Generic_STM32F103C6_fake_STM32F103C8\Debug\libraries\WireSlave\Wire_slave.cpp.o
                0x08000dea                TwoWire::onRequest(void (*)())
 .text._ZN7TwoWire16allocateRxBufferEj
                0x08000dee       0x36 C:\Users\tcool\copter\copter_stm32\Output\Generic_STM32F103C6_fake_STM32F103C8\Debug\libraries\WireSlave\Wire_slave.cpp.o
                0x08000dee                TwoWire::allocateRxBuffer(unsigned int)
 .text._ZN7TwoWire17onReceiveService1EP7i2c_msg
                0x08000e24       0x34 C:\Users\tcool\copter\copter_stm32\Output\Generic_STM32F103C6_fake_STM32F103C8\Debug\libraries\WireSlave\Wire_slave.cpp.o
                0x08000e24                TwoWire::onReceiveService1(i2c_msg*)
 .text._ZN7TwoWire17onReceiveService2EP7i2c_msg
                0x08000e58       0x34 C:\Users\tcool\copter\copter_stm32\Output\Generic_STM32F103C6_fake_STM32F103C8\Debug\libraries\WireSlave\Wire_slave.cpp.o
                0x08000e58                TwoWire::onReceiveService2(i2c_msg*)
 .text._ZN7TwoWire16allocateTxBufferEj
                0x08000e8c       0x36 C:\Users\tcool\copter\copter_stm32\Output\Generic_STM32F103C6_fake_STM32F103C8\Debug\libraries\WireSlave\Wire_slave.cpp.o
                0x08000e8c                TwoWire::allocateTxBuffer(unsigned int)
 *fill*         0x08000ec2        0x2 
 .text._ZN7TwoWire5beginEtt
                0x08000ec4      0x11c C:\Users\tcool\copter\copter_stm32\Output\Generic_STM32F103C6_fake_STM32F103C8\Debug\libraries\WireSlave\Wire_slave.cpp.o
                0x08000ec4                TwoWire::begin(unsigned short, unsigned short)
 .text._ZN7TwoWire5beginEt
                0x08000fe0        0x6 C:\Users\tcool\copter\copter_stm32\Output\Generic_STM32F103C6_fake_STM32F103C8\Debug\libraries\WireSlave\Wire_slave.cpp.o
                0x08000fe0                TwoWire::begin(unsigned short)
 .text._ZN7TwoWire5writeEh
                0x08000fe6       0x3a C:\Users\tcool\copter\copter_stm32\Output\Generic_STM32F103C6_fake_STM32F103C8\Debug\libraries\WireSlave\Wire_slave.cpp.o
                0x08000fe6                TwoWire::write(unsigned char)
 .text._ZN7TwoWire5writeEPKvm
                0x08001020       0x44 C:\Users\tcool\copter\copter_stm32\Output\Generic_STM32F103C6_fake_STM32F103C8\Debug\libraries\WireSlave\Wire_slave.cpp.o
                0x08001020                TwoWire::write(void const*, unsigned long)
 .text.startup._GLOBAL__sub_I__ZN7TwoWireC2EP7i2c_devmm
                0x08001064       0x4c C:\Users\tcool\copter\copter_stm32\Output\Generic_STM32F103C6_fake_STM32F103C8\Debug\libraries\WireSlave\Wire_slave.cpp.o
 .text._Z9boardInitv
                0x080010b0        0x2 C:\Users\tcool\copter\copter_stm32\Output\Generic_STM32F103C6_fake_STM32F103C8\Debug\core\board.cpp.o
                0x080010b0                boardInit()
 *fill*         0x080010b2        0x2 
 .text.startup._GLOBAL__sub_I__Z9boardInitv
                0x080010b4       0x48 C:\Users\tcool\copter\copter_stm32\Output\Generic_STM32F103C6_fake_STM32F103C8\Debug\core\board.cpp.o
 .text._ZL18adc_default_configP7adc_dev
                0x080010fc       0x1c C:\Users\tcool\copter\copter_stm32\Output\Generic_STM32F103C6_fake_STM32F103C8\Debug\core\wirish\boards.cpp.o
 .text._ZL20timer_default_configP9timer_dev
                0x08001118       0x9e C:\Users\tcool\copter\copter_stm32\Output\Generic_STM32F103C6_fake_STM32F103C8\Debug\core\wirish\boards.cpp.o
 *fill*         0x080011b6        0x2 
 .text._Z4initv
                0x080011b8       0xbc C:\Users\tcool\copter\copter_stm32\Output\Generic_STM32F103C6_fake_STM32F103C8\Debug\core\wirish\boards.cpp.o
                0x080011b8                init()
 .text._ZN6wirish4priv15board_reset_pllEv
                0x08001274        0x2 C:\Users\tcool\copter\copter_stm32\Output\Generic_STM32F103C6_fake_STM32F103C8\Debug\core\wirish\boards_setup.cpp.o
                0x08001274                wirish::priv::board_reset_pll()
 .text._ZN6wirish4priv28board_setup_clock_prescalersEv
                0x08001276       0x2e C:\Users\tcool\copter\copter_stm32\Output\Generic_STM32F103C6_fake_STM32F103C8\Debug\core\wirish\boards_setup.cpp.o
                0x08001276                wirish::priv::board_setup_clock_prescalers()
 .text._ZN6wirish4priv16board_setup_gpioEv
                0x080012a4        0x4 C:\Users\tcool\copter\copter_stm32\Output\Generic_STM32F103C6_fake_STM32F103C8\Debug\core\wirish\boards_setup.cpp.o
                0x080012a4                wirish::priv::board_setup_gpio()
 .text._ZN6wirish4priv15board_setup_usbEv
                0x080012a8       0x54 C:\Users\tcool\copter\copter_stm32\Output\Generic_STM32F103C6_fake_STM32F103C8\Debug\core\wirish\boards_setup.cpp.o
                0x080012a8                wirish::priv::board_setup_usb()
 .text._ZN6wirish4priv11series_initEv
                0x080012fc        0x4 C:\Users\tcool\copter\copter_stm32\Output\Generic_STM32F103C6_fake_STM32F103C8\Debug\core\wirish\boards_setup.cpp.o
                0x080012fc                wirish::priv::series_init()
 .text          0x08001300       0x10 C:\Users\tcool\copter\copter_stm32\Output\Generic_STM32F103C6_fake_STM32F103C8\Debug\core\wirish\start.S.o
                0x08001300                __start__
 .text.start_c  0x08001310       0x58 C:\Users\tcool\copter\copter_stm32\Output\Generic_STM32F103C6_fake_STM32F103C8\Debug\core\wirish\start_c.c.o
                0x08001310                start_c
 .text._sbrk    0x08001368       0x44 C:\Users\tcool\copter\copter_stm32\Output\Generic_STM32F103C6_fake_STM32F103C8\Debug\core\wirish\syscalls.c.o
                0x08001368                _sbrk
 .text.rb_full_count
                0x080013ac       0x22 C:\Users\tcool\copter\copter_stm32\Output\Generic_STM32F103C6_fake_STM32F103C8\Debug\core\core.a(HardwareSerial.cpp.o)
 .text._ZN14HardwareSerial4readEv
                0x080013ce       0x3a C:\Users\tcool\copter\copter_stm32\Output\Generic_STM32F103C6_fake_STM32F103C8\Debug\core\core.a(HardwareSerial.cpp.o)
                0x080013ce                HardwareSerial::read()
 .text._ZN14HardwareSerial9availableEv
                0x08001408        0xc C:\Users\tcool\copter\copter_stm32\Output\Generic_STM32F103C6_fake_STM32F103C8\Debug\core\core.a(HardwareSerial.cpp.o)
                0x08001408                HardwareSerial::available()
 .text._ZN14HardwareSerial4peekEv
                0x08001414       0x22 C:\Users\tcool\copter\copter_stm32\Output\Generic_STM32F103C6_fake_STM32F103C8\Debug\core\core.a(HardwareSerial.cpp.o)
                0x08001414                HardwareSerial::peek()
 .text._ZN14HardwareSerial5flushEv
                0x08001436       0x1a C:\Users\tcool\copter\copter_stm32\Output\Generic_STM32F103C6_fake_STM32F103C8\Debug\core\core.a(HardwareSerial.cpp.o)
                0x08001436                HardwareSerial::flush()
 .text._ZN14HardwareSerial5writeEh
                0x08001450       0x1e C:\Users\tcool\copter\copter_stm32\Output\Generic_STM32F103C6_fake_STM32F103C8\Debug\core\core.a(HardwareSerial.cpp.o)
                0x08001450                HardwareSerial::write(unsigned char)
 *fill*         0x0800146e        0x2 
 .text._ZN14HardwareSerialC2EP9usart_devhh
                0x08001470       0x1c C:\Users\tcool\copter\copter_stm32\Output\Generic_STM32F103C6_fake_STM32F103C8\Debug\core\core.a(HardwareSerial.cpp.o)
                0x08001470                HardwareSerial::HardwareSerial(usart_dev*, unsigned char, unsigned char)
                0x08001470                HardwareSerial::HardwareSerial(usart_dev*, unsigned char, unsigned char)
 .text._ZN14HardwareSerial5beginEmh
                0x0800148c       0x78 C:\Users\tcool\copter\copter_stm32\Output\Generic_STM32F103C6_fake_STM32F103C8\Debug\core\core.a(HardwareSerial.cpp.o)
                0x0800148c                HardwareSerial::begin(unsigned long, unsigned char)
 .text._ZN14HardwareSerial5beginEm
                0x08001504        0x6 C:\Users\tcool\copter\copter_stm32\Output\Generic_STM32F103C6_fake_STM32F103C8\Debug\core\core.a(HardwareSerial.cpp.o)
                0x08001504                HardwareSerial::begin(unsigned long)
 *fill*         0x0800150a        0x2 
 .text.set_this_dev
                0x0800150c       0x1c C:\Users\tcool\copter\copter_stm32\Output\Generic_STM32F103C6_fake_STM32F103C8\Debug\core\core.a(HardwareTimer.cpp.o)
 .text._ZN13HardwareTimerC2Eh
                0x08001528       0x2c C:\Users\tcool\copter\copter_stm32\Output\Generic_STM32F103C6_fake_STM32F103C8\Debug\core\core.a(HardwareTimer.cpp.o)
                0x08001528                HardwareTimer::HardwareTimer(unsigned char)
                0x08001528                HardwareTimer::HardwareTimer(unsigned char)
 .text._ZN13HardwareTimer17setPrescaleFactorEm
                0x08001554        0xc C:\Users\tcool\copter\copter_stm32\Output\Generic_STM32F103C6_fake_STM32F103C8\Debug\core\core.a(HardwareTimer.cpp.o)
                0x08001554                HardwareTimer::setPrescaleFactor(unsigned long)
 .text._ZN13HardwareTimer11setOverflowEt
                0x08001560        0x8 C:\Users\tcool\copter\copter_stm32\Output\Generic_STM32F103C6_fake_STM32F103C8\Debug\core\core.a(HardwareTimer.cpp.o)
                0x08001560                HardwareTimer::setOverflow(unsigned short)
 .text.startup._GLOBAL__sub_I__ZN13HardwareTimerC2Eh
                0x08001568       0x38 C:\Users\tcool\copter\copter_stm32\Output\Generic_STM32F103C6_fake_STM32F103C8\Debug\core\core.a(HardwareTimer.cpp.o)
 .text._ZN5Print5writeEPKvm
                0x080015a0       0x20 C:\Users\tcool\copter\copter_stm32\Output\Generic_STM32F103C6_fake_STM32F103C8\Debug\core\core.a(Print.cpp.o)
                0x080015a0                Print::write(void const*, unsigned long)
 .text._ZN5Print5writeEPKc
                0x080015c0       0x1e C:\Users\tcool\copter\copter_stm32\Output\Generic_STM32F103C6_fake_STM32F103C8\Debug\core\core.a(Print.cpp.o)
                0x080015c0                Print::write(char const*)
 *fill*         0x080015de        0x2 
 .text._ZN6Stream9timedReadEv
                0x080015e0       0x30 C:\Users\tcool\copter\copter_stm32\Output\Generic_STM32F103C6_fake_STM32F103C8\Debug\core\core.a(Stream.cpp.o)
                0x080015e0                Stream::timedRead()
 .text._ZN6Stream9readBytesEPcj
                0x08001610       0x22 C:\Users\tcool\copter\copter_stm32\Output\Generic_STM32F103C6_fake_STM32F103C8\Debug\core\core.a(Stream.cpp.o)
                0x08001610                Stream::readBytes(char*, unsigned int)
 .text.adc_init
                0x08001632       0x14 C:\Users\tcool\copter\copter_stm32\Output\Generic_STM32F103C6_fake_STM32F103C8\Debug\core\core.a(adc.c.o)
                0x08001632                adc_init
 .text.adc_set_extsel
                0x08001646       0x12 C:\Users\tcool\copter\copter_stm32\Output\Generic_STM32F103C6_fake_STM32F103C8\Debug\core\core.a(adc.c.o)
                0x08001646                adc_set_extsel
 .text.adc_set_sample_rate
                0x08001658       0x30 C:\Users\tcool\copter\copter_stm32\Output\Generic_STM32F103C6_fake_STM32F103C8\Debug\core\core.a(adc.c.o)
                0x08001658                adc_set_sample_rate
 .text.adc_read
                0x08001688       0x20 C:\Users\tcool\copter\copter_stm32\Output\Generic_STM32F103C6_fake_STM32F103C8\Debug\core\core.a(adc.c.o)
                0x08001688                adc_read
 .text.__irq_adc
                0x080016a8       0x50 C:\Users\tcool\copter\copter_stm32\Output\Generic_STM32F103C6_fake_STM32F103C8\Debug\core\core.a(adc_f1.c.o)
                0x080016a8                __irq_adc
 .text.adc_calibrate
                0x080016f8       0x24 C:\Users\tcool\copter\copter_stm32\Output\Generic_STM32F103C6_fake_STM32F103C8\Debug\core\core.a(adc_f1.c.o)
                0x080016f8                adc_calibrate
 .text.adc_set_prescaler
                0x0800171c        0x8 C:\Users\tcool\copter\copter_stm32\Output\Generic_STM32F103C6_fake_STM32F103C8\Debug\core\core.a(adc_f1.c.o)
                0x0800171c                adc_set_prescaler
 .text.adc_foreach
                0x08001724       0x1c C:\Users\tcool\copter\copter_stm32\Output\Generic_STM32F103C6_fake_STM32F103C8\Debug\core\core.a(adc_f1.c.o)
                0x08001724                adc_foreach
 .text.adc_enable_single_swstart
                0x08001740       0x36 C:\Users\tcool\copter\copter_stm32\Output\Generic_STM32F103C6_fake_STM32F103C8\Debug\core\core.a(adc_f1.c.o)
                0x08001740                adc_enable_single_swstart
 .text.dma_irq_handler
                0x08001776       0x1c C:\Users\tcool\copter\copter_stm32\Output\Generic_STM32F103C6_fake_STM32F103C8\Debug\core\core.a(dma_f1.c.o)
 *fill*         0x08001792        0x2 
 .text.__irq_dma1_channel1
                0x08001794       0x10 C:\Users\tcool\copter\copter_stm32\Output\Generic_STM32F103C6_fake_STM32F103C8\Debug\core\core.a(dma_f1.c.o)
                0x08001794                __irq_dma1_channel1
 .text.__irq_dma1_channel2
                0x080017a4       0x10 C:\Users\tcool\copter\copter_stm32\Output\Generic_STM32F103C6_fake_STM32F103C8\Debug\core\core.a(dma_f1.c.o)
                0x080017a4                __irq_dma1_channel2
 .text.__irq_dma1_channel3
                0x080017b4       0x10 C:\Users\tcool\copter\copter_stm32\Output\Generic_STM32F103C6_fake_STM32F103C8\Debug\core\core.a(dma_f1.c.o)
                0x080017b4                __irq_dma1_channel3
 .text.__irq_dma1_channel4
                0x080017c4       0x10 C:\Users\tcool\copter\copter_stm32\Output\Generic_STM32F103C6_fake_STM32F103C8\Debug\core\core.a(dma_f1.c.o)
                0x080017c4                __irq_dma1_channel4
 .text.__irq_dma1_channel5
                0x080017d4       0x10 C:\Users\tcool\copter\copter_stm32\Output\Generic_STM32F103C6_fake_STM32F103C8\Debug\core\core.a(dma_f1.c.o)
                0x080017d4                __irq_dma1_channel5
 .text.__irq_dma1_channel6
                0x080017e4       0x10 C:\Users\tcool\copter\copter_stm32\Output\Generic_STM32F103C6_fake_STM32F103C8\Debug\core\core.a(dma_f1.c.o)
                0x080017e4                __irq_dma1_channel6
 .text.__irq_dma1_channel7
                0x080017f4       0x10 C:\Users\tcool\copter\copter_stm32\Output\Generic_STM32F103C6_fake_STM32F103C8\Debug\core\core.a(dma_f1.c.o)
                0x080017f4                __irq_dma1_channel7
 *fill*         0x08001804        0xc 
 .text          0x08001810       0x60 C:\Users\tcool\copter\copter_stm32\Output\Generic_STM32F103C6_fake_STM32F103C8\Debug\core\core.a(exc.S.o)
                0x08001810                __exc_nmi
                0x08001814                __exc_hardfault
                0x08001818                __exc_memmanage
                0x0800181c                __exc_busfault
                0x08001820                __exc_usagefault
 .text.dispatch_single_exti
                0x08001870       0x2c C:\Users\tcool\copter\copter_stm32\Output\Generic_STM32F103C6_fake_STM32F103C8\Debug\core\core.a(exti.c.o)
                0x08001870                dispatch_single_exti
 .text.dispatch_extis
                0x0800189c       0x4c C:\Users\tcool\copter\copter_stm32\Output\Generic_STM32F103C6_fake_STM32F103C8\Debug\core\core.a(exti.c.o)
                0x0800189c                dispatch_extis
 .text.__irq_exti0
                0x080018e8        0x6 C:\Users\tcool\copter\copter_stm32\Output\Generic_STM32F103C6_fake_STM32F103C8\Debug\core\core.a(exti.c.o)
                0x080018e8                __irq_exti0
 .text.__irq_exti1
                0x080018ee        0x6 C:\Users\tcool\copter\copter_stm32\Output\Generic_STM32F103C6_fake_STM32F103C8\Debug\core\core.a(exti.c.o)
                0x080018ee                __irq_exti1
 .text.__irq_exti2
                0x080018f4        0x6 C:\Users\tcool\copter\copter_stm32\Output\Generic_STM32F103C6_fake_STM32F103C8\Debug\core\core.a(exti.c.o)
                0x080018f4                __irq_exti2
 .text.__irq_exti3
                0x080018fa        0x6 C:\Users\tcool\copter\copter_stm32\Output\Generic_STM32F103C6_fake_STM32F103C8\Debug\core\core.a(exti.c.o)
                0x080018fa                __irq_exti3
 .text.__irq_exti4
                0x08001900        0x6 C:\Users\tcool\copter\copter_stm32\Output\Generic_STM32F103C6_fake_STM32F103C8\Debug\core\core.a(exti.c.o)
                0x08001900                __irq_exti4
 .text.__irq_exti9_5
                0x08001906        0x8 C:\Users\tcool\copter\copter_stm32\Output\Generic_STM32F103C6_fake_STM32F103C8\Debug\core\core.a(exti.c.o)
                0x08001906                __irq_exti9_5
 .text.__irq_exti15_10
                0x0800190e        0x8 C:\Users\tcool\copter\copter_stm32\Output\Generic_STM32F103C6_fake_STM32F103C8\Debug\core\core.a(exti.c.o)
                0x0800190e                __irq_exti15_10
 *fill*         0x08001916        0x2 
 .text.flash_set_latency
                0x08001918       0x14 C:\Users\tcool\copter\copter_stm32\Output\Generic_STM32F103C6_fake_STM32F103C8\Debug\core\core.a(flash.c.o)
                0x08001918                flash_set_latency
 .text.gpio_init_all
                0x0800192c       0x30 C:\Users\tcool\copter\copter_stm32\Output\Generic_STM32F103C6_fake_STM32F103C8\Debug\core\core.a(gpio_f1.c.o)
                0x0800192c                gpio_init_all
 .text.gpio_set_mode
                0x0800195c       0x50 C:\Users\tcool\copter\copter_stm32\Output\Generic_STM32F103C6_fake_STM32F103C8\Debug\core\core.a(gpio_f1.c.o)
                0x0800195c                gpio_set_mode
 .text.afio_init
                0x080019ac       0x12 C:\Users\tcool\copter\copter_stm32\Output\Generic_STM32F103C6_fake_STM32F103C8\Debug\core\core.a(gpio_f1.c.o)
                0x080019ac                afio_init
 *fill*         0x080019be        0x2 
 .text.afio_remap
                0x080019c0       0x20 C:\Users\tcool\copter\copter_stm32\Output\Generic_STM32F103C6_fake_STM32F103C8\Debug\core\core.a(gpio_f1.c.o)
                0x080019c0                afio_remap
 .text.nvic_irq_enable
                0x080019e0       0x1c C:\Users\tcool\copter\copter_stm32\Output\Generic_STM32F103C6_fake_STM32F103C8\Debug\core\core.a(i2c.c.o)
 .text.i2c_disable_irq
                0x080019fc        0xc C:\Users\tcool\copter\copter_stm32\Output\Generic_STM32F103C6_fake_STM32F103C8\Debug\core\core.a(i2c.c.o)
 .text.delay_us.part.0.constprop.6
                0x08001a08        0xa C:\Users\tcool\copter\copter_stm32\Output\Generic_STM32F103C6_fake_STM32F103C8\Debug\core\core.a(i2c.c.o)
 .text.i2c_bus_reset
                0x08001a12       0xc2 C:\Users\tcool\copter\copter_stm32\Output\Generic_STM32F103C6_fake_STM32F103C8\Debug\core\core.a(i2c.c.o)
                0x08001a12                i2c_bus_reset
 .text.i2c_init
                0x08001ad4       0x1e C:\Users\tcool\copter\copter_stm32\Output\Generic_STM32F103C6_fake_STM32F103C8\Debug\core\core.a(i2c.c.o)
                0x08001ad4                i2c_init
 *fill*         0x08001af2        0x2 
 .text.wait_for_state_change
                0x08001af4       0x98 C:\Users\tcool\copter\copter_stm32\Output\Generic_STM32F103C6_fake_STM32F103C8\Debug\core\core.a(i2c.c.o)
                0x08001af4                wait_for_state_change
 .text.i2c_master_xfer
                0x08001b8c       0xa4 C:\Users\tcool\copter\copter_stm32\Output\Generic_STM32F103C6_fake_STM32F103C8\Debug\core\core.a(i2c.c.o)
                0x08001b8c                i2c_master_xfer
 .text._i2c_irq_handler
                0x08001c30      0x3d8 C:\Users\tcool\copter\copter_stm32\Output\Generic_STM32F103C6_fake_STM32F103C8\Debug\core\core.a(i2c.c.o)
                0x08001c30                _i2c_irq_handler
 .text._i2c_irq_error_handler
                0x08002008       0x84 C:\Users\tcool\copter\copter_stm32\Output\Generic_STM32F103C6_fake_STM32F103C8\Debug\core\core.a(i2c.c.o)
                0x08002008                _i2c_irq_error_handler
 .text.i2c_set_ccr_trise
                0x0800208c       0x54 C:\Users\tcool\copter\copter_stm32\Output\Generic_STM32F103C6_fake_STM32F103C8\Debug\core\core.a(i2c.c.o)
                0x0800208c                i2c_set_ccr_trise
 .text.i2c_master_enable
                0x080020e0      0x1b4 C:\Users\tcool\copter\copter_stm32\Output\Generic_STM32F103C6_fake_STM32F103C8\Debug\core\core.a(i2c.c.o)
                0x080020e0                i2c_master_enable
 .text.i2c_slave_enable
                0x08002294        0x8 C:\Users\tcool\copter\copter_stm32\Output\Generic_STM32F103C6_fake_STM32F103C8\Debug\core\core.a(i2c.c.o)
                0x08002294                i2c_slave_enable
 .text.i2c_slave_attach_recv_handler
                0x0800229c        0xa C:\Users\tcool\copter\copter_stm32\Output\Generic_STM32F103C6_fake_STM32F103C8\Debug\core\core.a(i2c.c.o)
                0x0800229c                i2c_slave_attach_recv_handler
 .text.i2c_slave_attach_transmit_handler
                0x080022a6        0xa C:\Users\tcool\copter\copter_stm32\Output\Generic_STM32F103C6_fake_STM32F103C8\Debug\core\core.a(i2c.c.o)
                0x080022a6                i2c_slave_attach_transmit_handler
 .text.i2c_config_gpios
                0x080022b0       0x58 C:\Users\tcool\copter\copter_stm32\Output\Generic_STM32F103C6_fake_STM32F103C8\Debug\core\core.a(i2c_f1.c.o)
                0x080022b0                i2c_config_gpios
 .text.i2c_master_release_bus
                0x08002308       0x4c C:\Users\tcool\copter\copter_stm32\Output\Generic_STM32F103C6_fake_STM32F103C8\Debug\core\core.a(i2c_f1.c.o)
                0x08002308                i2c_master_release_bus
 .text.__irq_i2c1_ev
                0x08002354        0xc C:\Users\tcool\copter\copter_stm32\Output\Generic_STM32F103C6_fake_STM32F103C8\Debug\core\core.a(i2c_f1.c.o)
                0x08002354                __irq_i2c1_ev
 .text.__irq_i2c2_ev
                0x08002360        0xc C:\Users\tcool\copter\copter_stm32\Output\Generic_STM32F103C6_fake_STM32F103C8\Debug\core\core.a(i2c_f1.c.o)
                0x08002360                __irq_i2c2_ev
 .text.__irq_i2c1_er
                0x0800236c        0xc C:\Users\tcool\copter\copter_stm32\Output\Generic_STM32F103C6_fake_STM32F103C8\Debug\core\core.a(i2c_f1.c.o)
                0x0800236c                __irq_i2c1_er
 .text.__irq_i2c2_er
                0x08002378        0xc C:\Users\tcool\copter\copter_stm32\Output\Generic_STM32F103C6_fake_STM32F103C8\Debug\core\core.a(i2c_f1.c.o)
                0x08002378                __irq_i2c2_er
 .text._i2c_irq_priority_fixup
                0x08002384        0xa C:\Users\tcool\copter\copter_stm32\Output\Generic_STM32F103C6_fake_STM32F103C8\Debug\core\core.a(i2c_f1.c.o)
                0x08002384                _i2c_irq_priority_fixup
 *fill*         0x0800238e        0x2 
 .text.nvic_irq_set_priority
                0x08002390       0x28 C:\Users\tcool\copter\copter_stm32\Output\Generic_STM32F103C6_fake_STM32F103C8\Debug\core\core.a(nvic.c.o)
                0x08002390                nvic_irq_set_priority
 .text.nvic_init
                0x080023b8       0x30 C:\Users\tcool\copter\copter_stm32\Output\Generic_STM32F103C6_fake_STM32F103C8\Debug\core\core.a(nvic.c.o)
                0x080023b8                nvic_init
 .text.nvic_sys_reset
                0x080023e8       0x1c C:\Users\tcool\copter\copter_stm32\Output\Generic_STM32F103C6_fake_STM32F103C8\Debug\core\core.a(nvic.c.o)
                0x080023e8                nvic_sys_reset
 .text.rcc_dev_clk
                0x08002404        0xc C:\Users\tcool\copter\copter_stm32\Output\Generic_STM32F103C6_fake_STM32F103C8\Debug\core\core.a(rcc.c.o)
                0x08002404                rcc_dev_clk
 .text.rcc_switch_sysclk
                0x08002410       0x20 C:\Users\tcool\copter\copter_stm32\Output\Generic_STM32F103C6_fake_STM32F103C8\Debug\core\core.a(rcc.c.o)
                0x08002410                rcc_switch_sysclk
 .text.rcc_turn_on_clk
                0x08002430       0x1a C:\Users\tcool\copter\copter_stm32\Output\Generic_STM32F103C6_fake_STM32F103C8\Debug\core\core.a(rcc.c.o)
                0x08002430                rcc_turn_on_clk
 .text.rcc_turn_off_clk
                0x0800244a       0x1c C:\Users\tcool\copter\copter_stm32\Output\Generic_STM32F103C6_fake_STM32F103C8\Debug\core\core.a(rcc.c.o)
                0x0800244a                rcc_turn_off_clk
 .text.rcc_is_clk_ready
                0x08002466       0x18 C:\Users\tcool\copter\copter_stm32\Output\Generic_STM32F103C6_fake_STM32F103C8\Debug\core\core.a(rcc.c.o)
                0x08002466                rcc_is_clk_ready
 *fill*         0x0800247e        0x2 
 .text.rcc_configure_pll
                0x08002480       0x18 C:\Users\tcool\copter\copter_stm32\Output\Generic_STM32F103C6_fake_STM32F103C8\Debug\core\core.a(rcc_f1.c.o)
                0x08002480                rcc_configure_pll
 .text.rcc_clk_enable
                0x08002498       0x30 C:\Users\tcool\copter\copter_stm32\Output\Generic_STM32F103C6_fake_STM32F103C8\Debug\core\core.a(rcc_f1.c.o)
                0x08002498                rcc_clk_enable
 .text.rcc_reset_dev
                0x080024c8       0x34 C:\Users\tcool\copter\copter_stm32\Output\Generic_STM32F103C6_fake_STM32F103C8\Debug\core\core.a(rcc_f1.c.o)
                0x080024c8                rcc_reset_dev
 .text.rcc_set_prescaler
                0x080024fc       0x20 C:\Users\tcool\copter\copter_stm32\Output\Generic_STM32F103C6_fake_STM32F103C8\Debug\core\core.a(rcc_f1.c.o)
                0x080024fc                rcc_set_prescaler
 .text.rcc_clk_disable
                0x0800251c       0x30 C:\Users\tcool\copter\copter_stm32\Output\Generic_STM32F103C6_fake_STM32F103C8\Debug\core\core.a(rcc_f1.c.o)
                0x0800251c                rcc_clk_disable
 .text          0x0800254c        0x2 C:\Users\tcool\copter\copter_stm32\Output\Generic_STM32F103C6_fake_STM32F103C8\Debug\core\core.a(isrs.S.o)
                0x0800254c                __stm32reservedexception9
                0x0800254c                __exc_debug_monitor
                0x0800254c                __exc_svc
                0x0800254c                __irq_can_rx1
                0x0800254c                __irq_spi2
                0x0800254c                __irq_can_sce
                0x0800254c                __irq_pvd
                0x0800254c                __irq_tamper
                0x0800254c                __default_handler
                0x0800254c                __irq_wwdg
                0x0800254c                __stm32reservedexception10
                0x0800254c                __irq_flash
                0x0800254c                __stm32reservedexception13
                0x0800254c                __irq_rtc
                0x0800254c                __irq_spi1
                0x0800254c                __stm32reservedexception7
                0x0800254c                __irq_usb_hp_can_tx
                0x0800254c                __irq_rtcalarm
                0x0800254c                __stm32reservedexception8
                0x0800254c                __exc_pendsv
                0x0800254c                __irq_usbwakeup
                0x0800254c                __irq_rcc
 *fill*         0x0800254e        0x2 
 .text.systick_init
                0x08002550       0x10 C:\Users\tcool\copter\copter_stm32\Output\Generic_STM32F103C6_fake_STM32F103C8\Debug\core\core.a(systick.c.o)
                0x08002550                systick_init
 .text.__exc_systick
                0x08002560       0x1c C:\Users\tcool\copter\copter_stm32\Output\Generic_STM32F103C6_fake_STM32F103C8\Debug\core\core.a(systick.c.o)
                0x08002560                __exc_systick
 .text.timer_oc_set_mode
                0x0800257c       0x3a C:\Users\tcool\copter\copter_stm32\Output\Generic_STM32F103C6_fake_STM32F103C8\Debug\core\core.a(timer.c.o)
 .text.dispatch_general
                0x080025b6       0x66 C:\Users\tcool\copter\copter_stm32\Output\Generic_STM32F103C6_fake_STM32F103C8\Debug\core\core.a(timer.c.o)
 .text.timer_cc_enable
                0x0800261c       0x1c C:\Users\tcool\copter\copter_stm32\Output\Generic_STM32F103C6_fake_STM32F103C8\Debug\core\core.a(timer.c.o)
 .text.timer_foreach
                0x08002638       0x28 C:\Users\tcool\copter\copter_stm32\Output\Generic_STM32F103C6_fake_STM32F103C8\Debug\core\core.a(timer.c.o)
                0x08002638                timer_foreach
 .text.timer_init
                0x08002660       0x14 C:\Users\tcool\copter\copter_stm32\Output\Generic_STM32F103C6_fake_STM32F103C8\Debug\core\core.a(timer.c.o)
                0x08002660                timer_init
 .text.timer_has_cc_channel
                0x08002674       0x30 C:\Users\tcool\copter\copter_stm32\Output\Generic_STM32F103C6_fake_STM32F103C8\Debug\core\core.a(timer.c.o)
                0x08002674                timer_has_cc_channel
 .text.timer_detach_interrupt
                0x080026a4       0x1e C:\Users\tcool\copter\copter_stm32\Output\Generic_STM32F103C6_fake_STM32F103C8\Debug\core\core.a(timer.c.o)
                0x080026a4                timer_detach_interrupt
 .text.input_capture_mode
                0x080026c2       0x1a C:\Users\tcool\copter\copter_stm32\Output\Generic_STM32F103C6_fake_STM32F103C8\Debug\core\core.a(timer.c.o)
                0x080026c2                input_capture_mode
 .text.timer_set_mode
                0x080026dc       0x8c C:\Users\tcool\copter\copter_stm32\Output\Generic_STM32F103C6_fake_STM32F103C8\Debug\core\core.a(timer.c.o)
                0x080026dc                timer_set_mode
 .text.__irq_tim1_brk
                0x08002768       0x24 C:\Users\tcool\copter\copter_stm32\Output\Generic_STM32F103C6_fake_STM32F103C8\Debug\core\core.a(timer.c.o)
                0x08002768                __irq_tim1_brk
 .text.__irq_tim1_up
                0x0800278c       0x24 C:\Users\tcool\copter\copter_stm32\Output\Generic_STM32F103C6_fake_STM32F103C8\Debug\core\core.a(timer.c.o)
                0x0800278c                __irq_tim1_up
 .text.__irq_tim1_trg_com
                0x080027b0       0x34 C:\Users\tcool\copter\copter_stm32\Output\Generic_STM32F103C6_fake_STM32F103C8\Debug\core\core.a(timer.c.o)
                0x080027b0                __irq_tim1_trg_com
 .text.__irq_tim1_cc
                0x080027e4       0x50 C:\Users\tcool\copter\copter_stm32\Output\Generic_STM32F103C6_fake_STM32F103C8\Debug\core\core.a(timer.c.o)
                0x080027e4                __irq_tim1_cc
 .text.__irq_tim2
                0x08002834        0xc C:\Users\tcool\copter\copter_stm32\Output\Generic_STM32F103C6_fake_STM32F103C8\Debug\core\core.a(timer.c.o)
                0x08002834                __irq_tim2
 .text.__irq_tim3
                0x08002840        0xc C:\Users\tcool\copter\copter_stm32\Output\Generic_STM32F103C6_fake_STM32F103C8\Debug\core\core.a(timer.c.o)
                0x08002840                __irq_tim3
 .text.__irq_tim4
                0x0800284c        0xc C:\Users\tcool\copter\copter_stm32\Output\Generic_STM32F103C6_fake_STM32F103C8\Debug\core\core.a(timer.c.o)
                0x0800284c                __irq_tim4
 .text.usart_init
                0x08002858       0x4c C:\Users\tcool\copter\copter_stm32\Output\Generic_STM32F103C6_fake_STM32F103C8\Debug\core\core.a(usart.c.o)
                0x08002858                usart_init
 .text.usart_enable
                0x080028a4       0x14 C:\Users\tcool\copter\copter_stm32\Output\Generic_STM32F103C6_fake_STM32F103C8\Debug\core\core.a(usart.c.o)
                0x080028a4                usart_enable
 .text.usart_tx
                0x080028b8       0x9c C:\Users\tcool\copter\copter_stm32\Output\Generic_STM32F103C6_fake_STM32F103C8\Debug\core\core.a(usart.c.o)
                0x080028b8                usart_tx
 .text.usart_irq
                0x08002954       0xc8 C:\Users\tcool\copter\copter_stm32\Output\Generic_STM32F103C6_fake_STM32F103C8\Debug\core\core.a(usart_f1.c.o)
 .text.usart_config_gpios_async
                0x08002a1c       0x4a C:\Users\tcool\copter\copter_stm32\Output\Generic_STM32F103C6_fake_STM32F103C8\Debug\core\core.a(usart_f1.c.o)
                0x08002a1c                usart_config_gpios_async
 .text.usart_set_baud_rate
                0x08002a66       0x3c C:\Users\tcool\copter\copter_stm32\Output\Generic_STM32F103C6_fake_STM32F103C8\Debug\core\core.a(usart_f1.c.o)
                0x08002a66                usart_set_baud_rate
 *fill*         0x08002aa2        0x2 
 .text.__irq_usart1
                0x08002aa4       0x18 C:\Users\tcool\copter\copter_stm32\Output\Generic_STM32F103C6_fake_STM32F103C8\Debug\core\core.a(usart_f1.c.o)
                0x08002aa4                __irq_usart1
 .text.__irq_usart2
                0x08002abc       0x18 C:\Users\tcool\copter\copter_stm32\Output\Generic_STM32F103C6_fake_STM32F103C8\Debug\core\core.a(usart_f1.c.o)
                0x08002abc                __irq_usart2
 .text.__irq_usart3
                0x08002ad4       0x18 C:\Users\tcool\copter\copter_stm32\Output\Generic_STM32F103C6_fake_STM32F103C8\Debug\core\core.a(usart_f1.c.o)
                0x08002ad4                __irq_usart3
 .text._usart_clock_freq
                0x08002aec       0x24 C:\Users\tcool\copter\copter_stm32\Output\Generic_STM32F103C6_fake_STM32F103C8\Debug\core\core.a(usart_private.c.o)
                0x08002aec                _usart_clock_freq
 .text.usb_resume
                0x08002b10       0xb4 C:\Users\tcool\copter\copter_stm32\Output\Generic_STM32F103C6_fake_STM32F103C8\Debug\core\core.a(usb.c.o)
 .text.usb_init_usblib
                0x08002bc4       0x48 C:\Users\tcool\copter\copter_stm32\Output\Generic_STM32F103C6_fake_STM32F103C8\Debug\core\core.a(usb.c.o)
                0x08002bc4                usb_init_usblib
 .text.__irq_usb_lp_can_rx0
                0x08002c0c      0x1c8 C:\Users\tcool\copter\copter_stm32\Output\Generic_STM32F103C6_fake_STM32F103C8\Debug\core\core.a(usb.c.o)
                0x08002c0c                __irq_usb_lp_can_rx0
 .text.usb_set_ep_rx_stat
                0x08002dd4       0x22 C:\Users\tcool\copter\copter_stm32\Output\Generic_STM32F103C6_fake_STM32F103C8\Debug\core\core.a(usb_cdcacm.c.o)
 *fill*         0x08002df6        0x2 
 .text.vcomGetSetLineCoding
                0x08002df8       0x18 C:\Users\tcool\copter\copter_stm32\Output\Generic_STM32F103C6_fake_STM32F103C8\Debug\core\core.a(usb_cdcacm.c.o)
 .text.usbDataSetup
                0x08002e10       0x54 C:\Users\tcool\copter\copter_stm32\Output\Generic_STM32F103C6_fake_STM32F103C8\Debug\core\core.a(usb_cdcacm.c.o)
 .text.usbNoDataSetup
                0x08002e64       0x50 C:\Users\tcool\copter\copter_stm32\Output\Generic_STM32F103C6_fake_STM32F103C8\Debug\core\core.a(usb_cdcacm.c.o)
 .text.usbGetInterfaceSetting
                0x08002eb4       0x10 C:\Users\tcool\copter\copter_stm32\Output\Generic_STM32F103C6_fake_STM32F103C8\Debug\core\core.a(usb_cdcacm.c.o)
 .text.usbSetConfiguration
                0x08002ec4       0x1c C:\Users\tcool\copter\copter_stm32\Output\Generic_STM32F103C6_fake_STM32F103C8\Debug\core\core.a(usb_cdcacm.c.o)
 .text.usbSetDeviceAddress
                0x08002ee0       0x10 C:\Users\tcool\copter\copter_stm32\Output\Generic_STM32F103C6_fake_STM32F103C8\Debug\core\core.a(usb_cdcacm.c.o)
 .text.usbGetStringDescriptor
                0x08002ef0       0x20 C:\Users\tcool\copter\copter_stm32\Output\Generic_STM32F103C6_fake_STM32F103C8\Debug\core\core.a(usb_cdcacm.c.o)
 .text.usbGetConfigDescriptor
                0x08002f10        0xc C:\Users\tcool\copter\copter_stm32\Output\Generic_STM32F103C6_fake_STM32F103C8\Debug\core\core.a(usb_cdcacm.c.o)
 .text.usbGetDeviceDescriptor
                0x08002f1c        0xc C:\Users\tcool\copter\copter_stm32\Output\Generic_STM32F103C6_fake_STM32F103C8\Debug\core\core.a(usb_cdcacm.c.o)
 .text.usbInit  0x08002f28       0x44 C:\Users\tcool\copter\copter_stm32\Output\Generic_STM32F103C6_fake_STM32F103C8\Debug\core\core.a(usb_cdcacm.c.o)
 .text.vcomDataTxCb
                0x08002f6c       0xa0 C:\Users\tcool\copter\copter_stm32\Output\Generic_STM32F103C6_fake_STM32F103C8\Debug\core\core.a(usb_cdcacm.c.o)
 .text.usbReset
                0x0800300c      0x160 C:\Users\tcool\copter\copter_stm32\Output\Generic_STM32F103C6_fake_STM32F103C8\Debug\core\core.a(usb_cdcacm.c.o)
 .text.vcomDataRxCb
                0x0800316c       0x7c C:\Users\tcool\copter\copter_stm32\Output\Generic_STM32F103C6_fake_STM32F103C8\Debug\core\core.a(usb_cdcacm.c.o)
 .text.usb_cdcacm_set_hooks
                0x080031e8       0x1c C:\Users\tcool\copter\copter_stm32\Output\Generic_STM32F103C6_fake_STM32F103C8\Debug\core\core.a(usb_cdcacm.c.o)
                0x080031e8                usb_cdcacm_set_hooks
 .text.usb_cdcacm_enable
                0x08003204       0x38 C:\Users\tcool\copter\copter_stm32\Output\Generic_STM32F103C6_fake_STM32F103C8\Debug\core\core.a(usb_cdcacm.c.o)
                0x08003204                usb_cdcacm_enable
 .text.usb_cdcacm_tx
                0x0800323c       0x60 C:\Users\tcool\copter\copter_stm32\Output\Generic_STM32F103C6_fake_STM32F103C8\Debug\core\core.a(usb_cdcacm.c.o)
                0x0800323c                usb_cdcacm_tx
 .text.usb_cdcacm_data_available
                0x0800329c       0x18 C:\Users\tcool\copter\copter_stm32\Output\Generic_STM32F103C6_fake_STM32F103C8\Debug\core\core.a(usb_cdcacm.c.o)
                0x0800329c                usb_cdcacm_data_available
 .text.usb_cdcacm_peek
                0x080032b4       0x38 C:\Users\tcool\copter\copter_stm32\Output\Generic_STM32F103C6_fake_STM32F103C8\Debug\core\core.a(usb_cdcacm.c.o)
                0x080032b4                usb_cdcacm_peek
 .text.usb_cdcacm_rx
                0x080032ec       0x34 C:\Users\tcool\copter\copter_stm32\Output\Generic_STM32F103C6_fake_STM32F103C8\Debug\core\core.a(usb_cdcacm.c.o)
                0x080032ec                usb_cdcacm_rx
 .text.usb_cdcacm_peek_ex
                0x08003320       0x40 C:\Users\tcool\copter\copter_stm32\Output\Generic_STM32F103C6_fake_STM32F103C8\Debug\core\core.a(usb_cdcacm.c.o)
                0x08003320                usb_cdcacm_peek_ex
 .text.usb_cdcacm_get_dtr
                0x08003360       0x10 C:\Users\tcool\copter\copter_stm32\Output\Generic_STM32F103C6_fake_STM32F103C8\Debug\core\core.a(usb_cdcacm.c.o)
                0x08003360                usb_cdcacm_get_dtr
 .text.usb_set_ep_rx_count
                0x08003370       0x4c C:\Users\tcool\copter\copter_stm32\Output\Generic_STM32F103C6_fake_STM32F103C8\Debug\core\core.a(usb_reg_map.c.o)
                0x08003370                usb_set_ep_rx_count
 .text.Standard_GetConfiguration
                0x080033bc       0x24 C:\Users\tcool\copter\copter_stm32\Output\Generic_STM32F103C6_fake_STM32F103C8\Debug\core\core.a(usb_core.c.o)
                0x080033bc                Standard_GetConfiguration
 .text.Standard_GetInterface
                0x080033e0       0x24 C:\Users\tcool\copter\copter_stm32\Output\Generic_STM32F103C6_fake_STM32F103C8\Debug\core\core.a(usb_core.c.o)
                0x080033e0                Standard_GetInterface
 .text.Standard_GetStatus
                0x08003404       0x90 C:\Users\tcool\copter\copter_stm32\Output\Generic_STM32F103C6_fake_STM32F103C8\Debug\core\core.a(usb_core.c.o)
                0x08003404                Standard_GetStatus
 .text.DataStageIn
                0x08003494       0xa8 C:\Users\tcool\copter\copter_stm32\Output\Generic_STM32F103C6_fake_STM32F103C8\Debug\core\core.a(usb_core.c.o)
 .text.Standard_SetConfiguration
                0x0800353c       0x38 C:\Users\tcool\copter\copter_stm32\Output\Generic_STM32F103C6_fake_STM32F103C8\Debug\core\core.a(usb_core.c.o)
                0x0800353c                Standard_SetConfiguration
 .text.Standard_SetInterface
                0x08003574       0x48 C:\Users\tcool\copter\copter_stm32\Output\Generic_STM32F103C6_fake_STM32F103C8\Debug\core\core.a(usb_core.c.o)
                0x08003574                Standard_SetInterface
 .text.Standard_ClearFeature
                0x080035bc       0xd0 C:\Users\tcool\copter\copter_stm32\Output\Generic_STM32F103C6_fake_STM32F103C8\Debug\core\core.a(usb_core.c.o)
                0x080035bc                Standard_ClearFeature
 .text.Standard_SetEndPointFeature
                0x0800368c       0x84 C:\Users\tcool\copter\copter_stm32\Output\Generic_STM32F103C6_fake_STM32F103C8\Debug\core\core.a(usb_core.c.o)
                0x0800368c                Standard_SetEndPointFeature
 .text.Standard_SetDeviceFeature
                0x08003710       0x24 C:\Users\tcool\copter\copter_stm32\Output\Generic_STM32F103C6_fake_STM32F103C8\Debug\core\core.a(usb_core.c.o)
                0x08003710                Standard_SetDeviceFeature
 .text.Standard_GetDescriptorData
                0x08003734       0x1c C:\Users\tcool\copter\copter_stm32\Output\Generic_STM32F103C6_fake_STM32F103C8\Debug\core\core.a(usb_core.c.o)
                0x08003734                Standard_GetDescriptorData
 .text.Post0_Process
                0x08003750       0x40 C:\Users\tcool\copter\copter_stm32\Output\Generic_STM32F103C6_fake_STM32F103C8\Debug\core\core.a(usb_core.c.o)
                0x08003750                Post0_Process
 .text.Setup0_Process
                0x08003790      0x2d0 C:\Users\tcool\copter\copter_stm32\Output\Generic_STM32F103C6_fake_STM32F103C8\Debug\core\core.a(usb_core.c.o)
                0x08003790                Setup0_Process
 .text.Out0_Process
                0x08003a60       0xc8 C:\Users\tcool\copter\copter_stm32\Output\Generic_STM32F103C6_fake_STM32F103C8\Debug\core\core.a(usb_core.c.o)
                0x08003a60                Out0_Process
 .text.SetDeviceAddress
                0x08003b28       0x38 C:\Users\tcool\copter\copter_stm32\Output\Generic_STM32F103C6_fake_STM32F103C8\Debug\core\core.a(usb_core.c.o)
                0x08003b28                SetDeviceAddress
 .text.In0_Process
                0x08003b60       0x5c C:\Users\tcool\copter\copter_stm32\Output\Generic_STM32F103C6_fake_STM32F103C8\Debug\core\core.a(usb_core.c.o)
                0x08003b60                In0_Process
 .text.NOP_Process
                0x08003bbc        0x2 C:\Users\tcool\copter\copter_stm32\Output\Generic_STM32F103C6_fake_STM32F103C8\Debug\core\core.a(usb_core.c.o)
                0x08003bbc                NOP_Process
 .text.UserToPMABufferCopy
                0x08003bbe       0x30 C:\Users\tcool\copter\copter_stm32\Output\Generic_STM32F103C6_fake_STM32F103C8\Debug\core\core.a(usb_mem.c.o)
                0x08003bbe                UserToPMABufferCopy
 .text.PMAToUserBufferCopy
                0x08003bee       0x32 C:\Users\tcool\copter\copter_stm32\Output\Generic_STM32F103C6_fake_STM32F103C8\Debug\core\core.a(usb_mem.c.o)
                0x08003bee                PMAToUserBufferCopy
 .text.SetEPTxStatus
                0x08003c20       0x2a C:\Users\tcool\copter\copter_stm32\Output\Generic_STM32F103C6_fake_STM32F103C8\Debug\core\core.a(usb_regs.c.o)
                0x08003c20                SetEPTxStatus
 .text.ClearDTOG_RX
                0x08003c4a       0x20 C:\Users\tcool\copter\copter_stm32\Output\Generic_STM32F103C6_fake_STM32F103C8\Debug\core\core.a(usb_regs.c.o)
                0x08003c4a                ClearDTOG_RX
 .text.ClearDTOG_TX
                0x08003c6a       0x20 C:\Users\tcool\copter\copter_stm32\Output\Generic_STM32F103C6_fake_STM32F103C8\Debug\core\core.a(usb_regs.c.o)
                0x08003c6a                ClearDTOG_TX
 *fill*         0x08003c8a        0x2 
 .text.GetEPTxAddr
                0x08003c8c       0x1c C:\Users\tcool\copter\copter_stm32\Output\Generic_STM32F103C6_fake_STM32F103C8\Debug\core\core.a(usb_regs.c.o)
                0x08003c8c                GetEPTxAddr
 .text.GetEPRxAddr
                0x08003ca8       0x1c C:\Users\tcool\copter\copter_stm32\Output\Generic_STM32F103C6_fake_STM32F103C8\Debug\core\core.a(usb_regs.c.o)
                0x08003ca8                GetEPRxAddr
 .text.SetEPTxCount
                0x08003cc4       0x1c C:\Users\tcool\copter\copter_stm32\Output\Generic_STM32F103C6_fake_STM32F103C8\Debug\core\core.a(usb_regs.c.o)
                0x08003cc4                SetEPTxCount
 .text.SetEPRxCount
                0x08003ce0       0x40 C:\Users\tcool\copter\copter_stm32\Output\Generic_STM32F103C6_fake_STM32F103C8\Debug\core\core.a(usb_regs.c.o)
                0x08003ce0                SetEPRxCount
 .text.throb    0x08003d20       0x4c C:\Users\tcool\copter\copter_stm32\Output\Generic_STM32F103C6_fake_STM32F103C8\Debug\core\core.a(util.c.o)
                0x08003d20                throb
 .text.__error  0x08003d6c       0x14 C:\Users\tcool\copter\copter_stm32\Output\Generic_STM32F103C6_fake_STM32F103C8\Debug\core\core.a(util.c.o)
                0x08003d6c                __error
 .text.startup._Z7premainv
                0x08003d80        0x4 C:\Users\tcool\copter\copter_stm32\Output\Generic_STM32F103C6_fake_STM32F103C8\Debug\core\core.a(main.cpp.o)
                0x08003d80                premain()
 .text.startup.main
                0x08003d84        0xc C:\Users\tcool\copter\copter_stm32\Output\Generic_STM32F103C6_fake_STM32F103C8\Debug\core\core.a(main.cpp.o)
                0x08003d84                main
 .text._Z8pwmWriteht
                0x08003d90       0x24 C:\Users\tcool\copter\copter_stm32\Output\Generic_STM32F103C6_fake_STM32F103C8\Debug\core\core.a(pwm.cpp.o)
                0x08003d90                pwmWrite(unsigned char, unsigned short)
 .text._Z7pinModeh13WiringPinMode
                0x08003db4       0x84 C:\Users\tcool\copter\copter_stm32\Output\Generic_STM32F103C6_fake_STM32F103C8\Debug\core\core.a(wirish_digital_f1.cpp.o)
                0x08003db4                pinMode(unsigned char, WiringPinMode)
 .text._ZN9USBSerial9availableEv
                0x08003e38        0x4 C:\Users\tcool\copter\copter_stm32\Output\Generic_STM32F103C6_fake_STM32F103C8\Debug\core\core.a(usb_serial.cpp.o)
                0x08003e38                USBSerial::available()
 .text._ZN9USBSerial4peekEv
                0x08003e3c       0x1e C:\Users\tcool\copter\copter_stm32\Output\Generic_STM32F103C6_fake_STM32F103C8\Debug\core\core.a(usb_serial.cpp.o)
                0x08003e3c                USBSerial::peek()
 .text._ZN9USBSerial4readEv
                0x08003e5a       0x1e C:\Users\tcool\copter\copter_stm32\Output\Generic_STM32F103C6_fake_STM32F103C8\Debug\core\core.a(usb_serial.cpp.o)
                0x08003e5a                USBSerial::read()
 .text._ZL14ifaceSetupHookjPv
                0x08003e78       0x38 C:\Users\tcool\copter\copter_stm32\Output\Generic_STM32F103C6_fake_STM32F103C8\Debug\core\core.a(usb_serial.cpp.o)
 .text._ZL6rxHookjPv
                0x08003eb0       0x6c C:\Users\tcool\copter\copter_stm32\Output\Generic_STM32F103C6_fake_STM32F103C8\Debug\core\core.a(usb_serial.cpp.o)
 .text._ZN9USBSerialC2Ev
                0x08003f1c       0x14 C:\Users\tcool\copter\copter_stm32\Output\Generic_STM32F103C6_fake_STM32F103C8\Debug\core\core.a(usb_serial.cpp.o)
                0x08003f1c                USBSerial::USBSerial()
                0x08003f1c                USBSerial::USBSerial()
 .text._ZN9USBSerial5beginEv
                0x08003f30       0x34 C:\Users\tcool\copter\copter_stm32\Output\Generic_STM32F103C6_fake_STM32F103C8\Debug\core\core.a(usb_serial.cpp.o)
                0x08003f30                USBSerial::begin()
 .text._ZN9USBSerial5writeEPKhm
                0x08003f64       0x4c C:\Users\tcool\copter\copter_stm32\Output\Generic_STM32F103C6_fake_STM32F103C8\Debug\core\core.a(usb_serial.cpp.o)
                0x08003f64                USBSerial::write(unsigned char const*, unsigned long)
 .text._ZN9USBSerial5writeEh
                0x08003fb0       0x16 C:\Users\tcool\copter\copter_stm32\Output\Generic_STM32F103C6_fake_STM32F103C8\Debug\core\core.a(usb_serial.cpp.o)
                0x08003fb0                USBSerial::write(unsigned char)
 .text._ZN9USBSerial5writeEPKc
                0x08003fc6       0x1a C:\Users\tcool\copter\copter_stm32\Output\Generic_STM32F103C6_fake_STM32F103C8\Debug\core\core.a(usb_serial.cpp.o)
                0x08003fc6                USBSerial::write(char const*)
 .text._ZN9USBSerial4readEPhm
                0x08003fe0       0x1c C:\Users\tcool\copter\copter_stm32\Output\Generic_STM32F103C6_fake_STM32F103C8\Debug\core\core.a(usb_serial.cpp.o)
                0x08003fe0                USBSerial::read(unsigned char*, unsigned long)
 .text._ZN9USBSerial5flushEv
                0x08003ffc       0x1c C:\Users\tcool\copter\copter_stm32\Output\Generic_STM32F103C6_fake_STM32F103C8\Debug\core\core.a(usb_serial.cpp.o)
                0x08003ffc                USBSerial::flush()
 .text.startup._GLOBAL__sub_I__ZN9USBSerial9_hasBegunE
                0x08004018        0xc C:\Users\tcool\copter\copter_stm32\Output\Generic_STM32F103C6_fake_STM32F103C8\Debug\core\core.a(usb_serial.cpp.o)
 .text._Z10analogReadh
                0x08004024       0x1c C:\Users\tcool\copter\copter_stm32\Output\Generic_STM32F103C6_fake_STM32F103C8\Debug\core\core.a(wirish_analog.cpp.o)
                0x08004024                analogRead(unsigned char)
 .text._Z11digitalReadh
                0x08004040       0x2c C:\Users\tcool\copter\copter_stm32\Output\Generic_STM32F103C6_fake_STM32F103C8\Debug\core\core.a(wirish_digital.cpp.o)
                0x08004040                digitalRead(unsigned char)
 .text._Z12digitalWritehh
                0x0800406c       0x2c C:\Users\tcool\copter\copter_stm32\Output\Generic_STM32F103C6_fake_STM32F103C8\Debug\core\core.a(wirish_digital.cpp.o)
                0x0800406c                digitalWrite(unsigned char, unsigned char)
 .text._ZL6microsv
                0x08004098       0x34 C:\Users\tcool\copter\copter_stm32\Output\Generic_STM32F103C6_fake_STM32F103C8\Debug\core\core.a(wirish_time.cpp.o)
 .text._Z5delaym
                0x080040cc       0x2a C:\Users\tcool\copter\copter_stm32\Output\Generic_STM32F103C6_fake_STM32F103C8\Debug\core\core.a(wirish_time.cpp.o)
                0x080040cc                delay(unsigned long)
 .text.__empty  0x080040f6        0x2 C:\Users\tcool\copter\copter_stm32\Output\Generic_STM32F103C6_fake_STM32F103C8\Debug\core\core.a(hooks.c.o)
                0x080040f6                yield
 .text.bkp_init
                0x080040f8       0x18 C:\Users\tcool\copter\copter_stm32\Output\Generic_STM32F103C6_fake_STM32F103C8\Debug\core\core.a(bkp_f1.c.o)
                0x080040f8                bkp_init
 .text.bkp_enable_writes
                0x08004110        0xc C:\Users\tcool\copter\copter_stm32\Output\Generic_STM32F103C6_fake_STM32F103C8\Debug\core\core.a(bkp_f1.c.o)
                0x08004110                bkp_enable_writes
 .text.bkp_disable_writes
                0x0800411c        0xc C:\Users\tcool\copter\copter_stm32\Output\Generic_STM32F103C6_fake_STM32F103C8\Debug\core\core.a(bkp_f1.c.o)
                0x0800411c                bkp_disable_writes
 .text.bkp_write
                0x08004128       0x16 C:\Users\tcool\copter\copter_stm32\Output\Generic_STM32F103C6_fake_STM32F103C8\Debug\core\core.a(bkp_f1.c.o)
                0x08004128                bkp_write
 .text.gpio_init
                0x0800413e       0x14 C:\Users\tcool\copter\copter_stm32\Output\Generic_STM32F103C6_fake_STM32F103C8\Debug\core\core.a(gpio.c.o)
                0x0800413e                gpio_init
 *fill*         0x08004152        0x2 
 .text          0x08004154      0x370 c:/users/tcool/appdata/local/arduino15/packages/arduino/tools/arm-none-eabi-gcc/4.8.3-2014q1/bin/../lib/gcc/arm-none-eabi/4.8.3/armv7-m\libgcc.a(_arm_addsubdf3.o)
                0x08004154                __aeabi_drsub
                0x0800415c                __aeabi_dsub
                0x0800415c                __subdf3
                0x08004160                __aeabi_dadd
                0x08004160                __adddf3
                0x080043d8                __floatunsidf
                0x080043d8                __aeabi_ui2d
                0x080043f8                __floatsidf
                0x080043f8                __aeabi_i2d
                0x0800441c                __aeabi_f2d
                0x0800441c                __extendsfdf2
                0x08004458                __floatundidf
                0x08004458                __aeabi_ul2d
                0x08004468                __floatdidf
                0x08004468                __aeabi_l2d
 .text          0x080044c4      0x424 c:/users/tcool/appdata/local/arduino15/packages/arduino/tools/arm-none-eabi-gcc/4.8.3-2014q1/bin/../lib/gcc/arm-none-eabi/4.8.3/armv7-m\libgcc.a(_arm_muldivdf3.o)
                0x080044c4                __aeabi_dmul
                0x080044c4                __muldf3
                0x08004718                __divdf3
                0x08004718                __aeabi_ddiv
 .text          0x080048e8       0xa0 c:/users/tcool/appdata/local/arduino15/packages/arduino/tools/arm-none-eabi-gcc/4.8.3-2014q1/bin/../lib/gcc/arm-none-eabi/4.8.3/armv7-m\libgcc.a(_arm_truncdfsf2.o)
                0x080048e8                __truncdfsf2
                0x080048e8                __aeabi_d2f
 .text          0x08004988      0x21c c:/users/tcool/appdata/local/arduino15/packages/arduino/tools/arm-none-eabi-gcc/4.8.3-2014q1/bin/../lib/gcc/arm-none-eabi/4.8.3/armv7-m\libgcc.a(_arm_addsubsf3.o)
                0x08004988                __aeabi_frsub
                0x08004990                __subsf3
                0x08004990                __aeabi_fsub
                0x08004994                __aeabi_fadd
                0x08004994                __addsf3
                0x08004af4                __aeabi_ui2f
                0x08004af4                __floatunsisf
                0x08004afc                __aeabi_i2f
                0x08004afc                __floatsisf
                0x08004b18                __aeabi_ul2f
                0x08004b18                __floatundisf
                0x08004b28                __aeabi_l2f
                0x08004b28                __floatdisf
 .text          0x08004ba4      0x2a0 c:/users/tcool/appdata/local/arduino15/packages/arduino/tools/arm-none-eabi-gcc/4.8.3-2014q1/bin/../lib/gcc/arm-none-eabi/4.8.3/armv7-m\libgcc.a(_arm_muldivsf3.o)
                0x08004ba4                __mulsf3
                0x08004ba4                __aeabi_fmul
                0x08004d0c                __aeabi_fdiv
                0x08004d0c                __divsf3
 .text          0x08004e44       0xec c:/users/tcool/appdata/local/arduino15/packages/arduino/tools/arm-none-eabi-gcc/4.8.3-2014q1/bin/../lib/gcc/arm-none-eabi/4.8.3/armv7-m\libgcc.a(_arm_cmpsf2.o)
                0x08004e44                __gesf2
                0x08004e44                __gtsf2
                0x08004e4c                __lesf2
                0x08004e4c                __ltsf2
                0x08004e54                __nesf2
                0x08004e54                __eqsf2
                0x08004e54                __cmpsf2
                0x08004eb4                __aeabi_cfrcmple
                0x08004ebc                __aeabi_cfcmpeq
                0x08004ebc                __aeabi_cfcmple
                0x08004ecc                __aeabi_fcmpeq
                0x08004ee0                __aeabi_fcmplt
                0x08004ef4                __aeabi_fcmple
                0x08004f08                __aeabi_fcmpge
                0x08004f1c                __aeabi_fcmpgt
 .text          0x08004f30       0x40 c:/users/tcool/appdata/local/arduino15/packages/arduino/tools/arm-none-eabi-gcc/4.8.3-2014q1/bin/../lib/gcc/arm-none-eabi/4.8.3/armv7-m\libgcc.a(_arm_fixunssfsi.o)
                0x08004f30                __fixunssfsi
                0x08004f30                __aeabi_f2uiz
 .text.__errno  0x08004f70        0xc c:/users/tcool/appdata/local/arduino15/packages/arduino/tools/arm-none-eabi-gcc/4.8.3-2014q1/bin/../lib/gcc/arm-none-eabi/4.8.3/../../../../arm-none-eabi/lib/armv7-m\libc.a(lib_a-errno.o)
                0x08004f70                __errno
 .text.__libc_init_array
                0x08004f7c       0x50 c:/users/tcool/appdata/local/arduino15/packages/arduino/tools/arm-none-eabi-gcc/4.8.3-2014q1/bin/../lib/gcc/arm-none-eabi/4.8.3/../../../../arm-none-eabi/lib/armv7-m\libc.a(lib_a-init.o)
                0x08004f7c                __libc_init_array
 .text.malloc   0x08004fcc       0x10 c:/users/tcool/appdata/local/arduino15/packages/arduino/tools/arm-none-eabi-gcc/4.8.3-2014q1/bin/../lib/gcc/arm-none-eabi/4.8.3/../../../../arm-none-eabi/lib/armv7-m\libc.a(lib_a-malloc.o)
                0x08004fcc                malloc
 .text._malloc_r
                0x08004fdc      0x538 c:/users/tcool/appdata/local/arduino15/packages/arduino/tools/arm-none-eabi-gcc/4.8.3-2014q1/bin/../lib/gcc/arm-none-eabi/4.8.3/../../../../arm-none-eabi/lib/armv7-m\libc.a(lib_a-mallocr.o)
                0x08004fdc                _malloc_r
 .text          0x08005514       0xec c:/users/tcool/appdata/local/arduino15/packages/arduino/tools/arm-none-eabi-gcc/4.8.3-2014q1/bin/../lib/gcc/arm-none-eabi/4.8.3/../../../../arm-none-eabi/lib/armv7-m\libc.a(lib_a-memcpy.o)
                0x08005514                memcpy
 .text.memmove  0x08005600       0xcc c:/users/tcool/appdata/local/arduino15/packages/arduino/tools/arm-none-eabi-gcc/4.8.3-2014q1/bin/../lib/gcc/arm-none-eabi/4.8.3/../../../../arm-none-eabi/lib/armv7-m\libc.a(lib_a-memmove.o)
                0x08005600                memmove
 .text.memset   0x080056cc       0x94 c:/users/tcool/appdata/local/arduino15/packages/arduino/tools/arm-none-eabi-gcc/4.8.3-2014q1/bin/../lib/gcc/arm-none-eabi/4.8.3/../../../../arm-none-eabi/lib/armv7-m\libc.a(lib_a-memset.o)
                0x080056cc                memset
 .text.__malloc_lock
                0x08005760        0x4 c:/users/tcool/appdata/local/arduino15/packages/arduino/tools/arm-none-eabi-gcc/4.8.3-2014q1/bin/../lib/gcc/arm-none-eabi/4.8.3/../../../../arm-none-eabi/lib/armv7-m\libc.a(lib_a-mlock.o)
                0x08005760                __malloc_lock
 .text.__malloc_unlock
                0x08005764        0x4 c:/users/tcool/appdata/local/arduino15/packages/arduino/tools/arm-none-eabi-gcc/4.8.3-2014q1/bin/../lib/gcc/arm-none-eabi/4.8.3/../../../../arm-none-eabi/lib/armv7-m\libc.a(lib_a-mlock.o)
                0x08005764                __malloc_unlock
 .text.realloc  0x08005768       0x10 c:/users/tcool/appdata/local/arduino15/packages/arduino/tools/arm-none-eabi-gcc/4.8.3-2014q1/bin/../lib/gcc/arm-none-eabi/4.8.3/../../../../arm-none-eabi/lib/armv7-m\libc.a(lib_a-realloc.o)
                0x08005768                realloc
 .text._realloc_r
                0x08005778      0x3c0 c:/users/tcool/appdata/local/arduino15/packages/arduino/tools/arm-none-eabi-gcc/4.8.3-2014q1/bin/../lib/gcc/arm-none-eabi/4.8.3/../../../../arm-none-eabi/lib/armv7-m\libc.a(lib_a-reallocr.o)
                0x08005778                _realloc_r
 .text._sbrk_r  0x08005b38       0x24 c:/users/tcool/appdata/local/arduino15/packages/arduino/tools/arm-none-eabi-gcc/4.8.3-2014q1/bin/../lib/gcc/arm-none-eabi/4.8.3/../../../../arm-none-eabi/lib/armv7-m\libc.a(lib_a-sbrkr.o)
                0x08005b38                _sbrk_r
 .text.strlen   0x08005b5c       0x60 c:/users/tcool/appdata/local/arduino15/packages/arduino/tools/arm-none-eabi-gcc/4.8.3-2014q1/bin/../lib/gcc/arm-none-eabi/4.8.3/../../../../arm-none-eabi/lib/armv7-m\libc.a(lib_a-strlen.o)
                0x08005b5c                strlen
 .text.startup.register_fini
                0x08005bbc       0x14 c:/users/tcool/appdata/local/arduino15/packages/arduino/tools/arm-none-eabi-gcc/4.8.3-2014q1/bin/../lib/gcc/arm-none-eabi/4.8.3/../../../../arm-none-eabi/lib/armv7-m\libc.a(lib_a-__call_atexit.o)
 .text.atexit   0x08005bd0        0xc c:/users/tcool/appdata/local/arduino15/packages/arduino/tools/arm-none-eabi-gcc/4.8.3-2014q1/bin/../lib/gcc/arm-none-eabi/4.8.3/../../../../arm-none-eabi/lib/armv7-m\libc.a(lib_a-atexit.o)
                0x08005bd0                atexit
 .text.__libc_fini_array
                0x08005bdc       0x30 c:/users/tcool/appdata/local/arduino15/packages/arduino/tools/arm-none-eabi-gcc/4.8.3-2014q1/bin/../lib/gcc/arm-none-eabi/4.8.3/../../../../arm-none-eabi/lib/armv7-m\libc.a(lib_a-fini.o)
                0x08005bdc                __libc_fini_array
 .text._malloc_trim_r
                0x08005c0c       0x9c c:/users/tcool/appdata/local/arduino15/packages/arduino/tools/arm-none-eabi-gcc/4.8.3-2014q1/bin/../lib/gcc/arm-none-eabi/4.8.3/../../../../arm-none-eabi/lib/armv7-m\libc.a(lib_a-freer.o)
                0x08005c0c                _malloc_trim_r
 .text._free_r  0x08005ca8      0x198 c:/users/tcool/appdata/local/arduino15/packages/arduino/tools/arm-none-eabi-gcc/4.8.3-2014q1/bin/../lib/gcc/arm-none-eabi/4.8.3/../../../../arm-none-eabi/lib/armv7-m\libc.a(lib_a-freer.o)
                0x08005ca8                _free_r
 .text.__register_exitproc
                0x08005e40       0xa8 c:/users/tcool/appdata/local/arduino15/packages/arduino/tools/arm-none-eabi-gcc/4.8.3-2014q1/bin/../lib/gcc/arm-none-eabi/4.8.3/../../../../arm-none-eabi/lib/armv7-m\libc.a(lib_a-__atexit.o)
                0x08005e40                __register_exitproc
 *(.plt)
 *(.gnu.warning)
 *(.glue_7t)
 .glue_7t       0x00000000        0x0 linker stubs
 *(.glue_7)
 .glue_7        0x00000000        0x0 linker stubs
 *(.vfp11_veneer)
 .vfp11_veneer  0x00000000        0x0 linker stubs
 *(.ARM.extab* .gnu.linkonce.armextab.*)
 *(.gcc_except_table)
 *(.eh_frame_hdr)
 *(.eh_frame)
 .eh_frame      0x08005ee8        0x0 c:/users/tcool/appdata/local/arduino15/packages/arduino/tools/arm-none-eabi-gcc/4.8.3-2014q1/bin/../lib/gcc/arm-none-eabi/4.8.3/armv7-m/crtbegin.o
                0x08005ee8                . = ALIGN (0x4)
 *(.init)
 .init          0x08005ee8        0x4 c:/users/tcool/appdata/local/arduino15/packages/arduino/tools/arm-none-eabi-gcc/4.8.3-2014q1/bin/../lib/gcc/arm-none-eabi/4.8.3/armv7-m/crti.o
                0x08005ee8                _init
 .init          0x08005eec        0x8 c:/users/tcool/appdata/local/arduino15/packages/arduino/tools/arm-none-eabi-gcc/4.8.3-2014q1/bin/../lib/gcc/arm-none-eabi/4.8.3/armv7-m/crtn.o
                0x08005ef4                . = ALIGN (0x4)
                0x08005ef4                __preinit_array_start = .
 *(.preinit_array)
                0x08005ef4                __preinit_array_end = .
                0x08005ef4                . = ALIGN (0x4)
                0x08005ef4                __init_array_start = .
 *(SORT(.init_array.*))
 .init_array.00000
                0x08005ef4        0x4 c:/users/tcool/appdata/local/arduino15/packages/arduino/tools/arm-none-eabi-gcc/4.8.3-2014q1/bin/../lib/gcc/arm-none-eabi/4.8.3/../../../../arm-none-eabi/lib/armv7-m\libc.a(lib_a-__call_atexit.o)
 .init_array.00101
                0x08005ef8        0x4 C:\Users\tcool\copter\copter_stm32\Output\Generic_STM32F103C6_fake_STM32F103C8\Debug\core\core.a(main.cpp.o)
 *(.init_array)
 .init_array    0x08005efc        0x4 c:/users/tcool/appdata/local/arduino15/packages/arduino/tools/arm-none-eabi-gcc/4.8.3-2014q1/bin/../lib/gcc/arm-none-eabi/4.8.3/armv7-m/crtbegin.o
 .init_array    0x08005f00        0x4 C:\Users\tcool\copter\copter_stm32\Output\Generic_STM32F103C6_fake_STM32F103C8\Debug\libraries\WireSlave\Wire_slave.cpp.o
 .init_array    0x08005f04        0x4 C:\Users\tcool\copter\copter_stm32\Output\Generic_STM32F103C6_fake_STM32F103C8\Debug\core\board.cpp.o
 .init_array    0x08005f08        0x4 C:\Users\tcool\copter\copter_stm32\Output\Generic_STM32F103C6_fake_STM32F103C8\Debug\core\core.a(HardwareTimer.cpp.o)
 .init_array    0x08005f0c        0x4 C:\Users\tcool\copter\copter_stm32\Output\Generic_STM32F103C6_fake_STM32F103C8\Debug\core\core.a(usb_serial.cpp.o)
                0x08005f10                __init_array_end = .
                0x08005f10                . = ALIGN (0x4)
 *crtbegin.o(.ctors)
 *(EXCLUDE_FILE(*crtend.o) .ctors)
 *(SORT(.ctors.*))
 *crtend.o(.ctors)
                0x08005f10                . = ALIGN (0x4)
 *(.fini)
 .fini          0x08005f10        0x4 c:/users/tcool/appdata/local/arduino15/packages/arduino/tools/arm-none-eabi-gcc/4.8.3-2014q1/bin/../lib/gcc/arm-none-eabi/4.8.3/armv7-m/crti.o
                0x08005f10                _fini
 .fini          0x08005f14        0x8 c:/users/tcool/appdata/local/arduino15/packages/arduino/tools/arm-none-eabi-gcc/4.8.3-2014q1/bin/../lib/gcc/arm-none-eabi/4.8.3/armv7-m/crtn.o
                0x08005f1c                . = ALIGN (0x4)
                0x08005f1c                __fini_array_start = .
 *(.fini_array)
 .fini_array    0x08005f1c        0x4 c:/users/tcool/appdata/local/arduino15/packages/arduino/tools/arm-none-eabi-gcc/4.8.3-2014q1/bin/../lib/gcc/arm-none-eabi/4.8.3/armv7-m/crtbegin.o
 *(SORT(.fini_array.*))
                0x08005f20                __fini_array_end = .
 *crtbegin.o(.dtors)
 *(EXCLUDE_FILE(*crtend.o) .dtors)
 *(SORT(.dtors.*))
 *crtend.o(.dtors)

.v4_bx          0x08005f20        0x0
 .v4_bx         0x00000000        0x0 linker stubs

.iplt           0x08005f20        0x0
 .iplt          0x00000000        0x0 c:/users/tcool/appdata/local/arduino15/packages/arduino/tools/arm-none-eabi-gcc/4.8.3-2014q1/bin/../lib/gcc/arm-none-eabi/4.8.3/armv7-m/crtbegin.o

.text.align     0x08005f20        0x0
                0x08005f20                . = ALIGN (0x8)
                0x08005f20                __text_end__ = .
                0x08005f20                __exidx_start = .

.ARM.exidx      0x08005f20        0x8
 *(.ARM.exidx* .gnu.linkonce.armexidx.*)
 .ARM.exidx     0x08005f20        0x8 C:\Users\tcool\copter\copter_stm32\Output\Generic_STM32F103C6_fake_STM32F103C8\Debug\core\wirish\start.S.o
                0x08005f28                __exidx_end = .

.data           0x20000000      0xd40 load address 0x08005f28
                0x20000000                __data_start__ = .
                0x20000000        0x4 LONG 0x0
                0x20000008                . = ALIGN (0x8)
 *fill*         0x20000004        0x4 
 *(.got.plt)
 *(.got)
 *(.data .data.* .gnu.linkonce.d.*)
 .data.old_gps_c
                0x20000008        0x1 C:\Users\tcool\copter\copter_stm32\Output\Generic_STM32F103C6_fake_STM32F103C8\Debug\sketch\copter_stm32.ino.cpp.o
                0x20000008                old_gps_c
 .data.S4       0x20000009        0x1 C:\Users\tcool\copter\copter_stm32\Output\Generic_STM32F103C6_fake_STM32F103C8\Debug\sketch\copter_stm32.ino.cpp.o
                0x20000009                S4
 .data.old_beep_code
                0x2000000a        0x1 C:\Users\tcool\copter\copter_stm32\Output\Generic_STM32F103C6_fake_STM32F103C8\Debug\sketch\copter_stm32.ino.cpp.o
                0x2000000a                old_beep_code
 .data.gps_cnt  0x2000000b        0x1 C:\Users\tcool\copter\copter_stm32\Output\Generic_STM32F103C6_fake_STM32F103C8\Debug\sketch\copter_stm32.ino.cpp.o
                0x2000000b                gps_cnt
 .data.old_cnt_req
                0x2000000c        0x1 C:\Users\tcool\copter\copter_stm32\Output\Generic_STM32F103C6_fake_STM32F103C8\Debug\sketch\copter_stm32.ino.cpp.o
                0x2000000c                old_cnt_req
 .data.reg      0x2000000d        0x1 C:\Users\tcool\copter\copter_stm32\Output\Generic_STM32F103C6_fake_STM32F103C8\Debug\sketch\copter_stm32.ino.cpp.o
                0x2000000d                reg
 .data.old_cnt_res
                0x2000000e        0x1 C:\Users\tcool\copter\copter_stm32\Output\Generic_STM32F103C6_fake_STM32F103C8\Debug\sketch\copter_stm32.ino.cpp.o
                0x2000000e                old_cnt_res
 .data.pi_copter_color
                0x2000000f       0x18 C:\Users\tcool\copter\copter_stm32\Output\Generic_STM32F103C6_fake_STM32F103C8\Debug\sketch\copter_stm32.ino.cpp.o
                0x2000000f                pi_copter_color
 .data.col      0x20000027        0x6 C:\Users\tcool\copter\copter_stm32\Output\Generic_STM32F103C6_fake_STM32F103C8\Debug\sketch\copter_stm32.ino.cpp.o
                0x20000027                col
 .data.do_sound
                0x2000002d        0x1 C:\Users\tcool\copter\copter_stm32\Output\Generic_STM32F103C6_fake_STM32F103C8\Debug\sketch\copter_stm32.ino.cpp.o
                0x2000002d                do_sound
 .data.disconnected
                0x2000002e        0x1 C:\Users\tcool\copter\copter_stm32\Output\Generic_STM32F103C6_fake_STM32F103C8\Debug\sketch\copter_stm32.ino.cpp.o
                0x2000002e                disconnected
 .data.beeps_coder
                0x2000002f       0x10 C:\Users\tcool\copter\copter_stm32\Output\Generic_STM32F103C6_fake_STM32F103C8\Debug\sketch\copter_stm32.ino.cpp.o
                0x2000002f                beeps_coder
 .data.RMC_d    0x2000003f        0xb C:\Users\tcool\copter\copter_stm32\Output\Generic_STM32F103C6_fake_STM32F103C8\Debug\sketch\gps.cpp.o
                0x2000003f                RMC_d
 .data.VTG_d    0x2000004a        0xb C:\Users\tcool\copter\copter_stm32\Output\Generic_STM32F103C6_fake_STM32F103C8\Debug\sketch\gps.cpp.o
                0x2000004a                VTG_d
 .data.ghz10    0x20000055       0x16 C:\Users\tcool\copter\copter_stm32\Output\Generic_STM32F103C6_fake_STM32F103C8\Debug\sketch\gps.cpp.o
                0x20000055                ghz10
 .data.GGA_d    0x2000006b        0xb C:\Users\tcool\copter\copter_stm32\Output\Generic_STM32F103C6_fake_STM32F103C8\Debug\sketch\gps.cpp.o
                0x2000006b                GGA_d
 .data.GLL_d    0x20000076        0xb C:\Users\tcool\copter\copter_stm32\Output\Generic_STM32F103C6_fake_STM32F103C8\Debug\sketch\gps.cpp.o
                0x20000076                GLL_d
 .data.GSA_d    0x20000081        0xb C:\Users\tcool\copter\copter_stm32\Output\Generic_STM32F103C6_fake_STM32F103C8\Debug\sketch\gps.cpp.o
                0x20000081                GSA_d
 .data.POSLLH   0x2000008c        0xb C:\Users\tcool\copter\copter_stm32\Output\Generic_STM32F103C6_fake_STM32F103C8\Debug\sketch\gps.cpp.o
                0x2000008c                POSLLH
 .data.GSV_d    0x20000097        0xb C:\Users\tcool\copter\copter_stm32\Output\Generic_STM32F103C6_fake_STM32F103C8\Debug\sketch\gps.cpp.o
                0x20000097                GSV_d
 *fill*         0x200000a2        0x2 
 .data._ZN6wirish4privL8pll_dataE
                0x200000a4        0x4 C:\Users\tcool\copter\copter_stm32\Output\Generic_STM32F103C6_fake_STM32F103C8\Debug\core\wirish\boards_setup.cpp.o
 .data._ZN6wirish4priv9w_adc_smpE
                0x200000a8        0x1 C:\Users\tcool\copter\copter_stm32\Output\Generic_STM32F103C6_fake_STM32F103C8\Debug\core\wirish\boards_setup.cpp.o
                0x200000a8                wirish::priv::w_adc_smp
 *fill*         0x200000a9        0x1 
 .data._ZN6wirish4priv9w_adc_preE
                0x200000aa        0x2 C:\Users\tcool\copter\copter_stm32\Output\Generic_STM32F103C6_fake_STM32F103C8\Debug\core\wirish\boards_setup.cpp.o
                0x200000aa                wirish::priv::w_adc_pre
 .data._ZN6wirish4priv15w_board_pll_cfgE
                0x200000ac        0x8 C:\Users\tcool\copter\copter_stm32\Output\Generic_STM32F103C6_fake_STM32F103C8\Debug\core\wirish\boards_setup.cpp.o
                0x200000ac                wirish::priv::w_board_pll_cfg
 .data.adc2     0x200000b4        0x8 C:\Users\tcool\copter\copter_stm32\Output\Generic_STM32F103C6_fake_STM32F103C8\Debug\core\core.a(adc_f1.c.o)
                0x200000b4                adc2
 .data.adc1     0x200000bc       0x18 C:\Users\tcool\copter\copter_stm32\Output\Generic_STM32F103C6_fake_STM32F103C8\Debug\core\core.a(adc_f1.c.o)
                0x200000bc                adc1
 .data.ADC2     0x200000d4        0x4 C:\Users\tcool\copter\copter_stm32\Output\Generic_STM32F103C6_fake_STM32F103C8\Debug\core\core.a(adc_f1.c.o)
                0x200000d4                ADC2
 .data.ADC1     0x200000d8        0x4 C:\Users\tcool\copter\copter_stm32\Output\Generic_STM32F103C6_fake_STM32F103C8\Debug\core\core.a(adc_f1.c.o)
                0x200000d8                ADC1
 .data.dma1     0x200000dc       0x40 C:\Users\tcool\copter\copter_stm32\Output\Generic_STM32F103C6_fake_STM32F103C8\Debug\core\core.a(dma_f1.c.o)
 .data.DMA1     0x2000011c        0x4 C:\Users\tcool\copter\copter_stm32\Output\Generic_STM32F103C6_fake_STM32F103C8\Debug\core\core.a(dma_f1.c.o)
                0x2000011c                DMA1
 .data.gpioa    0x20000120        0x8 C:\Users\tcool\copter\copter_stm32\Output\Generic_STM32F103C6_fake_STM32F103C8\Debug\core\core.a(gpio_f1.c.o)
                0x20000120                gpioa
 .data.gpiob    0x20000128        0x8 C:\Users\tcool\copter\copter_stm32\Output\Generic_STM32F103C6_fake_STM32F103C8\Debug\core\core.a(gpio_f1.c.o)
                0x20000128                gpiob
 .data.gpioc    0x20000130        0x8 C:\Users\tcool\copter\copter_stm32\Output\Generic_STM32F103C6_fake_STM32F103C8\Debug\core\core.a(gpio_f1.c.o)
                0x20000130                gpioc
 .data.gpiod    0x20000138        0x8 C:\Users\tcool\copter\copter_stm32\Output\Generic_STM32F103C6_fake_STM32F103C8\Debug\core\core.a(gpio_f1.c.o)
                0x20000138                gpiod
 .data.i2c1     0x20000140       0x38 C:\Users\tcool\copter\copter_stm32\Output\Generic_STM32F103C6_fake_STM32F103C8\Debug\core\core.a(i2c_f1.c.o)
 .data.i2c2     0x20000178       0x38 C:\Users\tcool\copter\copter_stm32\Output\Generic_STM32F103C6_fake_STM32F103C8\Debug\core\core.a(i2c_f1.c.o)
 .data.enable_regs.4411
                0x200001b0        0xc C:\Users\tcool\copter\copter_stm32\Output\Generic_STM32F103C6_fake_STM32F103C8\Debug\core\core.a(rcc_f1.c.o)
 .data.reset_regs.4415
                0x200001bc        0x8 C:\Users\tcool\copter\copter_stm32\Output\Generic_STM32F103C6_fake_STM32F103C8\Debug\core\core.a(rcc_f1.c.o)
 .data.enable_regs.4424
                0x200001c4        0xc C:\Users\tcool\copter\copter_stm32\Output\Generic_STM32F103C6_fake_STM32F103C8\Debug\core\core.a(rcc_f1.c.o)
 .data.timer3   0x200001d0       0x24 C:\Users\tcool\copter\copter_stm32\Output\Generic_STM32F103C6_fake_STM32F103C8\Debug\core\core.a(timer.c.o)
                0x200001d0                timer3
 .data.timer4   0x200001f4       0x24 C:\Users\tcool\copter\copter_stm32\Output\Generic_STM32F103C6_fake_STM32F103C8\Debug\core\core.a(timer.c.o)
                0x200001f4                timer4
 .data.timer1   0x20000218       0x28 C:\Users\tcool\copter\copter_stm32\Output\Generic_STM32F103C6_fake_STM32F103C8\Debug\core\core.a(timer.c.o)
                0x20000218                timer1
 .data.timer2   0x20000240       0x24 C:\Users\tcool\copter\copter_stm32\Output\Generic_STM32F103C6_fake_STM32F103C8\Debug\core\core.a(timer.c.o)
                0x20000240                timer2
 .data.USART1   0x20000264        0x4 C:\Users\tcool\copter\copter_stm32\Output\Generic_STM32F103C6_fake_STM32F103C8\Debug\core\core.a(usart_f1.c.o)
                0x20000264                USART1
 .data.USART2   0x20000268        0x4 C:\Users\tcool\copter\copter_stm32\Output\Generic_STM32F103C6_fake_STM32F103C8\Debug\core\core.a(usart_f1.c.o)
                0x20000268                USART2
 .data.USART3   0x2000026c        0x4 C:\Users\tcool\copter\copter_stm32\Output\Generic_STM32F103C6_fake_STM32F103C8\Debug\core\core.a(usart_f1.c.o)
                0x2000026c                USART3
 .data.usart1   0x20000270       0x94 C:\Users\tcool\copter\copter_stm32\Output\Generic_STM32F103C6_fake_STM32F103C8\Debug\core\core.a(usart_f1.c.o)
 .data.usart2   0x20000304       0x94 C:\Users\tcool\copter\copter_stm32\Output\Generic_STM32F103C6_fake_STM32F103C8\Debug\core\core.a(usart_f1.c.o)
 .data.usart3   0x20000398       0x94 C:\Users\tcool\copter\copter_stm32\Output\Generic_STM32F103C6_fake_STM32F103C8\Debug\core\core.a(usart_f1.c.o)
 .data.USBLIB   0x2000042c        0x4 C:\Users\tcool\copter\copter_stm32\Output\Generic_STM32F103C6_fake_STM32F103C8\Debug\core\core.a(usb.c.o)
                0x2000042c                USBLIB
 .data.usblib   0x20000430       0x10 C:\Users\tcool\copter\copter_stm32\Output\Generic_STM32F103C6_fake_STM32F103C8\Debug\core\core.a(usb.c.o)
 .data.Config_Descriptor
                0x20000440        0x8 C:\Users\tcool\copter\copter_stm32\Output\Generic_STM32F103C6_fake_STM32F103C8\Debug\core\core.a(usb_cdcacm.c.o)
 .data.Device_Property
                0x20000448       0x30 C:\Users\tcool\copter\copter_stm32\Output\Generic_STM32F103C6_fake_STM32F103C8\Debug\core\core.a(usb_cdcacm.c.o)
                0x20000448                Device_Property
 .data.ep_int_in
                0x20000478       0x1c C:\Users\tcool\copter\copter_stm32\Output\Generic_STM32F103C6_fake_STM32F103C8\Debug\core\core.a(usb_cdcacm.c.o)
 .data.String_Descriptor
                0x20000494       0x18 C:\Users\tcool\copter\copter_stm32\Output\Generic_STM32F103C6_fake_STM32F103C8\Debug\core\core.a(usb_cdcacm.c.o)
 .data.ep_int_out
                0x200004ac       0x1c C:\Users\tcool\copter\copter_stm32\Output\Generic_STM32F103C6_fake_STM32F103C8\Debug\core\core.a(usb_cdcacm.c.o)
 .data.line_coding
                0x200004c8        0x7 C:\Users\tcool\copter\copter_stm32\Output\Generic_STM32F103C6_fake_STM32F103C8\Debug\core\core.a(usb_cdcacm.c.o)
 *fill*         0x200004cf        0x1 
 .data.User_Standard_Requests
                0x200004d0       0x24 C:\Users\tcool\copter\copter_stm32\Output\Generic_STM32F103C6_fake_STM32F103C8\Debug\core\core.a(usb_cdcacm.c.o)
                0x200004d0                User_Standard_Requests
 .data.Device_Descriptor
                0x200004f4        0x8 C:\Users\tcool\copter\copter_stm32\Output\Generic_STM32F103C6_fake_STM32F103C8\Debug\core\core.a(usb_cdcacm.c.o)
 .data.Device_Table
                0x200004fc        0x2 C:\Users\tcool\copter\copter_stm32\Output\Generic_STM32F103C6_fake_STM32F103C8\Debug\core\core.a(usb_cdcacm.c.o)
                0x200004fc                Device_Table
 *fill*         0x200004fe        0x2 
 .data.impure_data
                0x20000500      0x428 c:/users/tcool/appdata/local/arduino15/packages/arduino/tools/arm-none-eabi-gcc/4.8.3-2014q1/bin/../lib/gcc/arm-none-eabi/4.8.3/../../../../arm-none-eabi/lib/armv7-m\libc.a(lib_a-impure.o)
 .data._impure_ptr
                0x20000928        0x4 c:/users/tcool/appdata/local/arduino15/packages/arduino/tools/arm-none-eabi-gcc/4.8.3-2014q1/bin/../lib/gcc/arm-none-eabi/4.8.3/../../../../arm-none-eabi/lib/armv7-m\libc.a(lib_a-impure.o)
                0x20000928                _impure_ptr
 .data.__malloc_av_
                0x2000092c      0x408 c:/users/tcool/appdata/local/arduino15/packages/arduino/tools/arm-none-eabi-gcc/4.8.3-2014q1/bin/../lib/gcc/arm-none-eabi/4.8.3/../../../../arm-none-eabi/lib/armv7-m\libc.a(lib_a-mallocr.o)
                0x2000092c                __malloc_av_
 .data.__malloc_trim_threshold
                0x20000d34        0x4 c:/users/tcool/appdata/local/arduino15/packages/arduino/tools/arm-none-eabi-gcc/4.8.3-2014q1/bin/../lib/gcc/arm-none-eabi/4.8.3/../../../../arm-none-eabi/lib/armv7-m\libc.a(lib_a-mallocr.o)
                0x20000d34                __malloc_trim_threshold
 .data.__malloc_sbrk_base
                0x20000d38        0x4 c:/users/tcool/appdata/local/arduino15/packages/arduino/tools/arm-none-eabi-gcc/4.8.3-2014q1/bin/../lib/gcc/arm-none-eabi/4.8.3/../../../../arm-none-eabi/lib/armv7-m\libc.a(lib_a-mallocr.o)
                0x20000d38                __malloc_sbrk_base
                0x20000d40                . = ALIGN (0x8)
 *fill*         0x20000d3c        0x4 
                0x20000d40                __data_end__ = .

.jcr            0x20000d40        0x0 load address 0x08006c68
 .jcr           0x20000d40        0x0 c:/users/tcool/appdata/local/arduino15/packages/arduino/tools/arm-none-eabi-gcc/4.8.3-2014q1/bin/../lib/gcc/arm-none-eabi/4.8.3/armv7-m/crtbegin.o

.igot.plt       0x20000d40        0x0 load address 0x08006c68
 .igot.plt      0x00000000        0x0 c:/users/tcool/appdata/local/arduino15/packages/arduino/tools/arm-none-eabi-gcc/4.8.3-2014q1/bin/../lib/gcc/arm-none-eabi/4.8.3/armv7-m/crtbegin.o

.rodata         0x08006c68      0x3b4
 *(.rodata .rodata.* .gnu.linkonce.r.*)
 .rodata._ZL10UBX_HEADER
                0x08006c68        0x2 C:\Users\tcool\copter\copter_stm32\Output\Generic_STM32F103C6_fake_STM32F103C8\Debug\sketch\gps.cpp.o
 *fill*         0x08006c6a        0x6 
 .rodata._ZTV7TwoWire
                0x08006c70       0x28 C:\Users\tcool\copter\copter_stm32\Output\Generic_STM32F103C6_fake_STM32F103C8\Debug\libraries\WireSlave\Wire_slave.cpp.o
                0x08006c70                vtable for TwoWire
 .rodata.PIN_MAP
                0x08006c98      0x230 C:\Users\tcool\copter\copter_stm32\Output\Generic_STM32F103C6_fake_STM32F103C8\Debug\core\board.cpp.o
                0x08006c98                PIN_MAP
 .rodata._ZTV14HardwareSerial
                0x08006ec8       0x28 C:\Users\tcool\copter\copter_stm32\Output\Generic_STM32F103C6_fake_STM32F103C8\Debug\core\core.a(HardwareSerial.cpp.o)
                0x08006ec8                vtable for HardwareSerial
 .rodata.GPIOC  0x08006ef0        0x4 C:\Users\tcool\copter\copter_stm32\Output\Generic_STM32F103C6_fake_STM32F103C8\Debug\core\core.a(gpio_f1.c.o)
                0x08006ef0                GPIOC
 .rodata.I2C1   0x08006ef4        0x4 C:\Users\tcool\copter\copter_stm32\Output\Generic_STM32F103C6_fake_STM32F103C8\Debug\core\core.a(i2c_f1.c.o)
                0x08006ef4                I2C1
 .rodata.I2C2   0x08006ef8        0x4 C:\Users\tcool\copter\copter_stm32\Output\Generic_STM32F103C6_fake_STM32F103C8\Debug\core\core.a(i2c_f1.c.o)
                0x08006ef8                I2C2
 .rodata.rcc_dev_table
                0x08006efc       0x5c C:\Users\tcool\copter\copter_stm32\Output\Generic_STM32F103C6_fake_STM32F103C8\Debug\core\core.a(rcc_f1.c.o)
                0x08006efc                rcc_dev_table
 .rodata.masks.4420
                0x08006f58       0x14 C:\Users\tcool\copter\copter_stm32\Output\Generic_STM32F103C6_fake_STM32F103C8\Debug\core\core.a(rcc_f1.c.o)
 .rodata.usbVcomDescriptor_iProduct
                0x08006f6c        0xc C:\Users\tcool\copter\copter_stm32\Output\Generic_STM32F103C6_fake_STM32F103C8\Debug\core\core.a(usb_cdcacm.c.o)
 .rodata.usbVcomDescriptor_iManufacturer
                0x08006f78       0x12 C:\Users\tcool\copter\copter_stm32\Output\Generic_STM32F103C6_fake_STM32F103C8\Debug\core\core.a(usb_cdcacm.c.o)
 .rodata.usbVcomDescriptor_Device
                0x08006f8a       0x12 C:\Users\tcool\copter\copter_stm32\Output\Generic_STM32F103C6_fake_STM32F103C8\Debug\core\core.a(usb_cdcacm.c.o)
 .rodata.usbVcomDescriptor_Config
                0x08006f9c       0x43 C:\Users\tcool\copter\copter_stm32\Output\Generic_STM32F103C6_fake_STM32F103C8\Debug\core\core.a(usb_cdcacm.c.o)
 .rodata.usbVcomDescriptor_LangID
                0x08006fdf        0x4 C:\Users\tcool\copter\copter_stm32\Output\Generic_STM32F103C6_fake_STM32F103C8\Debug\core\core.a(usb_cdcacm.c.o)
 *fill*         0x08006fe3        0x5 
 .rodata._ZTV9USBSerial
                0x08006fe8       0x28 C:\Users\tcool\copter\copter_stm32\Output\Generic_STM32F103C6_fake_STM32F103C8\Debug\core\core.a(usb_serial.cpp.o)
                0x08006fe8                vtable for USBSerial
 .rodata.str1.4
                0x08007010        0x4 c:/users/tcool/appdata/local/arduino15/packages/arduino/tools/arm-none-eabi-gcc/4.8.3-2014q1/bin/../lib/gcc/arm-none-eabi/4.8.3/../../../../arm-none-eabi/lib/armv7-m\libc.a(lib_a-impure.o)
 .rodata._global_impure_ptr
                0x08007014        0x4 c:/users/tcool/appdata/local/arduino15/packages/arduino/tools/arm-none-eabi-gcc/4.8.3-2014q1/bin/../lib/gcc/arm-none-eabi/4.8.3/../../../../arm-none-eabi/lib/armv7-m\libc.a(lib_a-impure.o)
                0x08007014                _global_impure_ptr
 *(.USER_FLASH)
                0x08007018                . = ALIGN (0x4)
                0x08007018                _lm_rom_img_cfgp = .
                0x08007018        0x4 LONG 0x8005f28 LOADADDR (.data)
                0x20001300                _lm_heap_start = DEFINED (_lm_heap_start)?_lm_heap_start:_end
                0x20002800                _lm_heap_end = DEFINED (_lm_heap_end)?_lm_heap_end:__msp_init

.rel.dyn        0x0800701c        0x0
 .rel.iplt      0x00000000        0x0 c:/users/tcool/appdata/local/arduino15/packages/arduino/tools/arm-none-eabi-gcc/4.8.3-2014q1/bin/../lib/gcc/arm-none-eabi/4.8.3/armv7-m/crtbegin.o

.bss            0x20000d40      0x5c0
                0x20000d40                . = ALIGN (0x8)
                0x20000d40                __bss_start__ = .
 *(.bss .bss.* .gnu.linkonce.b.*)
 .bss           0x20000d40       0x1c c:/users/tcool/appdata/local/arduino15/packages/arduino/tools/arm-none-eabi-gcc/4.8.3-2014q1/bin/../lib/gcc/arm-none-eabi/4.8.3/armv7-m/crtbegin.o
 .bss._ZZ4loopvE13old_ring_time
                0x20000d5c        0x4 C:\Users\tcool\copter\copter_stm32\Output\Generic_STM32F103C6_fake_STM32F103C8\Debug\sketch\copter_stm32.ino.cpp.o
 .bss.buzzer_time