Archive member included because of file (symbol)

C:\projects\copter_stm32\Output\Generic_STM32F103C6_fake_STM32F103C8\Debug\core\core.a(HardwareSerial.cpp.o)
                              C:\projects\copter_stm32\Output\Generic_STM32F103C6_fake_STM32F103C8\Debug\sketch\gps.cpp.o (HardwareSerial::read())
C:\projects\copter_stm32\Output\Generic_STM32F103C6_fake_STM32F103C8\Debug\core\core.a(HardwareTimer.cpp.o)
                              C:\projects\copter_stm32\Output\Generic_STM32F103C6_fake_STM32F103C8\Debug\sketch\copter_stm32.ino.cpp.o (HardwareTimer::HardwareTimer(unsigned char))
C:\projects\copter_stm32\Output\Generic_STM32F103C6_fake_STM32F103C8\Debug\core\core.a(Print.cpp.o)
                              C:\projects\copter_stm32\Output\Generic_STM32F103C6_fake_STM32F103C8\Debug\libraries\WireSlave\Wire_slave.cpp.o (Print::write(void const*, unsigned long))
C:\projects\copter_stm32\Output\Generic_STM32F103C6_fake_STM32F103C8\Debug\core\core.a(Stream.cpp.o)
                              C:\projects\copter_stm32\Output\Generic_STM32F103C6_fake_STM32F103C8\Debug\sketch\copter_stm32.ino.cpp.o (Stream::readBytes(char*, unsigned int))
C:\projects\copter_stm32\Output\Generic_STM32F103C6_fake_STM32F103C8\Debug\core\core.a(WString.cpp.o)
                              C:\projects\copter_stm32\Output\Generic_STM32F103C6_fake_STM32F103C8\Debug\core\core.a(Stream.cpp.o) (String::String(char const*))
C:\projects\copter_stm32\Output\Generic_STM32F103C6_fake_STM32F103C8\Debug\core\core.a(dtostrf.c.o)
                              C:\projects\copter_stm32\Output\Generic_STM32F103C6_fake_STM32F103C8\Debug\core\core.a(WString.cpp.o) (dtostrf)
C:\projects\copter_stm32\Output\Generic_STM32F103C6_fake_STM32F103C8\Debug\core\core.a(cxxabi-compat.cpp.o)
                              C:\projects\copter_stm32\Output\Generic_STM32F103C6_fake_STM32F103C8\Debug\libraries\WireSlave\Wire_slave.cpp.o (__cxa_pure_virtual)
C:\projects\copter_stm32\Output\Generic_STM32F103C6_fake_STM32F103C8\Debug\core\core.a(itoa.c.o)
                              C:\projects\copter_stm32\Output\Generic_STM32F103C6_fake_STM32F103C8\Debug\core\core.a(WString.cpp.o) (ltoa)
C:\projects\copter_stm32\Output\Generic_STM32F103C6_fake_STM32F103C8\Debug\core\core.a(adc.c.o)
                              C:\projects\copter_stm32\Output\Generic_STM32F103C6_fake_STM32F103C8\Debug\core\wirish\boards.cpp.o (adc_set_sample_rate)
C:\projects\copter_stm32\Output\Generic_STM32F103C6_fake_STM32F103C8\Debug\core\core.a(adc_f1.c.o)
                              (__irq_adc)
C:\projects\copter_stm32\Output\Generic_STM32F103C6_fake_STM32F103C8\Debug\core\core.a(dma_f1.c.o)
                              (__irq_dma1_channel1)
C:\projects\copter_stm32\Output\Generic_STM32F103C6_fake_STM32F103C8\Debug\core\core.a(exc.S.o)
                              (__exc_nmi)
C:\projects\copter_stm32\Output\Generic_STM32F103C6_fake_STM32F103C8\Debug\core\core.a(exti.c.o)
                              (__irq_exti0)
C:\projects\copter_stm32\Output\Generic_STM32F103C6_fake_STM32F103C8\Debug\core\core.a(exti_f1.c.o)
                              C:\projects\copter_stm32\Output\Generic_STM32F103C6_fake_STM32F103C8\Debug\core\core.a(exti.c.o) (exti_select)
C:\projects\copter_stm32\Output\Generic_STM32F103C6_fake_STM32F103C8\Debug\core\core.a(flash.c.o)
                              C:\projects\copter_stm32\Output\Generic_STM32F103C6_fake_STM32F103C8\Debug\core\wirish\boards.cpp.o (flash_set_latency)
C:\projects\copter_stm32\Output\Generic_STM32F103C6_fake_STM32F103C8\Debug\core\core.a(gpio_f1.c.o)
                              C:\projects\copter_stm32\Output\Generic_STM32F103C6_fake_STM32F103C8\Debug\core\wirish\boards_setup.cpp.o (gpio_init_all)
C:\projects\copter_stm32\Output\Generic_STM32F103C6_fake_STM32F103C8\Debug\core\core.a(i2c.c.o)
                              C:\projects\copter_stm32\Output\Generic_STM32F103C6_fake_STM32F103C8\Debug\libraries\WireSlave\Wire_slave.cpp.o (wait_for_state_change)
C:\projects\copter_stm32\Output\Generic_STM32F103C6_fake_STM32F103C8\Debug\core\core.a(i2c_f1.c.o)
                              C:\projects\copter_stm32\Output\Generic_STM32F103C6_fake_STM32F103C8\Debug\core\core.a(i2c.c.o) (i2c_config_gpios)
C:\projects\copter_stm32\Output\Generic_STM32F103C6_fake_STM32F103C8\Debug\core\core.a(nvic.c.o)
                              C:\projects\copter_stm32\Output\Generic_STM32F103C6_fake_STM32F103C8\Debug\core\core.a(i2c_f1.c.o) (nvic_irq_set_priority)
C:\projects\copter_stm32\Output\Generic_STM32F103C6_fake_STM32F103C8\Debug\core\core.a(rcc.c.o)
                              C:\projects\copter_stm32\Output\Generic_STM32F103C6_fake_STM32F103C8\Debug\core\wirish\boards.cpp.o (rcc_switch_sysclk)
C:\projects\copter_stm32\Output\Generic_STM32F103C6_fake_STM32F103C8\Debug\core\core.a(rcc_f1.c.o)
                              C:\projects\copter_stm32\Output\Generic_STM32F103C6_fake_STM32F103C8\Debug\core\wirish\boards.cpp.o (rcc_configure_pll)
[...]
Memory Configuration

Name             Origin             Length             Attributes
ram              0x20000000         0x00002800         xrw
rom              0x08000000         0x00008000         xr
*default*        0x00000000         0xffffffff

Linker script and memory map

LOAD c:/users/tcool/appdata/local/arduino15/packages/arduino/tools/arm-none-eabi-gcc/4.8.3-2014q1/bin/../lib/gcc/arm-none-eabi/4.8.3/armv7-m/crti.o
LOAD c:/users/tcool/appdata/local/arduino15/packages/arduino/tools/arm-none-eabi-gcc/4.8.3-2014q1/bin/../lib/gcc/arm-none-eabi/4.8.3/armv7-m/crtbegin.o
LOAD c:/users/tcool/appdata/local/arduino15/packages/arduino/tools/arm-none-eabi-gcc/4.8.3-2014q1/bin/../lib/gcc/arm-none-eabi/4.8.3/../../../../arm-none-eabi/lib/armv7-m/crt0.o
LOAD c:/users/tcool/appdata/local/arduino15/packages/arduino/tools/arm-none-eabi-gcc/4.8.3-2014q1/bin/../lib/gcc/arm-none-eabi/4.8.3/armv7-m\libgcc.a
START GROUP
LOAD C:\projects\copter_stm32\Output\Generic_STM32F103C6_fake_STM32F103C8\Debug\sketch\copter_stm32.ino.cpp.o
LOAD C:\projects\copter_stm32\Output\Generic_STM32F103C6_fake_STM32F103C8\Debug\sketch\gps.cpp.o
LOAD C:\projects\copter_stm32\Output\Generic_STM32F103C6_fake_STM32F103C8\Debug\libraries\WireSlave\Wire_slave.cpp.o
LOAD C:\projects\copter_stm32\Output\Generic_STM32F103C6_fake_STM32F103C8\Debug\core\board.cpp.o
LOAD C:\projects\copter_stm32\Output\Generic_STM32F103C6_fake_STM32F103C8\Debug\core\wirish\boards.cpp.o
LOAD C:\projects\copter_stm32\Output\Generic_STM32F103C6_fake_STM32F103C8\Debug\core\wirish\boards_setup.cpp.o
LOAD C:\projects\copter_stm32\Output\Generic_STM32F103C6_fake_STM32F103C8\Debug\core\wirish\start.S.o
LOAD C:\projects\copter_stm32\Output\Generic_STM32F103C6_fake_STM32F103C8\Debug\core\wirish\start_c.c.o
LOAD C:\projects\copter_stm32\Output\Generic_STM32F103C6_fake_STM32F103C8\Debug\core\wirish\syscalls.c.o
LOAD C:\projects\copter_stm32\Output\Generic_STM32F103C6_fake_STM32F103C8\Debug\core\core.a
END GROUP
LOAD c:/users/tcool/appdata/local/arduino15/packages/arduino/tools/arm-none-eabi-gcc/4.8.3-2014q1/bin/../lib/gcc/arm-none-eabi/4.8.3/../../../../arm-none-eabi/lib/armv7-m\libstdc++.a
LOAD c:/users/tcool/appdata/local/arduino15/packages/arduino/tools/arm-none-eabi-gcc/4.8.3-2014q1/bin/../lib/gcc/arm-none-eabi/4.8.3/../../../../arm-none-eabi/lib/armv7-m\libm.a
START GROUP
LOAD c:/users/tcool/appdata/local/arduino15/packages/arduino/tools/arm-none-eabi-gcc/4.8.3-2014q1/bin/../lib/gcc/arm-none-eabi/4.8.3/armv7-m\libgcc.a
LOAD c:/users/tcool/appdata/local/arduino15/packages/arduino/tools/arm-none-eabi-gcc/4.8.3-2014q1/bin/../lib/gcc/arm-none-eabi/4.8.3/../../../../arm-none-eabi/lib/armv7-m\libc.a
END GROUP
LOAD c:/users/tcool/appdata/local/arduino15/packages/arduino/tools/arm-none-eabi-gcc/4.8.3-2014q1/bin/../lib/gcc/arm-none-eabi/4.8.3/armv7-m/crtend.o
LOAD c:/users/tcool/appdata/local/arduino15/packages/arduino/tools/arm-none-eabi-gcc/4.8.3-2014q1/bin/../lib/gcc/arm-none-eabi/4.8.3/armv7-m/crtn.o
START GROUP
LOAD c:/users/tcool/appdata/local/arduino15/packages/arduino/tools/arm-none-eabi-gcc/4.8.3-2014q1/bin/../lib/gcc/arm-none-eabi/4.8.3/armv7-m\libgcc.a
LOAD c:/users/tcool/appdata/local/arduino15/packages/arduino/tools/arm-none-eabi-gcc/4.8.3-2014q1/bin/../lib/gcc/arm-none-eabi/4.8.3/../../../../arm-none-eabi/lib/armv7-m\libc.a
LOAD c:/users/tcool/appdata/local/arduino15/packages/arduino/tools/arm-none-eabi-gcc/4.8.3-2014q1/bin/../lib/gcc/arm-none-eabi/4.8.3/../../../../arm-none-eabi/lib/armv7-m\libm.a
END GROUP
START GROUP
LOAD c:/users/tcool/appdata/local/arduino15/packages/arduino/tools/arm-none-eabi-gcc/4.8.3-2014q1/bin/../lib/gcc/arm-none-eabi/4.8.3/../../../../arm-none-eabi/lib/armv7-m\libnosys.a
END GROUP
                0x20002800                PROVIDE (__msp_init, (ORIGIN (ram) + 0x2800))
                0x08001264                PROVIDE (__exc_reset, __start__)

.text           0x08000000     0x5e80
                0x08000000                __text_start__ = .
 *(.stm32.interrupt_vector)
 .stm32.interrupt_vector
                0x08000000       0xec C:\projects\copter_stm32\Output\Generic_STM32F103C6_fake_STM32F103C8\Debug\core\core.a(vector_table.S.o)
                0x08000000                __stm32_vector_table
 *(.text .text.* .gnu.linkonce.t.*)
 .text          0x080000ec       0x54 c:/users/tcool/appdata/local/arduino15/packages/arduino/tools/arm-none-eabi-gcc/4.8.3-2014q1/bin/../lib/gcc/arm-none-eabi/4.8.3/armv7-m/crtbegin.o
 .text._Z12receiveEventi
                0x08000140      0x1bc C:\projects\copter_stm32\Output\Generic_STM32F103C6_fake_STM32F103C8\Debug\sketch\copter_stm32.ino.cpp.o
                0x08000140                receiveEvent(int)
 .text._Z12requestEventv
                0x080002fc       0xf8 C:\projects\copter_stm32\Output\Generic_STM32F103C6_fake_STM32F103C8\Debug\sketch\copter_stm32.ino.cpp.o
                0x080002fc                requestEvent()
 .text._Z4beepv
                0x080003f4       0xdc C:\projects\copter_stm32\Output\Generic_STM32F103C6_fake_STM32F103C8\Debug\sketch\copter_stm32.ino.cpp.o
                0x080003f4                beep()
 .text._Z11stop_motorsv
                0x080004d0       0x2e C:\projects\copter_stm32\Output\Generic_STM32F103C6_fake_STM32F103C8\Debug\sketch\copter_stm32.ino.cpp.o
                0x080004d0                stop_motors()
 .text._Z8setTimeri
                0x080004fe       0x26 C:\projects\copter_stm32\Output\Generic_STM32F103C6_fake_STM32F103C8\Debug\sketch\copter_stm32.ino.cpp.o
                0x080004fe                setTimer(int)
 *fill*         0x08000524        0x4 
 .text._Z5setupv
                0x08000528      0x180 C:\projects\copter_stm32\Output\Generic_STM32F103C6_fake_STM32F103C8\Debug\sketch\copter_stm32.ino.cpp.o
                0x08000528                setup()
 .text._Z4loopv
                0x080006a8      0x304 C:\projects\copter_stm32\Output\Generic_STM32F103C6_fake_STM32F103C8\Debug\sketch\copter_stm32.ino.cpp.o
                0x080006a8                loop()
 .text._Z8gps_datav
                0x080009ac        0x8 C:\projects\copter_stm32\Output\Generic_STM32F103C6_fake_STM32F103C8\Debug\sketch\gps.cpp.o
                0x080009ac                gps_data()
 .text._Z10processGPSv
                0x080009b4       0xdc C:\projects\copter_stm32\Output\Generic_STM32F103C6_fake_STM32F103C8\Debug\sketch\gps.cpp.o
                0x080009b4                processGPS()
 .text._Z9gps_setupv
                0x08000a90       0xfc C:\projects\copter_stm32\Output\Generic_STM32F103C6_fake_STM32F103C8\Debug\sketch\gps.cpp.o
                0x08000a90                gps_setup()
 .text._ZN7TwoWire9availableEv
                0x08000b8c        0x8 C:\projects\copter_stm32\Output\Generic_STM32F103C6_fake_STM32F103C8\Debug\libraries\WireSlave\Wire_slave.cpp.o
                0x08000b8c                TwoWire::available()
 .text._ZN7TwoWire4readEv
                0x08000b94       0x18 C:\projects\copter_stm32\Output\Generic_STM32F103C6_fake_STM32F103C8\Debug\libraries\WireSlave\Wire_slave.cpp.o
                0x08000b94                TwoWire::read()
 .text._ZN7TwoWire4peekEv
                0x08000bac       0x12 C:\projects\copter_stm32\Output\Generic_STM32F103C6_fake_STM32F103C8\Debug\libraries\WireSlave\Wire_slave.cpp.o
                0x08000bac                TwoWire::peek()
 *fill*         0x08000bbe        0x2 
 .text._ZN7TwoWire17onRequestService1EP7i2c_msg
                0x08000bc0       0x24 C:\projects\copter_stm32\Output\Generic_STM32F103C6_fake_STM32F103C8\Debug\libraries\WireSlave\Wire_slave.cpp.o
                0x08000bc0                TwoWire::onRequestService1(i2c_msg*)
 .text._ZN7TwoWire17onRequestService2EP7i2c_msg
                0x08000be4       0x24 C:\projects\copter_stm32\Output\Generic_STM32F103C6_fake_STM32F103C8\Debug\libraries\WireSlave\Wire_slave.cpp.o
                0x08000be4                TwoWire::onRequestService2(i2c_msg*)
 .text._ZN7TwoWireC2EP7i2c_devmm
                0x08000c08       0x6c C:\projects\copter_stm32\Output\Generic_STM32F103C6_fake_STM32F103C8\Debug\libraries\WireSlave\Wire_slave.cpp.o
                0x08000c08                TwoWire::TwoWire(i2c_dev*, unsigned long, unsigned long)
                0x08000c08                TwoWire::TwoWire(i2c_dev*, unsigned long, unsigned long)
 .text._ZN7TwoWire7processEb
                0x08000c74       0x6c C:\projects\copter_stm32\Output\Generic_STM32F103C6_fake_STM32F103C8\Debug\libraries\WireSlave\Wire_slave.cpp.o
                0x08000c74                TwoWire::process(bool)
 .text._ZN7TwoWire15endTransmissionEb
                0x08000ce0       0x30 C:\projects\copter_stm32\Output\Generic_STM32F103C6_fake_STM32F103C8\Debug\libraries\WireSlave\Wire_slave.cpp.o
                0x08000ce0                TwoWire::endTransmission(bool)
 .text._ZN7TwoWire5flushEv
                0x08000d10       0x3a C:\projects\copter_stm32\Output\Generic_STM32F103C6_fake_STM32F103C8\Debug\libraries\WireSlave\Wire_slave.cpp.o
                0x08000d10                TwoWire::flush()
 .text._ZN7TwoWire9onReceiveEPFviE
                0x08000d4a        0x4 C:\projects\copter_stm32\Output\Generic_STM32F103C6_fake_STM32F103C8\Debug\libraries\WireSlave\Wire_slave.cpp.o
                0x08000d4a                TwoWire::onReceive(void (*)(int))
 .text._ZN7TwoWire9onRequestEPFvvE
                0x08000d4e        0x4 C:\projects\copter_stm32\Output\Generic_STM32F103C6_fake_STM32F103C8\Debug\libraries\WireSlave\Wire_slave.cpp.o
                0x08000d4e                TwoWire::onRequest(void (*)())
 .text._ZN7TwoWire16allocateRxBufferEj
                0x08000d52       0x36 C:\projects\copter_stm32\Output\Generic_STM32F103C6_fake_STM32F103C8\Debug\libraries\WireSlave\Wire_slave.cpp.o
                0x08000d52                TwoWire::allocateRxBuffer(unsigned int)
 .text._ZN7TwoWire17onReceiveService1EP7i2c_msg
                0x08000d88       0x34 C:\projects\copter_stm32\Output\Generic_STM32F103C6_fake_STM32F103C8\Debug\libraries\WireSlave\Wire_slave.cpp.o
                0x08000d88                TwoWire::onReceiveService1(i2c_msg*)
 .text._ZN7TwoWire17onReceiveService2EP7i2c_msg
                0x08000dbc       0x34 C:\projects\copter_stm32\Output\Generic_STM32F103C6_fake_STM32F103C8\Debug\libraries\WireSlave\Wire_slave.cpp.o
                0x08000dbc                TwoWire::onReceiveService2(i2c_msg*)
 .text._ZN7TwoWire16allocateTxBufferEj
                0x08000df0       0x36 C:\projects\copter_stm32\Output\Generic_STM32F103C6_fake_STM32F103C8\Debug\libraries\WireSlave\Wire_slave.cpp.o
                0x08000df0                TwoWire::allocateTxBuffer(unsigned int)
 *fill*         0x08000e26        0x2 
 .text._ZN7TwoWire5beginEtt
                0x08000e28      0x11c C:\projects\copter_stm32\Output\Generic_STM32F103C6_fake_STM32F103C8\Debug\libraries\WireSlave\Wire_slave.cpp.o
                0x08000e28                TwoWire::begin(unsigned short, unsigned short)
 .text._ZN7TwoWire5beginEt
                0x08000f44        0x6 C:\projects\copter_stm32\Output\Generic_STM32F103C6_fake_STM32F103C8\Debug\libraries\WireSlave\Wire_slave.cpp.o
                0x08000f44                TwoWire::begin(unsigned short)
 .text._ZN7TwoWire5writeEh
                0x08000f4a       0x3a C:\projects\copter_stm32\Output\Generic_STM32F103C6_fake_STM32F103C8\Debug\libraries\WireSlave\Wire_slave.cpp.o
                0x08000f4a                TwoWire::write(unsigned char)
 .text._ZN7TwoWire5writeEPKvm
                0x08000f84       0x44 C:\projects\copter_stm32\Output\Generic_STM32F103C6_fake_STM32F103C8\Debug\libraries\WireSlave\Wire_slave.cpp.o
                0x08000f84                TwoWire::write(void const*, unsigned long)
 .text.startup._GLOBAL__sub_I__ZN7TwoWireC2EP7i2c_devmm
                0x08000fc8       0x4c C:\projects\copter_stm32\Output\Generic_STM32F103C6_fake_STM32F103C8\Debug\libraries\WireSlave\Wire_slave.cpp.o
 .text._Z9boardInitv
                0x08001014        0x2 C:\projects\copter_stm32\Output\Generic_STM32F103C6_fake_STM32F103C8\Debug\core\board.cpp.o
                0x08001014                boardInit()
 *fill*         0x08001016        0x2 
 .text.startup._GLOBAL__sub_I__Z9boardInitv
                0x08001018       0x48 C:\projects\copter_stm32\Output\Generic_STM32F103C6_fake_STM32F103C8\Debug\core\board.cpp.o
 .text._ZL18adc_default_configP7adc_dev
                0x08001060       0x1c C:\projects\copter_stm32\Output\Generic_STM32F103C6_fake_STM32F103C8\Debug\core\wirish\boards.cpp.o
 .text._ZL20timer_default_configP9timer_dev
                0x0800107c       0x9e C:\projects\copter_stm32\Output\Generic_STM32F103C6_fake_STM32F103C8\Debug\core\wirish\boards.cpp.o
 *fill*         0x0800111a        0x2 
 .text._Z4initv
                0x0800111c       0xbc C:\projects\copter_stm32\Output\Generic_STM32F103C6_fake_STM32F103C8\Debug\core\wirish\boards.cpp.o
                0x0800111c                init()
 .text._ZN6wirish4priv15board_reset_pllEv
                0x080011d8        0x2 C:\projects\copter_stm32\Output\Generic_STM32F103C6_fake_STM32F103C8\Debug\core\wirish\boards_setup.cpp.o
                0x080011d8                wirish::priv::board_reset_pll()
 .text._ZN6wirish4priv28board_setup_clock_prescalersEv
                0x080011da       0x2e C:\projects\copter_stm32\Output\Generic_STM32F103C6_fake_STM32F103C8\Debug\core\wirish\boards_setup.cpp.o
                0x080011da                wirish::priv::board_setup_clock_prescalers()
 .text._ZN6wirish4priv16board_setup_gpioEv
                0x08001208        0x4 C:\projects\copter_stm32\Output\Generic_STM32F103C6_fake_STM32F103C8\Debug\core\wirish\boards_setup.cpp.o
                0x08001208                wirish::priv::board_setup_gpio()
 .text._ZN6wirish4priv15board_setup_usbEv
                0x0800120c       0x54 C:\projects\copter_stm32\Output\Generic_STM32F103C6_fake_STM32F103C8\Debug\core\wirish\boards_setup.cpp.o
                0x0800120c                wirish::priv::board_setup_usb()
 .text._ZN6wirish4priv11series_initEv
                0x08001260        0x4 C:\projects\copter_stm32\Output\Generic_STM32F103C6_fake_STM32F103C8\Debug\core\wirish\boards_setup.cpp.o
                0x08001260                wirish::priv::series_init()
 .text          0x08001264       0x10 C:\projects\copter_stm32\Output\Generic_STM32F103C6_fake_STM32F103C8\Debug\core\wirish\start.S.o
                0x08001264                __start__
 .text.start_c  0x08001274       0x58 C:\projects\copter_stm32\Output\Generic_STM32F103C6_fake_STM32F103C8\Debug\core\wirish\start_c.c.o
                0x08001274                start_c
 .text._sbrk    0x080012cc       0x44 C:\projects\copter_stm32\Output\Generic_STM32F103C6_fake_STM32F103C8\Debug\core\wirish\syscalls.c.o
                0x080012cc                _sbrk
 .text.rb_full_count
                0x08001310       0x22 C:\projects\copter_stm32\Output\Generic_STM32F103C6_fake_STM32F103C8\Debug\core\core.a(HardwareSerial.cpp.o)
 .text._ZN14HardwareSerial4readEv
                0x08001332       0x3a C:\projects\copter_stm32\Output\Generic_STM32F103C6_fake_STM32F103C8\Debug\core\core.a(HardwareSerial.cpp.o)
                0x08001332                HardwareSerial::read()
 .text._ZN14HardwareSerial9availableEv
                0x0800136c        0xc C:\projects\copter_stm32\Output\Generic_STM32F103C6_fake_STM32F103C8\Debug\core\core.a(HardwareSerial.cpp.o)
                0x0800136c                HardwareSerial::available()
 .text._ZN14HardwareSerial4peekEv
                0x08001378       0x22 C:\projects\copter_stm32\Output\Generic_STM32F103C6_fake_STM32F103C8\Debug\core\core.a(HardwareSerial.cpp.o)
                0x08001378                HardwareSerial::peek()
 .text._ZN14HardwareSerial5flushEv
                0x0800139a       0x1a C:\projects\copter_stm32\Output\Generic_STM32F103C6_fake_STM32F103C8\Debug\core\core.a(HardwareSerial.cpp.o)
                0x0800139a                HardwareSerial::flush()
 .text._ZN14HardwareSerial5writeEh
                0x080013b4       0x1e C:\projects\copter_stm32\Output\Generic_STM32F103C6_fake_STM32F103C8\Debug\core\core.a(HardwareSerial.cpp.o)
                0x080013b4                HardwareSerial::write(unsigned char)
 *fill*         0x080013d2        0x2 
 .text._ZN14HardwareSerialC2EP9usart_devhh
                0x080013d4       0x1c C:\projects\copter_stm32\Output\Generic_STM32F103C6_fake_STM32F103C8\Debug\core\core.a(HardwareSerial.cpp.o)
                0x080013d4                HardwareSerial::HardwareSerial(usart_dev*, unsigned char, unsigned char)
                0x080013d4                HardwareSerial::HardwareSerial(usart_dev*, unsigned char, unsigned char)
 .text._ZN14HardwareSerial5beginEmh
                0x080013f0       0x78 C:\projects\copter_stm32\Output\Generic_STM32F103C6_fake_STM32F103C8\Debug\core\core.a(HardwareSerial.cpp.o)
                0x080013f0                HardwareSerial::begin(unsigned long, unsigned char)
 .text._ZN14HardwareSerial5beginEm
                0x08001468        0x6 C:\projects\copter_stm32\Output\Generic_STM32F103C6_fake_STM32F103C8\Debug\core\core.a(HardwareSerial.cpp.o)
                0x08001468                HardwareSerial::begin(unsigned long)
 *fill*         0x0800146e        0x2 
 .text.set_this_dev
                0x08001470       0x1c C:\projects\copter_stm32\Output\Generic_STM32F103C6_fake_STM32F103C8\Debug\core\core.a(HardwareTimer.cpp.o)
 .text._ZN13HardwareTimerC2Eh
                0x0800148c       0x2c C:\projects\copter_stm32\Output\Generic_STM32F103C6_fake_STM32F103C8\Debug\core\core.a(HardwareTimer.cpp.o)
                0x0800148c                HardwareTimer::HardwareTimer(unsigned char)
                0x0800148c                HardwareTimer::HardwareTimer(unsigned char)
 .text._ZN13HardwareTimer17setPrescaleFactorEm
                0x080014b8        0xc C:\projects\copter_stm32\Output\Generic_STM32F103C6_fake_STM32F103C8\Debug\core\core.a(HardwareTimer.cpp.o)
                0x080014b8                HardwareTimer::setPrescaleFactor(unsigned long)
 .text._ZN13HardwareTimer11setOverflowEt
                0x080014c4        0x8 C:\projects\copter_stm32\Output\Generic_STM32F103C6_fake_STM32F103C8\Debug\core\core.a(HardwareTimer.cpp.o)
                0x080014c4                HardwareTimer::setOverflow(unsigned short)
 .text.startup._GLOBAL__sub_I__ZN13HardwareTimerC2Eh
                0x080014cc       0x38 C:\projects\copter_stm32\Output\Generic_STM32F103C6_fake_STM32F103C8\Debug\core\core.a(HardwareTimer.cpp.o)
 .text._ZN5Print5writeEPKvm
                0x08001504       0x20 C:\projects\copter_stm32\Output\Generic_STM32F103C6_fake_STM32F103C8\Debug\core\core.a(Print.cpp.o)
                0x08001504                Print::write(void const*, unsigned long)
 .text._ZN5Print5writeEPKc
                0x08001524       0x1e C:\projects\copter_stm32\Output\Generic_STM32F103C6_fake_STM32F103C8\Debug\core\core.a(Print.cpp.o)
                0x08001524                Print::write(char const*)
 *fill*         0x08001542        0x2 
 .text._ZN6Stream9timedReadEv
                0x08001544       0x30 C:\projects\copter_stm32\Output\Generic_STM32F103C6_fake_STM32F103C8\Debug\core\core.a(Stream.cpp.o)
                0x08001544                Stream::timedRead()
 .text._ZN6Stream9readBytesEPcj
                0x08001574       0x22 C:\projects\copter_stm32\Output\Generic_STM32F103C6_fake_STM32F103C8\Debug\core\core.a(Stream.cpp.o)
                0x08001574                Stream::readBytes(char*, unsigned int)
 .text.adc_init
                0x08001596       0x14 C:\projects\copter_stm32\Output\Generic_STM32F103C6_fake_STM32F103C8\Debug\core\core.a(adc.c.o)
                0x08001596                adc_init
 .text.adc_set_extsel
                0x080015aa       0x12 C:\projects\copter_stm32\Output\Generic_STM32F103C6_fake_STM32F103C8\Debug\core\core.a(adc.c.o)
                0x080015aa                adc_set_extsel
 .text.adc_set_sample_rate
                0x080015bc       0x30 C:\projects\copter_stm32\Output\Generic_STM32F103C6_fake_STM32F103C8\Debug\core\core.a(adc.c.o)
                0x080015bc                adc_set_sample_rate
 .text.adc_read
                0x080015ec       0x20 C:\projects\copter_stm32\Output\Generic_STM32F103C6_fake_STM32F103C8\Debug\core\core.a(adc.c.o)
                0x080015ec                adc_read
 .text.__irq_adc
                0x0800160c       0x50 C:\projects\copter_stm32\Output\Generic_STM32F103C6_fake_STM32F103C8\Debug\core\core.a(adc_f1.c.o)
                0x0800160c                __irq_adc
 .text.adc_calibrate
                0x0800165c       0x24 C:\projects\copter_stm32\Output\Generic_STM32F103C6_fake_STM32F103C8\Debug\core\core.a(adc_f1.c.o)
                0x0800165c                adc_calibrate
 .text.adc_set_prescaler
                0x08001680        0x8 C:\projects\copter_stm32\Output\Generic_STM32F103C6_fake_STM32F103C8\Debug\core\core.a(adc_f1.c.o)
                0x08001680                adc_set_prescaler
 .text.adc_foreach
                0x08001688       0x1c C:\projects\copter_stm32\Output\Generic_STM32F103C6_fake_STM32F103C8\Debug\core\core.a(adc_f1.c.o)
                0x08001688                adc_foreach
 .text.adc_enable_single_swstart
                0x080016a4       0x36 C:\projects\copter_stm32\Output\Generic_STM32F103C6_fake_STM32F103C8\Debug\core\core.a(adc_f1.c.o)
                0x080016a4                adc_enable_single_swstart
 .text.dma_irq_handler
                0x080016da       0x1c C:\projects\copter_stm32\Output\Generic_STM32F103C6_fake_STM32F103C8\Debug\core\core.a(dma_f1.c.o)
 *fill*         0x080016f6        0x2 
 .text.__irq_dma1_channel1
                0x080016f8       0x10 C:\projects\copter_stm32\Output\Generic_STM32F103C6_fake_STM32F103C8\Debug\core\core.a(dma_f1.c.o)
                0x080016f8                __irq_dma1_channel1
 .text.__irq_dma1_channel2
                0x08001708       0x10 C:\projects\copter_stm32\Output\Generic_STM32F103C6_fake_STM32F103C8\Debug\core\core.a(dma_f1.c.o)
                0x08001708                __irq_dma1_channel2
 .text.__irq_dma1_channel3
                0x08001718       0x10 C:\projects\copter_stm32\Output\Generic_STM32F103C6_fake_STM32F103C8\Debug\core\core.a(dma_f1.c.o)
                0x08001718                __irq_dma1_channel3
 .text.__irq_dma1_channel4
                0x08001728       0x10 C:\projects\copter_stm32\Output\Generic_STM32F103C6_fake_STM32F103C8\Debug\core\core.a(dma_f1.c.o)
                0x08001728                __irq_dma1_channel4
 .text.__irq_dma1_channel5
                0x08001738       0x10 C:\projects\copter_stm32\Output\Generic_STM32F103C6_fake_STM32F103C8\Debug\core\core.a(dma_f1.c.o)
                0x08001738                __irq_dma1_channel5
 .text.__irq_dma1_channel6
                0x08001748       0x10 C:\projects\copter_stm32\Output\Generic_STM32F103C6_fake_STM32F103C8\Debug\core\core.a(dma_f1.c.o)
                0x08001748                __irq_dma1_channel6
 .text.__irq_dma1_channel7
                0x08001758       0x10 C:\projects\copter_stm32\Output\Generic_STM32F103C6_fake_STM32F103C8\Debug\core\core.a(dma_f1.c.o)
                0x08001758                __irq_dma1_channel7
 *fill*         0x08001768        0x8 
 .text          0x08001770       0x60 C:\projects\copter_stm32\Output\Generic_STM32F103C6_fake_STM32F103C8\Debug\core\core.a(exc.S.o)
                0x08001770                __exc_nmi
                0x08001774                __exc_hardfault
                0x08001778                __exc_memmanage
                0x0800177c                __exc_busfault
                0x08001780                __exc_usagefault
 .text.dispatch_single_exti
                0x080017d0       0x2c C:\projects\copter_stm32\Output\Generic_STM32F103C6_fake_STM32F103C8\Debug\core\core.a(exti.c.o)
                0x080017d0                dispatch_single_exti
 .text.dispatch_extis
                0x080017fc       0x4c C:\projects\copter_stm32\Output\Generic_STM32F103C6_fake_STM32F103C8\Debug\core\core.a(exti.c.o)
                0x080017fc                dispatch_extis
 .text.__irq_exti0
                0x08001848        0x6 C:\projects\copter_stm32\Output\Generic_STM32F103C6_fake_STM32F103C8\Debug\core\core.a(exti.c.o)
                0x08001848                __irq_exti0
 .text.__irq_exti1
                0x0800184e        0x6 C:\projects\copter_stm32\Output\Generic_STM32F103C6_fake_STM32F103C8\Debug\core\core.a(exti.c.o)
                0x0800184e                __irq_exti1
 .text.__irq_exti2
                0x08001854        0x6 C:\projects\copter_stm32\Output\Generic_STM32F103C6_fake_STM32F103C8\Debug\core\core.a(exti.c.o)
                0x08001854                __irq_exti2
 .text.__irq_exti3
                0x0800185a        0x6 C:\projects\copter_stm32\Output\Generic_STM32F103C6_fake_STM32F103C8\Debug\core\core.a(exti.c.o)
                0x0800185a                __irq_exti3
 .text.__irq_exti4
                0x08001860        0x6 C:\projects\copter_stm32\Output\Generic_STM32F103C6_fake_STM32F103C8\Debug\core\core.a(exti.c.o)
                0x08001860                __irq_exti4
 .text.__irq_exti9_5
                0x08001866        0x8 C:\projects\copter_stm32\Output\Generic_STM32F103C6_fake_STM32F103C8\Debug\core\core.a(exti.c.o)
                0x08001866                __irq_exti9_5
 .text.__irq_exti15_10
                0x0800186e        0x8 C:\projects\copter_stm32\Output\Generic_STM32F103C6_fake_STM32F103C8\Debug\core\core.a(exti.c.o)
                0x0800186e                __irq_exti15_10
 *fill*         0x08001876        0x2 
 .text.flash_set_latency
                0x08001878       0x14 C:\projects\copter_stm32\Output\Generic_STM32F103C6_fake_STM32F103C8\Debug\core\core.a(flash.c.o)
                0x08001878                flash_set_latency
 .text.gpio_init_all
                0x0800188c       0x30 C:\projects\copter_stm32\Output\Generic_STM32F103C6_fake_STM32F103C8\Debug\core\core.a(gpio_f1.c.o)
                0x0800188c                gpio_init_all
 .text.gpio_set_mode
                0x080018bc       0x50 C:\projects\copter_stm32\Output\Generic_STM32F103C6_fake_STM32F103C8\Debug\core\core.a(gpio_f1.c.o)
                0x080018bc                gpio_set_mode
 .text.afio_init
                0x0800190c       0x12 C:\projects\copter_stm32\Output\Generic_STM32F103C6_fake_STM32F103C8\Debug\core\core.a(gpio_f1.c.o)
                0x0800190c                afio_init
 *fill*         0x0800191e        0x2 
 .text.afio_remap
                0x08001920       0x20 C:\projects\copter_stm32\Output\Generic_STM32F103C6_fake_STM32F103C8\Debug\core\core.a(gpio_f1.c.o)
                0x08001920                afio_remap
 .text.nvic_irq_enable
                0x08001940       0x1c C:\projects\copter_stm32\Output\Generic_STM32F103C6_fake_STM32F103C8\Debug\core\core.a(i2c.c.o)
 .text.i2c_disable_irq
                0x0800195c        0xc C:\projects\copter_stm32\Output\Generic_STM32F103C6_fake_STM32F103C8\Debug\core\core.a(i2c.c.o)
 .text.delay_us.part.0.constprop.6
                0x08001968        0xa C:\projects\copter_stm32\Output\Generic_STM32F103C6_fake_STM32F103C8\Debug\core\core.a(i2c.c.o)
 .text.i2c_bus_reset
                0x08001972       0xc2 C:\projects\copter_stm32\Output\Generic_STM32F103C6_fake_STM32F103C8\Debug\core\core.a(i2c.c.o)
                0x08001972                i2c_bus_reset
 .text.i2c_init
                0x08001a34       0x1e C:\projects\copter_stm32\Output\Generic_STM32F103C6_fake_STM32F103C8\Debug\core\core.a(i2c.c.o)
                0x08001a34                i2c_init
 *fill*         0x08001a52        0x2 
 .text.wait_for_state_change
                0x08001a54       0x98 C:\projects\copter_stm32\Output\Generic_STM32F103C6_fake_STM32F103C8\Debug\core\core.a(i2c.c.o)
                0x08001a54                wait_for_state_change
 .text.i2c_master_xfer
                0x08001aec       0xa4 C:\projects\copter_stm32\Output\Generic_STM32F103C6_fake_STM32F103C8\Debug\core\core.a(i2c.c.o)
                0x08001aec                i2c_master_xfer
 .text._i2c_irq_handler
                0x08001b90      0x3d8 C:\projects\copter_stm32\Output\Generic_STM32F103C6_fake_STM32F103C8\Debug\core\core.a(i2c.c.o)
                0x08001b90                _i2c_irq_handler
 .text._i2c_irq_error_handler
                0x08001f68       0x84 C:\projects\copter_stm32\Output\Generic_STM32F103C6_fake_STM32F103C8\Debug\core\core.a(i2c.c.o)
                0x08001f68                _i2c_irq_error_handler
 .text.i2c_set_ccr_trise
                0x08001fec       0x54 C:\projects\copter_stm32\Output\Generic_STM32F103C6_fake_STM32F103C8\Debug\core\core.a(i2c.c.o)
                0x08001fec                i2c_set_ccr_trise
 .text.i2c_master_enable
                0x08002040      0x1b4 C:\projects\copter_stm32\Output\Generic_STM32F103C6_fake_STM32F103C8\Debug\core\core.a(i2c.c.o)
                0x08002040                i2c_master_enable
 .text.i2c_slave_enable
                0x080021f4        0x8 C:\projects\copter_stm32\Output\Generic_STM32F103C6_fake_STM32F103C8\Debug\core\core.a(i2c.c.o)
                0x080021f4                i2c_slave_enable
 .text.i2c_slave_attach_recv_handler
                0x080021fc        0xa C:\projects\copter_stm32\Output\Generic_STM32F103C6_fake_STM32F103C8\Debug\core\core.a(i2c.c.o)
                0x080021fc                i2c_slave_attach_recv_handler
 .text.i2c_slave_attach_transmit_handler
                0x08002206        0xa C:\projects\copter_stm32\Output\Generic_STM32F103C6_fake_STM32F103C8\Debug\core\core.a(i2c.c.o)
                0x08002206                i2c_slave_attach_transmit_handler
 .text.i2c_config_gpios
                0x08002210       0x58 C:\projects\copter_stm32\Output\Generic_STM32F103C6_fake_STM32F103C8\Debug\core\core.a(i2c_f1.c.o)
                0x08002210                i2c_config_gpios
 .text.i2c_master_release_bus
                0x08002268       0x4c C:\projects\copter_stm32\Output\Generic_STM32F103C6_fake_STM32F103C8\Debug\core\core.a(i2c_f1.c.o)
                0x08002268                i2c_master_release_bus
 .text.__irq_i2c1_ev
                0x080022b4        0xc C:\projects\copter_stm32\Output\Generic_STM32F103C6_fake_STM32F103C8\Debug\core\core.a(i2c_f1.c.o)
                0x080022b4                __irq_i2c1_ev
 .text.__irq_i2c2_ev
                0x080022c0        0xc C:\projects\copter_stm32\Output\Generic_STM32F103C6_fake_STM32F103C8\Debug\core\core.a(i2c_f1.c.o)
                0x080022c0                __irq_i2c2_ev
 .text.__irq_i2c1_er
                0x080022cc        0xc C:\projects\copter_stm32\Output\Generic_STM32F103C6_fake_STM32F103C8\Debug\core\core.a(i2c_f1.c.o)
                0x080022cc                __irq_i2c1_er
 .text.__irq_i2c2_er
                0x080022d8        0xc C:\projects\copter_stm32\Output\Generic_STM32F103C6_fake_STM32F103C8\Debug\core\core.a(i2c_f1.c.o)
                0x080022d8                __irq_i2c2_er
 .text._i2c_irq_priority_fixup
                0x080022e4        0xa C:\projects\copter_stm32\Output\Generic_STM32F103C6_fake_STM32F103C8\Debug\core\core.a(i2c_f1.c.o)
                0x080022e4                _i2c_irq_priority_fixup
 *fill*         0x080022ee        0x2 
 .text.nvic_irq_set_priority
                0x080022f0       0x28 C:\projects\copter_stm32\Output\Generic_STM32F103C6_fake_STM32F103C8\Debug\core\core.a(nvic.c.o)
                0x080022f0                nvic_irq_set_priority
 .text.nvic_init
                0x08002318       0x30 C:\projects\copter_stm32\Output\Generic_STM32F103C6_fake_STM32F103C8\Debug\core\core.a(nvic.c.o)
                0x08002318                nvic_init
 .text.nvic_sys_reset
                0x08002348       0x1c C:\projects\copter_stm32\Output\Generic_STM32F103C6_fake_STM32F103C8\Debug\core\core.a(nvic.c.o)
                0x08002348                nvic_sys_reset
 .text.rcc_dev_clk
                0x08002364        0xc C:\projects\copter_stm32\Output\Generic_STM32F103C6_fake_STM32F103C8\Debug\core\core.a(rcc.c.o)
                0x08002364                rcc_dev_clk
 .text.rcc_switch_sysclk
                0x08002370       0x20 C:\projects\copter_stm32\Output\Generic_STM32F103C6_fake_STM32F103C8\Debug\core\core.a(rcc.c.o)
                0x08002370                rcc_switch_sysclk
 .text.rcc_turn_on_clk
                0x08002390       0x1a C:\projects\copter_stm32\Output\Generic_STM32F103C6_fake_STM32F103C8\Debug\core\core.a(rcc.c.o)
                0x08002390                rcc_turn_on_clk
 .text.rcc_turn_off_clk
                0x080023aa       0x1c C:\projects\copter_stm32\Output\Generic_STM32F103C6_fake_STM32F103C8\Debug\core\core.a(rcc.c.o)
                0x080023aa                rcc_turn_off_clk
 .text.rcc_is_clk_ready
                0x080023c6       0x18 C:\projects\copter_stm32\Output\Generic_STM32F103C6_fake_STM32F103C8\Debug\core\core.a(rcc.c.o)
                0x080023c6                rcc_is_clk_ready
 *fill*         0x080023de        0x2 
 .text.rcc_configure_pll
                0x080023e0       0x18 C:\projects\copter_stm32\Output\Generic_STM32F103C6_fake_STM32F103C8\Debug\core\core.a(rcc_f1.c.o)
                0x080023e0                rcc_configure_pll
 .text.rcc_clk_enable
                0x080023f8       0x30 C:\projects\copter_stm32\Output\Generic_STM32F103C6_fake_STM32F103C8\Debug\core\core.a(rcc_f1.c.o)
                0x080023f8                rcc_clk_enable
 .text.rcc_reset_dev
                0x08002428       0x34 C:\projects\copter_stm32\Output\Generic_STM32F103C6_fake_STM32F103C8\Debug\core\core.a(rcc_f1.c.o)
                0x08002428                rcc_reset_dev
 .text.rcc_set_prescaler
                0x0800245c       0x20 C:\projects\copter_stm32\Output\Generic_STM32F103C6_fake_STM32F103C8\Debug\core\core.a(rcc_f1.c.o)
                0x0800245c                rcc_set_prescaler
 .text.rcc_clk_disable
                0x0800247c       0x30 C:\projects\copter_stm32\Output\Generic_STM32F103C6_fake_STM32F103C8\Debug\core\core.a(rcc_f1.c.o)
                0x0800247c                rcc_clk_disable
 .text          0x080024ac        0x2 C:\projects\copter_stm32\Output\Generic_STM32F103C6_fake_STM32F103C8\Debug\core\core.a(isrs.S.o)
                0x080024ac                __stm32reservedexception9
                0x080024ac                __exc_debug_monitor
                0x080024ac                __exc_svc
                0x080024ac                __irq_can_rx1
                0x080024ac                __irq_spi2
                0x080024ac                __irq_can_sce
                0x080024ac                __irq_pvd
                0x080024ac                __irq_tamper
                0x080024ac                __default_handler
                0x080024ac                __irq_wwdg
                0x080024ac                __stm32reservedexception10
                0x080024ac                __irq_flash
                0x080024ac                __stm32reservedexception13
                0x080024ac                __irq_rtc
                0x080024ac                __irq_spi1
                0x080024ac                __stm32reservedexception7
                0x080024ac                __irq_usb_hp_can_tx
                0x080024ac                __irq_rtcalarm
                0x080024ac                __stm32reservedexception8
                0x080024ac                __exc_pendsv
                0x080024ac                __irq_usbwakeup
                0x080024ac                __irq_rcc
 *fill*         0x080024ae        0x2 
 .text.systick_init
                0x080024b0       0x10 C:\projects\copter_stm32\Output\Generic_STM32F103C6_fake_STM32F103C8\Debug\core\core.a(systick.c.o)
                0x080024b0                systick_init
 .text.__exc_systick
                0x080024c0       0x1c C:\projects\copter_stm32\Output\Generic_STM32F103C6_fake_STM32F103C8\Debug\core\core.a(systick.c.o)
                0x080024c0                __exc_systick
 .text.timer_oc_set_mode
                0x080024dc       0x3a C:\projects\copter_stm32\Output\Generic_STM32F103C6_fake_STM32F103C8\Debug\core\core.a(timer.c.o)
 .text.dispatch_general
                0x08002516       0x66 C:\projects\copter_stm32\Output\Generic_STM32F103C6_fake_STM32F103C8\Debug\core\core.a(timer.c.o)
 .text.timer_cc_enable
                0x0800257c       0x1c C:\projects\copter_stm32\Output\Generic_STM32F103C6_fake_STM32F103C8\Debug\core\core.a(timer.c.o)
 .text.timer_foreach
                0x08002598       0x28 C:\projects\copter_stm32\Output\Generic_STM32F103C6_fake_STM32F103C8\Debug\core\core.a(timer.c.o)
                0x08002598                timer_foreach
 .text.timer_init
                0x080025c0       0x14 C:\projects\copter_stm32\Output\Generic_STM32F103C6_fake_STM32F103C8\Debug\core\core.a(timer.c.o)
                0x080025c0                timer_init
 .text.timer_has_cc_channel
                0x080025d4       0x30 C:\projects\copter_stm32\Output\Generic_STM32F103C6_fake_STM32F103C8\Debug\core\core.a(timer.c.o)
                0x080025d4                timer_has_cc_channel
 .text.timer_detach_interrupt
                0x08002604       0x1e C:\projects\copter_stm32\Output\Generic_STM32F103C6_fake_STM32F103C8\Debug\core\core.a(timer.c.o)
                0x08002604                timer_detach_interrupt
 .text.input_capture_mode
                0x08002622       0x1a C:\projects\copter_stm32\Output\Generic_STM32F103C6_fake_STM32F103C8\Debug\core\core.a(timer.c.o)
                0x08002622                input_capture_mode
 .text.timer_set_mode
                0x0800263c       0x8c C:\projects\copter_stm32\Output\Generic_STM32F103C6_fake_STM32F103C8\Debug\core\core.a(timer.c.o)
                0x0800263c                timer_set_mode
 .text.__irq_tim1_brk
                0x080026c8       0x24 C:\projects\copter_stm32\Output\Generic_STM32F103C6_fake_STM32F103C8\Debug\core\core.a(timer.c.o)
                0x080026c8                __irq_tim1_brk
 .text.__irq_tim1_up
                0x080026ec       0x24 C:\projects\copter_stm32\Output\Generic_STM32F103C6_fake_STM32F103C8\Debug\core\core.a(timer.c.o)
                0x080026ec                __irq_tim1_up
 .text.__irq_tim1_trg_com
                0x08002710       0x34 C:\projects\copter_stm32\Output\Generic_STM32F103C6_fake_STM32F103C8\Debug\core\core.a(timer.c.o)
                0x08002710                __irq_tim1_trg_com
 .text.__irq_tim1_cc
                0x08002744       0x50 C:\projects\copter_stm32\Output\Generic_STM32F103C6_fake_STM32F103C8\Debug\core\core.a(timer.c.o)
                0x08002744                __irq_tim1_cc
 .text.__irq_tim2
                0x08002794        0xc C:\projects\copter_stm32\Output\Generic_STM32F103C6_fake_STM32F103C8\Debug\core\core.a(timer.c.o)
                0x08002794                __irq_tim2
 .text.__irq_tim3
                0x080027a0        0xc C:\projects\copter_stm32\Output\Generic_STM32F103C6_fake_STM32F103C8\Debug\core\core.a(timer.c.o)
                0x080027a0                __irq_tim3
 .text.__irq_tim4
                0x080027ac        0xc C:\projects\copter_stm32\Output\Generic_STM32F103C6_fake_STM32F103C8\Debug\core\core.a(timer.c.o)
                0x080027ac                __irq_tim4
 .text.usart_init
                0x080027b8       0x4c C:\projects\copter_stm32\Output\Generic_STM32F103C6_fake_STM32F103C8\Debug\core\core.a(usart.c.o)
                0x080027b8                usart_init
 .text.usart_enable
                0x08002804       0x14 C:\projects\copter_stm32\Output\Generic_STM32F103C6_fake_STM32F103C8\Debug\core\core.a(usart.c.o)
                0x08002804                usart_enable
 .text.usart_tx
                0x08002818       0x9c C:\projects\copter_stm32\Output\Generic_STM32F103C6_fake_STM32F103C8\Debug\core\core.a(usart.c.o)
                0x08002818                usart_tx
 .text.usart_irq
                0x080028b4       0xc8 C:\projects\copter_stm32\Output\Generic_STM32F103C6_fake_STM32F103C8\Debug\core\core.a(usart_f1.c.o)
 .text.usart_config_gpios_async
                0x0800297c       0x4a C:\projects\copter_stm32\Output\Generic_STM32F103C6_fake_STM32F103C8\Debug\core\core.a(usart_f1.c.o)
                0x0800297c                usart_config_gpios_async
 .text.usart_set_baud_rate
                0x080029c6       0x3c C:\projects\copter_stm32\Output\Generic_STM32F103C6_fake_STM32F103C8\Debug\core\core.a(usart_f1.c.o)
                0x080029c6                usart_set_baud_rate
 *fill*         0x08002a02        0x2 
 .text.__irq_usart1
                0x08002a04       0x18 C:\projects\copter_stm32\Output\Generic_STM32F103C6_fake_STM32F103C8\Debug\core\core.a(usart_f1.c.o)
                0x08002a04                __irq_usart1
 .text.__irq_usart2
                0x08002a1c       0x18 C:\projects\copter_stm32\Output\Generic_STM32F103C6_fake_STM32F103C8\Debug\core\core.a(usart_f1.c.o)
                0x08002a1c                __irq_usart2
 .text.__irq_usart3
                0x08002a34       0x18 C:\projects\copter_stm32\Output\Generic_STM32F103C6_fake_STM32F103C8\Debug\core\core.a(usart_f1.c.o)
                0x08002a34                __irq_usart3
 .text._usart_clock_freq
                0x08002a4c       0x24 C:\projects\copter_stm32\Output\Generic_STM32F103C6_fake_STM32F103C8\Debug\core\core.a(usart_private.c.o)
                0x08002a4c                _usart_clock_freq
 .text.usb_resume
                0x08002a70       0xb4 C:\projects\copter_stm32\Output\Generic_STM32F103C6_fake_STM32F103C8\Debug\core\core.a(usb.c.o)
 .text.usb_init_usblib
                0x08002b24       0x48 C:\projects\copter_stm32\Output\Generic_STM32F103C6_fake_STM32F103C8\Debug\core\core.a(usb.c.o)
                0x08002b24                usb_init_usblib
 .text.__irq_usb_lp_can_rx0
                0x08002b6c      0x1c8 C:\projects\copter_stm32\Output\Generic_STM32F103C6_fake_STM32F103C8\Debug\core\core.a(usb.c.o)
                0x08002b6c                __irq_usb_lp_can_rx0
 .text.usb_set_ep_rx_stat
                0x08002d34       0x22 C:\projects\copter_stm32\Output\Generic_STM32F103C6_fake_STM32F103C8\Debug\core\core.a(usb_cdcacm.c.o)
 *fill*         0x08002d56        0x2 
 .text.vcomGetSetLineCoding
                0x08002d58       0x18 C:\projects\copter_stm32\Output\Generic_STM32F103C6_fake_STM32F103C8\Debug\core\core.a(usb_cdcacm.c.o)
 .text.usbDataSetup
                0x08002d70       0x54 C:\projects\copter_stm32\Output\Generic_STM32F103C6_fake_STM32F103C8\Debug\core\core.a(usb_cdcacm.c.o)
 .text.usbNoDataSetup
                0x08002dc4       0x50 C:\projects\copter_stm32\Output\Generic_STM32F103C6_fake_STM32F103C8\Debug\core\core.a(usb_cdcacm.c.o)
 .text.usbGetInterfaceSetting
                0x08002e14       0x10 C:\projects\copter_stm32\Output\Generic_STM32F103C6_fake_STM32F103C8\Debug\core\core.a(usb_cdcacm.c.o)
 .text.usbSetConfiguration
                0x08002e24       0x1c C:\projects\copter_stm32\Output\Generic_STM32F103C6_fake_STM32F103C8\Debug\core\core.a(usb_cdcacm.c.o)
 .text.usbSetDeviceAddress
                0x08002e40       0x10 C:\projects\copter_stm32\Output\Generic_STM32F103C6_fake_STM32F103C8\Debug\core\core.a(usb_cdcacm.c.o)
 .text.usbGetStringDescriptor
                0x08002e50       0x20 C:\projects\copter_stm32\Output\Generic_STM32F103C6_fake_STM32F103C8\Debug\core\core.a(usb_cdcacm.c.o)
 .text.usbGetConfigDescriptor
                0x08002e70        0xc C:\projects\copter_stm32\Output\Generic_STM32F103C6_fake_STM32F103C8\Debug\core\core.a(usb_cdcacm.c.o)
 .text.usbGetDeviceDescriptor
                0x08002e7c        0xc C:\projects\copter_stm32\Output\Generic_STM32F103C6_fake_STM32F103C8\Debug\core\core.a(usb_cdcacm.c.o)
 .text.usbInit  0x08002e88       0x44 C:\projects\copter_stm32\Output\Generic_STM32F103C6_fake_STM32F103C8\Debug\core\core.a(usb_cdcacm.c.o)
 .text.vcomDataTxCb
                0x08002ecc       0xa0 C:\projects\copter_stm32\Output\Generic_STM32F103C6_fake_STM32F103C8\Debug\core\core.a(usb_cdcacm.c.o)
 .text.usbReset
                0x08002f6c      0x160 C:\projects\copter_stm32\Output\Generic_STM32F103C6_fake_STM32F103C8\Debug\core\core.a(usb_cdcacm.c.o)
 .text.vcomDataRxCb
                0x080030cc       0x7c C:\projects\copter_stm32\Output\Generic_STM32F103C6_fake_STM32F103C8\Debug\core\core.a(usb_cdcacm.c.o)
 .text.usb_cdcacm_set_hooks
                0x08003148       0x1c C:\projects\copter_stm32\Output\Generic_STM32F103C6_fake_STM32F103C8\Debug\core\core.a(usb_cdcacm.c.o)
                0x08003148                usb_cdcacm_set_hooks
 .text.usb_cdcacm_enable
                0x08003164       0x38 C:\projects\copter_stm32\Output\Generic_STM32F103C6_fake_STM32F103C8\Debug\core\core.a(usb_cdcacm.c.o)
                0x08003164                usb_cdcacm_enable
 .text.usb_cdcacm_tx
                0x0800319c       0x60 C:\projects\copter_stm32\Output\Generic_STM32F103C6_fake_STM32F103C8\Debug\core\core.a(usb_cdcacm.c.o)
                0x0800319c                usb_cdcacm_tx
 .text.usb_cdcacm_data_available
                0x080031fc       0x18 C:\projects\copter_stm32\Output\Generic_STM32F103C6_fake_STM32F103C8\Debug\core\core.a(usb_cdcacm.c.o)
                0x080031fc                usb_cdcacm_data_available
 .text.usb_cdcacm_peek
                0x08003214       0x38 C:\projects\copter_stm32\Output\Generic_STM32F103C6_fake_STM32F103C8\Debug\core\core.a(usb_cdcacm.c.o)
                0x08003214                usb_cdcacm_peek
 .text.usb_cdcacm_rx
                0x0800324c       0x34 C:\projects\copter_stm32\Output\Generic_STM32F103C6_fake_STM32F103C8\Debug\core\core.a(usb_cdcacm.c.o)
                0x0800324c                usb_cdcacm_rx
 .text.usb_cdcacm_peek_ex
                0x08003280       0x40 C:\projects\copter_stm32\Output\Generic_STM32F103C6_fake_STM32F103C8\Debug\core\core.a(usb_cdcacm.c.o)
                0x08003280                usb_cdcacm_peek_ex
 .text.usb_cdcacm_get_dtr
                0x080032c0       0x10 C:\projects\copter_stm32\Output\Generic_STM32F103C6_fake_STM32F103C8\Debug\core\core.a(usb_cdcacm.c.o)
                0x080032c0                usb_cdcacm_get_dtr
 .text.usb_set_ep_rx_count
                0x080032d0       0x4c C:\projects\copter_stm32\Output\Generic_STM32F103C6_fake_STM32F103C8\Debug\core\core.a(usb_reg_map.c.o)
                0x080032d0                usb_set_ep_rx_count
 .text.Standard_GetConfiguration
                0x0800331c       0x24 C:\projects\copter_stm32\Output\Generic_STM32F103C6_fake_STM32F103C8\Debug\core\core.a(usb_core.c.o)
                0x0800331c                Standard_GetConfiguration
 .text.Standard_GetInterface
                0x08003340       0x24 C:\projects\copter_stm32\Output\Generic_STM32F103C6_fake_STM32F103C8\Debug\core\core.a(usb_core.c.o)
                0x08003340                Standard_GetInterface
 .text.Standard_GetStatus
                0x08003364       0x90 C:\projects\copter_stm32\Output\Generic_STM32F103C6_fake_STM32F103C8\Debug\core\core.a(usb_core.c.o)
                0x08003364                Standard_GetStatus
 .text.DataStageIn
                0x080033f4       0xa8 C:\projects\copter_stm32\Output\Generic_STM32F103C6_fake_STM32F103C8\Debug\core\core.a(usb_core.c.o)
 .text.Standard_SetConfiguration
                0x0800349c       0x38 C:\projects\copter_stm32\Output\Generic_STM32F103C6_fake_STM32F103C8\Debug\core\core.a(usb_core.c.o)
                0x0800349c                Standard_SetConfiguration
 .text.Standard_SetInterface
                0x080034d4       0x48 C:\projects\copter_stm32\Output\Generic_STM32F103C6_fake_STM32F103C8\Debug\core\core.a(usb_core.c.o)
                0x080034d4                Standard_SetInterface
 .text.Standard_ClearFeature
                0x0800351c       0xd0 C:\projects\copter_stm32\Output\Generic_STM32F103C6_fake_STM32F103C8\Debug\core\core.a(usb_core.c.o)
                0x0800351c                Standard_ClearFeature
 .text.Standard_SetEndPointFeature
                0x080035ec       0x84 C:\projects\copter_stm32\Output\Generic_STM32F103C6_fake_STM32F103C8\Debug\core\core.a(usb_core.c.o)
                0x080035ec                Standard_SetEndPointFeature
 .text.Standard_SetDeviceFeature
                0x08003670       0x24 C:\projects\copter_stm32\Output\Generic_STM32F103C6_fake_STM32F103C8\Debug\core\core.a(usb_core.c.o)
                0x08003670                Standard_SetDeviceFeature
 .text.Standard_GetDescriptorData
                0x08003694       0x1c C:\projects\copter_stm32\Output\Generic_STM32F103C6_fake_STM32F103C8\Debug\core\core.a(usb_core.c.o)
                0x08003694                Standard_GetDescriptorData
 .text.Post0_Process
                0x080036b0       0x40 C:\projects\copter_stm32\Output\Generic_STM32F103C6_fake_STM32F103C8\Debug\core\core.a(usb_core.c.o)
                0x080036b0                Post0_Process
 .text.Setup0_Process
                0x080036f0      0x2d0 C:\projects\copter_stm32\Output\Generic_STM32F103C6_fake_STM32F103C8\Debug\core\core.a(usb_core.c.o)
                0x080036f0                Setup0_Process
 .text.Out0_Process
                0x080039c0       0xc8 C:\projects\copter_stm32\Output\Generic_STM32F103C6_fake_STM32F103C8\Debug\core\core.a(usb_core.c.o)
                0x080039c0                Out0_Process
 .text.SetDeviceAddress
                0x08003a88       0x38 C:\projects\copter_stm32\Output\Generic_STM32F103C6_fake_STM32F103C8\Debug\core\core.a(usb_core.c.o)
                0x08003a88                SetDeviceAddress
 .text.In0_Process
                0x08003ac0       0x5c C:\projects\copter_stm32\Output\Generic_STM32F103C6_fake_STM32F103C8\Debug\core\core.a(usb_core.c.o)
                0x08003ac0                In0_Process
 .text.NOP_Process
                0x08003b1c        0x2 C:\projects\copter_stm32\Output\Generic_STM32F103C6_fake_STM32F103C8\Debug\core\core.a(usb_core.c.o)
                0x08003b1c                NOP_Process
 .text.UserToPMABufferCopy
                0x08003b1e       0x30 C:\projects\copter_stm32\Output\Generic_STM32F103C6_fake_STM32F103C8\Debug\core\core.a(usb_mem.c.o)
                0x08003b1e                UserToPMABufferCopy
 .text.PMAToUserBufferCopy
                0x08003b4e       0x32 C:\projects\copter_stm32\Output\Generic_STM32F103C6_fake_STM32F103C8\Debug\core\core.a(usb_mem.c.o)
                0x08003b4e                PMAToUserBufferCopy
 .text.SetEPTxStatus
                0x08003b80       0x2a C:\projects\copter_stm32\Output\Generic_STM32F103C6_fake_STM32F103C8\Debug\core\core.a(usb_regs.c.o)
                0x08003b80                SetEPTxStatus
 .text.ClearDTOG_RX
                0x08003baa       0x20 C:\projects\copter_stm32\Output\Generic_STM32F103C6_fake_STM32F103C8\Debug\core\core.a(usb_regs.c.o)
                0x08003baa                ClearDTOG_RX
 .text.ClearDTOG_TX
                0x08003bca       0x20 C:\projects\copter_stm32\Output\Generic_STM32F103C6_fake_STM32F103C8\Debug\core\core.a(usb_regs.c.o)
                0x08003bca                ClearDTOG_TX
 *fill*         0x08003bea        0x2 
 .text.GetEPTxAddr
                0x08003bec       0x1c C:\projects\copter_stm32\Output\Generic_STM32F103C6_fake_STM32F103C8\Debug\core\core.a(usb_regs.c.o)
                0x08003bec                GetEPTxAddr
 .text.GetEPRxAddr
                0x08003c08       0x1c C:\projects\copter_stm32\Output\Generic_STM32F103C6_fake_STM32F103C8\Debug\core\core.a(usb_regs.c.o)
                0x08003c08                GetEPRxAddr
 .text.SetEPTxCount
                0x08003c24       0x1c C:\projects\copter_stm32\Output\Generic_STM32F103C6_fake_STM32F103C8\Debug\core\core.a(usb_regs.c.o)
                0x08003c24                SetEPTxCount
 .text.SetEPRxCount
                0x08003c40       0x40 C:\projects\copter_stm32\Output\Generic_STM32F103C6_fake_STM32F103C8\Debug\core\core.a(usb_regs.c.o)
                0x08003c40                SetEPRxCount
 .text.throb    0x08003c80       0x4c C:\projects\copter_stm32\Output\Generic_STM32F103C6_fake_STM32F103C8\Debug\core\core.a(util.c.o)
                0x08003c80                throb
 .text.__error  0x08003ccc       0x14 C:\projects\copter_stm32\Output\Generic_STM32F103C6_fake_STM32F103C8\Debug\core\core.a(util.c.o)
                0x08003ccc                __error
 .text.startup._Z7premainv
                0x08003ce0        0x4 C:\projects\copter_stm32\Output\Generic_STM32F103C6_fake_STM32F103C8\Debug\core\core.a(main.cpp.o)
                0x08003ce0                premain()
 .text.startup.main
                0x08003ce4        0xc C:\projects\copter_stm32\Output\Generic_STM32F103C6_fake_STM32F103C8\Debug\core\core.a(main.cpp.o)
                0x08003ce4                main
 .text._Z8pwmWriteht
                0x08003cf0       0x24 C:\projects\copter_stm32\Output\Generic_STM32F103C6_fake_STM32F103C8\Debug\core\core.a(pwm.cpp.o)
                0x08003cf0                pwmWrite(unsigned char, unsigned short)
 .text._Z7pinModeh13WiringPinMode
                0x08003d14       0x84 C:\projects\copter_stm32\Output\Generic_STM32F103C6_fake_STM32F103C8\Debug\core\core.a(wirish_digital_f1.cpp.o)
                0x08003d14                pinMode(unsigned char, WiringPinMode)
 .text._ZN9USBSerial9availableEv
                0x08003d98        0x4 C:\projects\copter_stm32\Output\Generic_STM32F103C6_fake_STM32F103C8\Debug\core\core.a(usb_serial.cpp.o)
                0x08003d98                USBSerial::available()
 .text._ZN9USBSerial4peekEv
                0x08003d9c       0x1e C:\projects\copter_stm32\Output\Generic_STM32F103C6_fake_STM32F103C8\Debug\core\core.a(usb_serial.cpp.o)
                0x08003d9c                USBSerial::peek()
 .text._ZN9USBSerial4readEv
                0x08003dba       0x1e C:\projects\copter_stm32\Output\Generic_STM32F103C6_fake_STM32F103C8\Debug\core\core.a(usb_serial.cpp.o)
                0x08003dba                USBSerial::read()
 .text._ZL14ifaceSetupHookjPv
                0x08003dd8       0x38 C:\projects\copter_stm32\Output\Generic_STM32F103C6_fake_STM32F103C8\Debug\core\core.a(usb_serial.cpp.o)
 .text._ZL6rxHookjPv
                0x08003e10       0x6c C:\projects\copter_stm32\Output\Generic_STM32F103C6_fake_STM32F103C8\Debug\core\core.a(usb_serial.cpp.o)
 .text._ZN9USBSerialC2Ev
                0x08003e7c       0x14 C:\projects\copter_stm32\Output\Generic_STM32F103C6_fake_STM32F103C8\Debug\core\core.a(usb_serial.cpp.o)
                0x08003e7c                USBSerial::USBSerial()
                0x08003e7c                USBSerial::USBSerial()
 .text._ZN9USBSerial5beginEv
                0x08003e90       0x34 C:\projects\copter_stm32\Output\Generic_STM32F103C6_fake_STM32F103C8\Debug\core\core.a(usb_serial.cpp.o)
                0x08003e90                USBSerial::begin()
 .text._ZN9USBSerial5writeEPKhm
                0x08003ec4       0x4c C:\projects\copter_stm32\Output\Generic_STM32F103C6_fake_STM32F103C8\Debug\core\core.a(usb_serial.cpp.o)
                0x08003ec4                USBSerial::write(unsigned char const*, unsigned long)
 .text._ZN9USBSerial5writeEh
                0x08003f10       0x16 C:\projects\copter_stm32\Output\Generic_STM32F103C6_fake_STM32F103C8\Debug\core\core.a(usb_serial.cpp.o)
                0x08003f10                USBSerial::write(unsigned char)
 .text._ZN9USBSerial5writeEPKc
                0x08003f26       0x1a C:\projects\copter_stm32\Output\Generic_STM32F103C6_fake_STM32F103C8\Debug\core\core.a(usb_serial.cpp.o)
                0x08003f26                USBSerial::write(char const*)
 .text._ZN9USBSerial4readEPhm
                0x08003f40       0x1c C:\projects\copter_stm32\Output\Generic_STM32F103C6_fake_STM32F103C8\Debug\core\core.a(usb_serial.cpp.o)
                0x08003f40                USBSerial::read(unsigned char*, unsigned long)
 .text._ZN9USBSerial5flushEv
                0x08003f5c       0x1c C:\projects\copter_stm32\Output\Generic_STM32F103C6_fake_STM32F103C8\Debug\core\core.a(usb_serial.cpp.o)
                0x08003f5c                USBSerial::flush()
 .text.startup._GLOBAL__sub_I__ZN9USBSerial9_hasBegunE
                0x08003f78        0xc C:\projects\copter_stm32\Output\Generic_STM32F103C6_fake_STM32F103C8\Debug\core\core.a(usb_serial.cpp.o)
 .text._Z10analogReadh
                0x08003f84       0x1c C:\projects\copter_stm32\Output\Generic_STM32F103C6_fake_STM32F103C8\Debug\core\core.a(wirish_analog.cpp.o)
                0x08003f84                analogRead(unsigned char)
 .text._Z11digitalReadh
                0x08003fa0       0x2c C:\projects\copter_stm32\Output\Generic_STM32F103C6_fake_STM32F103C8\Debug\core\core.a(wirish_digital.cpp.o)
                0x08003fa0                digitalRead(unsigned char)
 .text._Z12digitalWritehh
                0x08003fcc       0x2c C:\projects\copter_stm32\Output\Generic_STM32F103C6_fake_STM32F103C8\Debug\core\core.a(wirish_digital.cpp.o)
                0x08003fcc                digitalWrite(unsigned char, unsigned char)
 .text._ZL6microsv
                0x08003ff8       0x34 C:\projects\copter_stm32\Output\Generic_STM32F103C6_fake_STM32F103C8\Debug\core\core.a(wirish_time.cpp.o)
 .text._Z5delaym
                0x0800402c       0x2a C:\projects\copter_stm32\Output\Generic_STM32F103C6_fake_STM32F103C8\Debug\core\core.a(wirish_time.cpp.o)
                0x0800402c                delay(unsigned long)
 .text.__empty  0x08004056        0x2 C:\projects\copter_stm32\Output\Generic_STM32F103C6_fake_STM32F103C8\Debug\core\core.a(hooks.c.o)
                0x08004056                yield
 .text.bkp_init
                0x08004058       0x18 C:\projects\copter_stm32\Output\Generic_STM32F103C6_fake_STM32F103C8\Debug\core\core.a(bkp_f1.c.o)
                0x08004058                bkp_init
 .text.bkp_enable_writes
                0x08004070        0xc C:\projects\copter_stm32\Output\Generic_STM32F103C6_fake_STM32F103C8\Debug\core\core.a(bkp_f1.c.o)
                0x08004070                bkp_enable_writes
 .text.bkp_disable_writes
                0x0800407c        0xc C:\projects\copter_stm32\Output\Generic_STM32F103C6_fake_STM32F103C8\Debug\core\core.a(bkp_f1.c.o)
                0x0800407c                bkp_disable_writes
 .text.bkp_write
                0x08004088       0x16 C:\projects\copter_stm32\Output\Generic_STM32F103C6_fake_STM32F103C8\Debug\core\core.a(bkp_f1.c.o)
                0x08004088                bkp_write
 .text.gpio_init
                0x0800409e       0x14 C:\projects\copter_stm32\Output\Generic_STM32F103C6_fake_STM32F103C8\Debug\core\core.a(gpio.c.o)
                0x0800409e                gpio_init
 *fill*         0x080040b2        0x2 
 .text          0x080040b4      0x370 c:/users/tcool/appdata/local/arduino15/packages/arduino/tools/arm-none-eabi-gcc/4.8.3-2014q1/bin/../lib/gcc/arm-none-eabi/4.8.3/armv7-m\libgcc.a(_arm_addsubdf3.o)
                0x080040b4                __aeabi_drsub
                0x080040bc                __aeabi_dsub
                0x080040bc                __subdf3
                0x080040c0                __aeabi_dadd
                0x080040c0                __adddf3
                0x08004338                __floatunsidf
                0x08004338                __aeabi_ui2d
                0x08004358                __floatsidf
                0x08004358                __aeabi_i2d
                0x0800437c                __aeabi_f2d
                0x0800437c                __extendsfdf2
                0x080043b8                __floatundidf
                0x080043b8                __aeabi_ul2d
                0x080043c8                __floatdidf
                0x080043c8                __aeabi_l2d
 .text          0x08004424      0x424 c:/users/tcool/appdata/local/arduino15/packages/arduino/tools/arm-none-eabi-gcc/4.8.3-2014q1/bin/../lib/gcc/arm-none-eabi/4.8.3/armv7-m\libgcc.a(_arm_muldivdf3.o)
                0x08004424                __aeabi_dmul
                0x08004424                __muldf3
                0x08004678                __divdf3
                0x08004678                __aeabi_ddiv
 .text          0x08004848       0xa0 c:/users/tcool/appdata/local/arduino15/packages/arduino/tools/arm-none-eabi-gcc/4.8.3-2014q1/bin/../lib/gcc/arm-none-eabi/4.8.3/armv7-m\libgcc.a(_arm_truncdfsf2.o)
                0x08004848                __truncdfsf2
                0x08004848                __aeabi_d2f
 .text          0x080048e8      0x21c c:/users/tcool/appdata/local/arduino15/packages/arduino/tools/arm-none-eabi-gcc/4.8.3-2014q1/bin/../lib/gcc/arm-none-eabi/4.8.3/armv7-m\libgcc.a(_arm_addsubsf3.o)
                0x080048e8                __aeabi_frsub
                0x080048f0                __subsf3
                0x080048f0                __aeabi_fsub
                0x080048f4                __aeabi_fadd
                0x080048f4                __addsf3
                0x08004a54                __aeabi_ui2f
                0x08004a54                __floatunsisf
                0x08004a5c                __aeabi_i2f
                0x08004a5c                __floatsisf
                0x08004a78                __aeabi_ul2f
                0x08004a78                __floatundisf
                0x08004a88                __aeabi_l2f
                0x08004a88                __floatdisf
 .text          0x08004b04      0x2a0 c:/users/tcool/appdata/local/arduino15/packages/arduino/tools/arm-none-eabi-gcc/4.8.3-2014q1/bin/../lib/gcc/arm-none-eabi/4.8.3/armv7-m\libgcc.a(_arm_muldivsf3.o)
                0x08004b04                __mulsf3
                0x08004b04                __aeabi_fmul
                0x08004c6c                __aeabi_fdiv
                0x08004c6c                __divsf3
 .text          0x08004da4       0xec c:/users/tcool/appdata/local/arduino15/packages/arduino/tools/arm-none-eabi-gcc/4.8.3-2014q1/bin/../lib/gcc/arm-none-eabi/4.8.3/armv7-m\libgcc.a(_arm_cmpsf2.o)
                0x08004da4                __gesf2
                0x08004da4                __gtsf2
                0x08004dac                __lesf2
                0x08004dac                __ltsf2
                0x08004db4                __nesf2
                0x08004db4                __eqsf2
                0x08004db4                __cmpsf2
                0x08004e14                __aeabi_cfrcmple
                0x08004e1c                __aeabi_cfcmpeq
                0x08004e1c                __aeabi_cfcmple
                0x08004e2c                __aeabi_fcmpeq
                0x08004e40                __aeabi_fcmplt
                0x08004e54                __aeabi_fcmple
                0x08004e68                __aeabi_fcmpge
                0x08004e7c                __aeabi_fcmpgt
 .text          0x08004e90       0x40 c:/users/tcool/appdata/local/arduino15/packages/arduino/tools/arm-none-eabi-gcc/4.8.3-2014q1/bin/../lib/gcc/arm-none-eabi/4.8.3/armv7-m\libgcc.a(_arm_fixunssfsi.o)
                0x08004e90                __fixunssfsi
                0x08004e90                __aeabi_f2uiz
 .text.__errno  0x08004ed0        0xc c:/users/tcool/appdata/local/arduino15/packages/arduino/tools/arm-none-eabi-gcc/4.8.3-2014q1/bin/../lib/gcc/arm-none-eabi/4.8.3/../../../../arm-none-eabi/lib/armv7-m\libc.a(lib_a-errno.o)
                0x08004ed0                __errno
 .text.__libc_init_array
                0x08004edc       0x50 c:/users/tcool/appdata/local/arduino15/packages/arduino/tools/arm-none-eabi-gcc/4.8.3-2014q1/bin/../lib/gcc/arm-none-eabi/4.8.3/../../../../arm-none-eabi/lib/armv7-m\libc.a(lib_a-init.o)
                0x08004edc                __libc_init_array
 .text.malloc   0x08004f2c       0x10 c:/users/tcool/appdata/local/arduino15/packages/arduino/tools/arm-none-eabi-gcc/4.8.3-2014q1/bin/../lib/gcc/arm-none-eabi/4.8.3/../../../../arm-none-eabi/lib/armv7-m\libc.a(lib_a-malloc.o)
                0x08004f2c                malloc
 .text._malloc_r
                0x08004f3c      0x538 c:/users/tcool/appdata/local/arduino15/packages/arduino/tools/arm-none-eabi-gcc/4.8.3-2014q1/bin/../lib/gcc/arm-none-eabi/4.8.3/../../../../arm-none-eabi/lib/armv7-m\libc.a(lib_a-mallocr.o)
                0x08004f3c                _malloc_r
 .text          0x08005474       0xec c:/users/tcool/appdata/local/arduino15/packages/arduino/tools/arm-none-eabi-gcc/4.8.3-2014q1/bin/../lib/gcc/arm-none-eabi/4.8.3/../../../../arm-none-eabi/lib/armv7-m\libc.a(lib_a-memcpy.o)
                0x08005474                memcpy
 .text.memmove  0x08005560       0xcc c:/users/tcool/appdata/local/arduino15/packages/arduino/tools/arm-none-eabi-gcc/4.8.3-2014q1/bin/../lib/gcc/arm-none-eabi/4.8.3/../../../../arm-none-eabi/lib/armv7-m\libc.a(lib_a-memmove.o)
                0x08005560                memmove
 .text.memset   0x0800562c       0x94 c:/users/tcool/appdata/local/arduino15/packages/arduino/tools/arm-none-eabi-gcc/4.8.3-2014q1/bin/../lib/gcc/arm-none-eabi/4.8.3/../../../../arm-none-eabi/lib/armv7-m\libc.a(lib_a-memset.o)
                0x0800562c                memset
 .text.__malloc_lock
                0x080056c0        0x4 c:/users/tcool/appdata/local/arduino15/packages/arduino/tools/arm-none-eabi-gcc/4.8.3-2014q1/bin/../lib/gcc/arm-none-eabi/4.8.3/../../../../arm-none-eabi/lib/armv7-m\libc.a(lib_a-mlock.o)
                0x080056c0                __malloc_lock
 .text.__malloc_unlock
                0x080056c4        0x4 c:/users/tcool/appdata/local/arduino15/packages/arduino/tools/arm-none-eabi-gcc/4.8.3-2014q1/bin/../lib/gcc/arm-none-eabi/4.8.3/../../../../arm-none-eabi/lib/armv7-m\libc.a(lib_a-mlock.o)
                0x080056c4                __malloc_unlock
 .text.realloc  0x080056c8       0x10 c:/users/tcool/appdata/local/arduino15/packages/arduino/tools/arm-none-eabi-gcc/4.8.3-2014q1/bin/../lib/gcc/arm-none-eabi/4.8.3/../../../../arm-none-eabi/lib/armv7-m\libc.a(lib_a-realloc.o)
                0x080056c8                realloc
 .text._realloc_r
                0x080056d8      0x3c0 c:/users/tcool/appdata/local/arduino15/packages/arduino/tools/arm-none-eabi-gcc/4.8.3-2014q1/bin/../lib/gcc/arm-none-eabi/4.8.3/../../../../arm-none-eabi/lib/armv7-m\libc.a(lib_a-reallocr.o)
                0x080056d8                _realloc_r
 .text._sbrk_r  0x08005a98       0x24 c:/users/tcool/appdata/local/arduino15/packages/arduino/tools/arm-none-eabi-gcc/4.8.3-2014q1/bin/../lib/gcc/arm-none-eabi/4.8.3/../../../../arm-none-eabi/lib/armv7-m\libc.a(lib_a-sbrkr.o)
                0x08005a98                _sbrk_r
 .text.strlen   0x08005abc       0x60 c:/users/tcool/appdata/local/arduino15/packages/arduino/tools/arm-none-eabi-gcc/4.8.3-2014q1/bin/../lib/gcc/arm-none-eabi/4.8.3/../../../../arm-none-eabi/lib/armv7-m\libc.a(lib_a-strlen.o)
                0x08005abc                strlen
 .text.startup.register_fini
                0x08005b1c       0x14 c:/users/tcool/appdata/local/arduino15/packages/arduino/tools/arm-none-eabi-gcc/4.8.3-2014q1/bin/../lib/gcc/arm-none-eabi/4.8.3/../../../../arm-none-eabi/lib/armv7-m\libc.a(lib_a-__call_atexit.o)
 .text.atexit   0x08005b30        0xc c:/users/tcool/appdata/local/arduino15/packages/arduino/tools/arm-none-eabi-gcc/4.8.3-2014q1/bin/../lib/gcc/arm-none-eabi/4.8.3/../../../../arm-none-eabi/lib/armv7-m\libc.a(lib_a-atexit.o)
                0x08005b30                atexit
 .text.__libc_fini_array
                0x08005b3c       0x30 c:/users/tcool/appdata/local/arduino15/packages/arduino/tools/arm-none-eabi-gcc/4.8.3-2014q1/bin/../lib/gcc/arm-none-eabi/4.8.3/../../../../arm-none-eabi/lib/armv7-m\libc.a(lib_a-fini.o)
                0x08005b3c                __libc_fini_array
 .text._malloc_trim_r
                0x08005b6c       0x9c c:/users/tcool/appdata/local/arduino15/packages/arduino/tools/arm-none-eabi-gcc/4.8.3-2014q1/bin/../lib/gcc/arm-none-eabi/4.8.3/../../../../arm-none-eabi/lib/armv7-m\libc.a(lib_a-freer.o)
                0x08005b6c                _malloc_trim_r
 .text._free_r  0x08005c08      0x198 c:/users/tcool/appdata/local/arduino15/packages/arduino/tools/arm-none-eabi-gcc/4.8.3-2014q1/bin/../lib/gcc/arm-none-eabi/4.8.3/../../../../arm-none-eabi/lib/armv7-m\libc.a(lib_a-freer.o)
                0x08005c08                _free_r
 .text.__register_exitproc
                0x08005da0       0xa8 c:/users/tcool/appdata/local/arduino15/packages/arduino/tools/arm-none-eabi-gcc/4.8.3-2014q1/bin/../lib/gcc/arm-none-eabi/4.8.3/../../../../arm-none-eabi/lib/armv7-m\libc.a(lib_a-__atexit.o)
                0x08005da0                __register_exitproc
 *(.plt)
 *(.gnu.warning)
 *(.glue_7t)
 .glue_7t       0x00000000        0x0 linker stubs
 *(.glue_7)
 .glue_7        0x00000000        0x0 linker stubs
 *(.vfp11_veneer)
 .vfp11_veneer  0x00000000        0x0 linker stubs
 *(.ARM.extab* .gnu.linkonce.armextab.*)
 *(.gcc_except_table)
 *(.eh_frame_hdr)
 *(.eh_frame)
 .eh_frame      0x08005e48        0x0 c:/users/tcool/appdata/local/arduino15/packages/arduino/tools/arm-none-eabi-gcc/4.8.3-2014q1/bin/../lib/gcc/arm-none-eabi/4.8.3/armv7-m/crtbegin.o
                0x08005e48                . = ALIGN (0x4)
 *(.init)
 .init          0x08005e48        0x4 c:/users/tcool/appdata/local/arduino15/packages/arduino/tools/arm-none-eabi-gcc/4.8.3-2014q1/bin/../lib/gcc/arm-none-eabi/4.8.3/armv7-m/crti.o
                0x08005e48                _init
 .init          0x08005e4c        0x8 c:/users/tcool/appdata/local/arduino15/packages/arduino/tools/arm-none-eabi-gcc/4.8.3-2014q1/bin/../lib/gcc/arm-none-eabi/4.8.3/armv7-m/crtn.o
                0x08005e54                . = ALIGN (0x4)
                0x08005e54                __preinit_array_start = .
 *(.preinit_array)
                0x08005e54                __preinit_array_end = .
                0x08005e54                . = ALIGN (0x4)
                0x08005e54                __init_array_start = .
 *(SORT(.init_array.*))
 .init_array.00000
                0x08005e54        0x4 c:/users/tcool/appdata/local/arduino15/packages/arduino/tools/arm-none-eabi-gcc/4.8.3-2014q1/bin/../lib/gcc/arm-none-eabi/4.8.3/../../../../arm-none-eabi/lib/armv7-m\libc.a(lib_a-__call_atexit.o)
 .init_array.00101
                0x08005e58        0x4 C:\projects\copter_stm32\Output\Generic_STM32F103C6_fake_STM32F103C8\Debug\core\core.a(main.cpp.o)
 *(.init_array)
 .init_array    0x08005e5c        0x4 c:/users/tcool/appdata/local/arduino15/packages/arduino/tools/arm-none-eabi-gcc/4.8.3-2014q1/bin/../lib/gcc/arm-none-eabi/4.8.3/armv7-m/crtbegin.o
 .init_array    0x08005e60        0x4 C:\projects\copter_stm32\Output\Generic_STM32F103C6_fake_STM32F103C8\Debug\libraries\WireSlave\Wire_slave.cpp.o
 .init_array    0x08005e64        0x4 C:\projects\copter_stm32\Output\Generic_STM32F103C6_fake_STM32F103C8\Debug\core\board.cpp.o
 .init_array    0x08005e68        0x4 C:\projects\copter_stm32\Output\Generic_STM32F103C6_fake_STM32F103C8\Debug\core\core.a(HardwareTimer.cpp.o)
 .init_array    0x08005e6c        0x4 C:\projects\copter_stm32\Output\Generic_STM32F103C6_fake_STM32F103C8\Debug\core\core.a(usb_serial.cpp.o)
                0x08005e70                __init_array_end = .
                0x08005e70                . = ALIGN (0x4)
 *crtbegin.o(.ctors)
 *(EXCLUDE_FILE(*crtend.o) .ctors)
 *(SORT(.ctors.*))
 *crtend.o(.ctors)
                0x08005e70                . = ALIGN (0x4)
 *(.fini)
 .fini          0x08005e70        0x4 c:/users/tcool/appdata/local/arduino15/packages/arduino/tools/arm-none-eabi-gcc/4.8.3-2014q1/bin/../lib/gcc/arm-none-eabi/4.8.3/armv7-m/crti.o
                0x08005e70                _fini
 .fini          0x08005e74        0x8 c:/users/tcool/appdata/local/arduino15/packages/arduino/tools/arm-none-eabi-gcc/4.8.3-2014q1/bin/../lib/gcc/arm-none-eabi/4.8.3/armv7-m/crtn.o
                0x08005e7c                . = ALIGN (0x4)
                0x08005e7c                __fini_array_start = .
 *(.fini_array)
 .fini_array    0x08005e7c        0x4 c:/users/tcool/appdata/local/arduino15/packages/arduino/tools/arm-none-eabi-gcc/4.8.3-2014q1/bin/../lib/gcc/arm-none-eabi/4.8.3/armv7-m/crtbegin.o
 *(SORT(.fini_array.*))
                0x08005e80                __fini_array_end = .
 *crtbegin.o(.dtors)
 *(EXCLUDE_FILE(*crtend.o) .dtors)
 *(SORT(.dtors.*))
 *crtend.o(.dtors)

.v4_bx          0x08005e80        0x0
 .v4_bx         0x00000000        0x0 linker stubs

.iplt           0x08005e80        0x0
 .iplt          0x00000000        0x0 c:/users/tcool/appdata/local/arduino15/packages/arduino/tools/arm-none-eabi-gcc/4.8.3-2014q1/bin/../lib/gcc/arm-none-eabi/4.8.3/armv7-m/crtbegin.o

.text.align     0x08005e80        0x0
                0x08005e80                . = ALIGN (0x8)
                0x08005e80                __text_end__ = .
                0x08005e80                __exidx_start = .

.ARM.exidx      0x08005e80        0x8
 *(.ARM.exidx* .gnu.linkonce.armexidx.*)
 .ARM.exidx     0x08005e80        0x8 C:\projects\copter_stm32\Output\Generic_STM32F103C6_fake_STM32F103C8\Debug\core\wirish\start.S.o
                0x08005e88                __exidx_end = .

.data           0x20000000      0xd40 load address 0x08005e88
                0x20000000                __data_start__ = .
                0x20000000        0x4 LONG 0x0
                0x20000008                . = ALIGN (0x8)
 *fill*         0x20000004        0x4 
 *(.got.plt)
 *(.got)
 *(.data .data.* .gnu.linkonce.d.*)
 .data.beeps_coder
                0x20000008       0x10 C:\projects\copter_stm32\Output\Generic_STM32F103C6_fake_STM32F103C8\Debug\sketch\copter_stm32.ino.cpp.o
                0x20000008                beeps_coder
 .data.S4       0x20000018        0x1 C:\projects\copter_stm32\Output\Generic_STM32F103C6_fake_STM32F103C8\Debug\sketch\copter_stm32.ino.cpp.o
                0x20000018                S4
 .data.old_beep_code
                0x20000019        0x1 C:\projects\copter_stm32\Output\Generic_STM32F103C6_fake_STM32F103C8\Debug\sketch\copter_stm32.ino.cpp.o
                0x20000019                old_beep_code
 .data.gps_cnt  0x2000001a        0x1 C:\projects\copter_stm32\Output\Generic_STM32F103C6_fake_STM32F103C8\Debug\sketch\copter_stm32.ino.cpp.o
                0x2000001a                gps_cnt
 .data.old_cnt_req
                0x2000001b        0x1 C:\projects\copter_stm32\Output\Generic_STM32F103C6_fake_STM32F103C8\Debug\sketch\copter_stm32.ino.cpp.o
                0x2000001b                old_cnt_req
 .data.reg      0x2000001c        0x1 C:\projects\copter_stm32\Output\Generic_STM32F103C6_fake_STM32F103C8\Debug\sketch\copter_stm32.ino.cpp.o
                0x2000001c                reg
 .data.old_cnt_res
                0x2000001d        0x1 C:\projects\copter_stm32\Output\Generic_STM32F103C6_fake_STM32F103C8\Debug\sketch\copter_stm32.ino.cpp.o
                0x2000001d                old_cnt_res
 .data.pi_copter_color
                0x2000001e       0x18 C:\projects\copter_stm32\Output\Generic_STM32F103C6_fake_STM32F103C8\Debug\sketch\copter_stm32.ino.cpp.o
                0x2000001e                pi_copter_color
 .data.old_gps_c
                0x20000036        0x1 C:\projects\copter_stm32\Output\Generic_STM32F103C6_fake_STM32F103C8\Debug\sketch\copter_stm32.ino.cpp.o
                0x20000036                old_gps_c
 .data.col      0x20000037        0x6 C:\projects\copter_stm32\Output\Generic_STM32F103C6_fake_STM32F103C8\Debug\sketch\copter_stm32.ino.cpp.o
                0x20000037                col
 .data.do_sound
                0x2000003d        0x1 C:\projects\copter_stm32\Output\Generic_STM32F103C6_fake_STM32F103C8\Debug\sketch\copter_stm32.ino.cpp.o
                0x2000003d                do_sound
 .data.RMC_d    0x2000003e        0xb C:\projects\copter_stm32\Output\Generic_STM32F103C6_fake_STM32F103C8\Debug\sketch\gps.cpp.o
                0x2000003e                RMC_d
 .data.VTG_d    0x20000049        0xb C:\projects\copter_stm32\Output\Generic_STM32F103C6_fake_STM32F103C8\Debug\sketch\gps.cpp.o
                0x20000049                VTG_d
 .data.ghz10    0x20000054       0x16 C:\projects\copter_stm32\Output\Generic_STM32F103C6_fake_STM32F103C8\Debug\sketch\gps.cpp.o
                0x20000054                ghz10
 .data.GGA_d    0x2000006a        0xb C:\projects\copter_stm32\Output\Generic_STM32F103C6_fake_STM32F103C8\Debug\sketch\gps.cpp.o
                0x2000006a                GGA_d
 .data.GLL_d    0x20000075        0xb C:\projects\copter_stm32\Output\Generic_STM32F103C6_fake_STM32F103C8\Debug\sketch\gps.cpp.o
                0x20000075                GLL_d
 .data.GSA_d    0x20000080        0xb C:\projects\copter_stm32\Output\Generic_STM32F103C6_fake_STM32F103C8\Debug\sketch\gps.cpp.o
                0x20000080                GSA_d
 .data.POSLLH   0x2000008b        0xb C:\projects\copter_stm32\Output\Generic_STM32F103C6_fake_STM32F103C8\Debug\sketch\gps.cpp.o
                0x2000008b                POSLLH
 .data.GSV_d    0x20000096        0xb C:\projects\copter_stm32\Output\Generic_STM32F103C6_fake_STM32F103C8\Debug\sketch\gps.cpp.o
                0x20000096                GSV_d
 *fill*         0x200000a1        0x3 
 .data._ZN6wirish4privL8pll_dataE
                0x200000a4        0x4 C:\projects\copter_stm32\Output\Generic_STM32F103C6_fake_STM32F103C8\Debug\core\wirish\boards_setup.cpp.o
 .data._ZN6wirish4priv9w_adc_smpE
                0x200000a8        0x1 C:\projects\copter_stm32\Output\Generic_STM32F103C6_fake_STM32F103C8\Debug\core\wirish\boards_setup.cpp.o
                0x200000a8                wirish::priv::w_adc_smp
 *fill*         0x200000a9        0x1 
 .data._ZN6wirish4priv9w_adc_preE
                0x200000aa        0x2 C:\projects\copter_stm32\Output\Generic_STM32F103C6_fake_STM32F103C8\Debug\core\wirish\boards_setup.cpp.o
                0x200000aa                wirish::priv::w_adc_pre
 .data._ZN6wirish4priv15w_board_pll_cfgE
                0x200000ac        0x8 C:\projects\copter_stm32\Output\Generic_STM32F103C6_fake_STM32F103C8\Debug\core\wirish\boards_setup.cpp.o
                0x200000ac                wirish::priv::w_board_pll_cfg
 .data.adc2     0x200000b4        0x8 C:\projects\copter_stm32\Output\Generic_STM32F103C6_fake_STM32F103C8\Debug\core\core.a(adc_f1.c.o)
                0x200000b4                adc2
 .data.adc1     0x200000bc       0x18 C:\projects\copter_stm32\Output\Generic_STM32F103C6_fake_STM32F103C8\Debug\core\core.a(adc_f1.c.o)
                0x200000bc                adc1
 .data.ADC2     0x200000d4        0x4 C:\projects\copter_stm32\Output\Generic_STM32F103C6_fake_STM32F103C8\Debug\core\core.a(adc_f1.c.o)
                0x200000d4                ADC2
 .data.ADC1     0x200000d8        0x4 C:\projects\copter_stm32\Output\Generic_STM32F103C6_fake_STM32F103C8\Debug\core\core.a(adc_f1.c.o)
                0x200000d8                ADC1
 .data.dma1     0x200000dc       0x40 C:\projects\copter_stm32\Output\Generic_STM32F103C6_fake_STM32F103C8\Debug\core\core.a(dma_f1.c.o)
 .data.DMA1     0x2000011c        0x4 C:\projects\copter_stm32\Output\Generic_STM32F103C6_fake_STM32F103C8\Debug\core\core.a(dma_f1.c.o)
                0x2000011c                DMA1
 .data.gpioa    0x20000120        0x8 C:\projects\copter_stm32\Output\Generic_STM32F103C6_fake_STM32F103C8\Debug\core\core.a(gpio_f1.c.o)
                0x20000120                gpioa
 .data.gpiob    0x20000128        0x8 C:\projects\copter_stm32\Output\Generic_STM32F103C6_fake_STM32F103C8\Debug\core\core.a(gpio_f1.c.o)
                0x20000128                gpiob
 .data.gpioc    0x20000130        0x8 C:\projects\copter_stm32\Output\Generic_STM32F103C6_fake_STM32F103C8\Debug\core\core.a(gpio_f1.c.o)
                0x20000130                gpioc
 .data.gpiod    0x20000138        0x8 C:\projects\copter_stm32\Output\Generic_STM32F103C6_fake_STM32F103C8\Debug\core\core.a(gpio_f1.c.o)
                0x20000138                gpiod
 .data.i2c1     0x20000140       0x38 C:\projects\copter_stm32\Output\Generic_STM32F103C6_fake_STM32F103C8\Debug\core\core.a(i2c_f1.c.o)
 .data.i2c2     0x20000178       0x38 C:\projects\copter_stm32\Output\Generic_STM32F103C6_fake_STM32F103C8\Debug\core\core.a(i2c_f1.c.o)
 .data.enable_regs.4411
                0x200001b0        0xc C:\projects\copter_stm32\Output\Generic_STM32F103C6_fake_STM32F103C8\Debug\core\core.a(rcc_f1.c.o)
 .data.reset_regs.4415
                0x200001bc        0x8 C:\projects\copter_stm32\Output\Generic_STM32F103C6_fake_STM32F103C8\Debug\core\core.a(rcc_f1.c.o)
 .data.enable_regs.4424
                0x200001c4        0xc C:\projects\copter_stm32\Output\Generic_STM32F103C6_fake_STM32F103C8\Debug\core\core.a(rcc_f1.c.o)
 .data.timer3   0x200001d0       0x24 C:\projects\copter_stm32\Output\Generic_STM32F103C6_fake_STM32F103C8\Debug\core\core.a(timer.c.o)
                0x200001d0                timer3
 .data.timer4   0x200001f4       0x24 C:\projects\copter_stm32\Output\Generic_STM32F103C6_fake_STM32F103C8\Debug\core\core.a(timer.c.o)
                0x200001f4                timer4
 .data.timer1   0x20000218       0x28 C:\projects\copter_stm32\Output\Generic_STM32F103C6_fake_STM32F103C8\Debug\core\core.a(timer.c.o)
                0x20000218                timer1
 .data.timer2   0x20000240       0x24 C:\projects\copter_stm32\Output\Generic_STM32F103C6_fake_STM32F103C8\Debug\core\core.a(timer.c.o)
                0x20000240                timer2
 .data.USART1   0x20000264        0x4 C:\projects\copter_stm32\Output\Generic_STM32F103C6_fake_STM32F103C8\Debug\core\core.a(usart_f1.c.o)
                0x20000264                USART1
 .data.USART2   0x20000268        0x4 C:\projects\copter_stm32\Output\Generic_STM32F103C6_fake_STM32F103C8\Debug\core\core.a(usart_f1.c.o)
                0x20000268                USART2
 .data.USART3   0x2000026c        0x4 C:\projects\copter_stm32\Output\Generic_STM32F103C6_fake_STM32F103C8\Debug\core\core.a(usart_f1.c.o)
                0x2000026c                USART3
 .data.usart1   0x20000270       0x94 C:\projects\copter_stm32\Output\Generic_STM32F103C6_fake_STM32F103C8\Debug\core\core.a(usart_f1.c.o)
 .data.usart2   0x20000304       0x94 C:\projects\copter_stm32\Output\Generic_STM32F103C6_fake_STM32F103C8\Debug\core\core.a(usart_f1.c.o)
 .data.usart3   0x20000398       0x94 C:\projects\copter_stm32\Output\Generic_STM32F103C6_fake_STM32F103C8\Debug\core\core.a(usart_f1.c.o)
 .data.USBLIB   0x2000042c        0x4 C:\projects\copter_stm32\Output\Generic_STM32F103C6_fake_STM32F103C8\Debug\core\core.a(usb.c.o)
                0x2000042c                USBLIB
 .data.usblib   0x20000430       0x10 C:\projects\copter_stm32\Output\Generic_STM32F103C6_fake_STM32F103C8\Debug\core\core.a(usb.c.o)
 .data.Config_Descriptor
                0x20000440        0x8 C:\projects\copter_stm32\Output\Generic_STM32F103C6_fake_STM32F103C8\Debug\core\core.a(usb_cdcacm.c.o)
 .data.Device_Property
                0x20000448       0x30 C:\projects\copter_stm32\Output\Generic_STM32F103C6_fake_STM32F103C8\Debug\core\core.a(usb_cdcacm.c.o)
                0x20000448                Device_Property
 .data.ep_int_in
                0x20000478       0x1c C:\projects\copter_stm32\Output\Generic_STM32F103C6_fake_STM32F103C8\Debug\core\core.a(usb_cdcacm.c.o)
 .data.String_Descriptor
                0x20000494       0x18 C:\projects\copter_stm32\Output\Generic_STM32F103C6_fake_STM32F103C8\Debug\core\core.a(usb_cdcacm.c.o)
 .data.ep_int_out
                0x200004ac       0x1c C:\projects\copter_stm32\Output\Generic_STM32F103C6_fake_STM32F103C8\Debug\core\core.a(usb_cdcacm.c.o)
 .data.line_coding
                0x200004c8        0x7 C:\projects\copter_stm32\Output\Generic_STM32F103C6_fake_STM32F103C8\Debug\core\core.a(usb_cdcacm.c.o)
 *fill*         0x200004cf        0x1 
 .data.User_Standard_Requests
                0x200004d0       0x24 C:\projects\copter_stm32\Output\Generic_STM32F103C6_fake_STM32F103C8\Debug\core\core.a(usb_cdcacm.c.o)
                0x200004d0                User_Standard_Requests
 .data.Device_Descriptor
                0x200004f4        0x8 C:\projects\copter_stm32\Output\Generic_STM32F103C6_fake_STM32F103C8\Debug\core\core.a(usb_cdcacm.c.o)
 .data.Device_Table
                0x200004fc        0x2 C:\projects\copter_stm32\Output\Generic_STM32F103C6_fake_STM32F103C8\Debug\core\core.a(usb_cdcacm.c.o)
                0x200004fc                Device_Table
 *fill*         0x200004fe        0x2 
 .data.impure_data
                0x20000500      0x428 c:/users/tcool/appdata/local/arduino15/packages/arduino/tools/arm-none-eabi-gcc/4.8.3-2014q1/bin/../lib/gcc/arm-none-eabi/4.8.3/../../../../arm-none-eabi/lib/armv7-m\libc.a(lib_a-impure.o)
 .data._impure_ptr
                0x20000928        0x4 c:/users/tcool/appdata/local/arduino15/packages/arduino/tools/arm-none-eabi-gcc/4.8.3-2014q1/bin/../lib/gcc/arm-none-eabi/4.8.3/../../../../arm-none-eabi/lib/armv7-m\libc.a(lib_a-impure.o)
                0x20000928                _impure_ptr
 .data.__malloc_av_
                0x2000092c      0x408 c:/users/tcool/appdata/local/arduino15/packages/arduino/tools/arm-none-eabi-gcc/4.8.3-2014q1/bin/../lib/gcc/arm-none-eabi/4.8.3/../../../../arm-none-eabi/lib/armv7-m\libc.a(lib_a-mallocr.o)
                0x2000092c                __malloc_av_
 .data.__malloc_trim_threshold
                0x20000d34        0x4 c:/users/tcool/appdata/local/arduino15/packages/arduino/tools/arm-none-eabi-gcc/4.8.3-2014q1/bin/../lib/gcc/arm-none-eabi/4.8.3/../../../../arm-none-eabi/lib/armv7-m\libc.a(lib_a-mallocr.o)
                0x20000d34                __malloc_trim_threshold
 .data.__malloc_sbrk_base
                0x20000d38        0x4 c:/users/tcool/appdata/local/arduino15/packages/arduino/tools/arm-none-eabi-gcc/4.8.3-2014q1/bin/../lib/gcc/arm-none-eabi/4.8.3/../../../../arm-none-eabi/lib/armv7-m\libc.a(lib_a-mallocr.o)
                0x20000d38                __malloc_sbrk_base
                0x20000d40                . = ALIGN (0x8)
 *fill*         0x20000d3c        0x4 
                0x20000d40                __data_end__ = .

.jcr            0x20000d40        0x0 load address 0x08006bc8
 .jcr           0x20000d40        0x0 c:/users/tcool/appdata/local/arduino15/packages/arduino/tools/arm-none-eabi-gcc/4.8.3-2014q1/bin/../lib/gcc/arm-none-eabi/4.8.3/armv7-m/crtbegin.o

.igot.plt       0x20000d40        0x0 load address 0x08006bc8
 .igot.plt      0x00000000        0x0 c:/users/tcool/appdata/local/arduino15/packages/arduino/tools/arm-none-eabi-gcc/4.8.3-2014q1/bin/../lib/gcc/arm-none-eabi/4.8.3/armv7-m/crtbegin.o

.rodata         0x08006bc8      0x3b4
 *(.rodata .rodata.* .gnu.linkonce.r.*)
 .rodata._ZL10UBX_HEADER
                0x08006bc8        0x2 C:\projects\copter_stm32\Output\Generic_STM32F103C6_fake_STM32F103C8\Debug\sketch\gps.cpp.o
 *fill*         0x08006bca        0x6 
 .rodata._ZTV7TwoWire
                0x08006bd0       0x28 C:\projects\copter_stm32\Output\Generic_STM32F103C6_fake_STM32F103C8\Debug\libraries\WireSlave\Wire_slave.cpp.o
                0x08006bd0                vtable for TwoWire
 .rodata.PIN_MAP
                0x08006bf8      0x230 C:\projects\copter_stm32\Output\Generic_STM32F103C6_fake_STM32F103C8\Debug\core\board.cpp.o
                0x08006bf8                PIN_MAP
 .rodata._ZTV14HardwareSerial
                0x08006e28       0x28 C:\projects\copter_stm32\Output\Generic_STM32F103C6_fake_STM32F103C8\Debug\core\core.a(HardwareSerial.cpp.o)
                0x08006e28                vtable for HardwareSerial
 .rodata.GPIOC  0x08006e50        0x4 C:\projects\copter_stm32\Output\Generic_STM32F103C6_fake_STM32F103C8\Debug\core\core.a(gpio_f1.c.o)
                0x08006e50                GPIOC
 .rodata.I2C1   0x08006e54        0x4 C:\projects\copter_stm32\Output\Generic_STM32F103C6_fake_STM32F103C8\Debug\core\core.a(i2c_f1.c.o)
                0x08006e54                I2C1
 .rodata.I2C2   0x08006e58        0x4 C:\projects\copter_stm32\Output\Generic_STM32F103C6_fake_STM32F103C8\Debug\core\core.a(i2c_f1.c.o)
                0x08006e58                I2C2
 .rodata.rcc_dev_table
                0x08006e5c       0x5c C:\projects\copter_stm32\Output\Generic_STM32F103C6_fake_STM32F103C8\Debug\core\core.a(rcc_f1.c.o)
                0x08006e5c                rcc_dev_table
 .rodata.masks.4420
                0x08006eb8       0x14 C:\projects\copter_stm32\Output\Generic_STM32F103C6_fake_STM32F103C8\Debug\core\core.a(rcc_f1.c.o)
 .rodata.usbVcomDescriptor_iProduct
                0x08006ecc        0xc C:\projects\copter_stm32\Output\Generic_STM32F103C6_fake_STM32F103C8\Debug\core\core.a(usb_cdcacm.c.o)
 .rodata.usbVcomDescriptor_iManufacturer
                0x08006ed8       0x12 C:\projects\copter_stm32\Output\Generic_STM32F103C6_fake_STM32F103C8\Debug\core\core.a(usb_cdcacm.c.o)
 .rodata.usbVcomDescriptor_Device
                0x08006eea       0x12 C:\projects\copter_stm32\Output\Generic_STM32F103C6_fake_STM32F103C8\Debug\core\core.a(usb_cdcacm.c.o)
 .rodata.usbVcomDescriptor_Config
                0x08006efc       0x43 C:\projects\copter_stm32\Output\Generic_STM32F103C6_fake_STM32F103C8\Debug\core\core.a(usb_cdcacm.c.o)
 .rodata.usbVcomDescriptor_LangID
                0x08006f3f        0x4 C:\projects\copter_stm32\Output\Generic_STM32F103C6_fake_STM32F103C8\Debug\core\core.a(usb_cdcacm.c.o)
 *fill*         0x08006f43        0x5 
 .rodata._ZTV9USBSerial
                0x08006f48       0x28 C:\projects\copter_stm32\Output\Generic_STM32F103C6_fake_STM32F103C8\Debug\core\core.a(usb_serial.cpp.o)
                0x08006f48                vtable for USBSerial
 .rodata.str1.4
                0x08006f70        0x4 c:/users/tcool/appdata/local/arduino15/packages/arduino/tools/arm-none-eabi-gcc/4.8.3-2014q1/bin/../lib/gcc/arm-none-eabi/4.8.3/../../../../arm-none-eabi/lib/armv7-m\libc.a(lib_a-impure.o)
 .rodata._global_impure_ptr
                0x08006f74        0x4 c:/users/tcool/appdata/local/arduino15/packages/arduino/tools/arm-none-eabi-gcc/4.8.3-2014q1/bin/../lib/gcc/arm-none-eabi/4.8.3/../../../../arm-none-eabi/lib/armv7-m\libc.a(lib_a-impure.o)
                0x08006f74                _global_impure_ptr
 *(.USER_FLASH)
                0x08006f78                . = ALIGN (0x4)
                0x08006f78                _lm_rom_img_cfgp = .
                0x08006f78        0x4 LONG 0x8005e88 LOADADDR (.data)
                0x200012f0                _lm_heap_start = DEFINED (_lm_heap_start)?_lm_heap_start:_end
                0x20002800                _lm_heap_end = DEFINED (_lm_heap_end)?_lm_heap_end:__msp_init

.rel.dyn        0x08006f7c        0x0
 .rel.iplt      0x00000000        0x0 c:/users/tcool/appdata/local/arduino15/packages/arduino/tools/arm-none-eabi-gcc/4.8.3-2014q1/bin/../lib/gcc/arm-none-eabi/4.8.3/armv7-m/crtbegin.o

.bss            0x20000d40      0x5b0
                0x20000d40                . = ALIGN (0x8)
                0x20000d40                __bss_start__ = .
 *(.bss .bss.* .gnu.linkonce.b.*)
 .bss           0x20000d40       0x1c c:/users/tcool/appdata/local/arduino15/packages/arduino/tools/arm-none-eabi-gcc/4.8.3-2014q1/bin/../lib/gcc/arm-none-eabi/4.8.3/armv7-m/crtbegin.o
 .bss.buzzer_time
                0x20000d5c        0x4 C:\projects\copter_stm32\Output\Generic_STM32F103C6_fake_STM32F103C8\Debug\sketch\copter_stm32.ino.cpp.o
                0x20000d5c                buzzer_time
 .bss._ZZ4loopvE9old_alarm
                0x20000d60        0x1 C:\projects\copter_stm32\Output\Generic_STM32F103C6_fake_STM32F103C8\Debug\sketch\copter_stm32.ino.cpp.o
 .bss.beep_code
                0x20000d61        0x1 C:\projects\copter_stm32\Output\Generic_STM32F103C6_fake_STM32F103C8\Debug\sketch\copter_stm32.ino.cpp.o
                0x20000d61                beep_code
 .bss._ZZ4loopvE9old_pulse
                0x20000d62        0x1 C:\projects\copter_stm32\Output\Generic_STM32F103C6_fake_STM32F103C8\Debug\sketch\copter_stm32.ino.cpp.o
 .bss.cnt_rec   0x20000d63        0x1 C:\projects\copter_stm32\Output\Generic_STM32F103C6_fake_STM32F103C8\Debug\sketch\copter_stm32.ino.cpp.o
                0x20000d63                cnt_rec
 .bss.err       0x20000d64        0x2 C:\projects\copter_stm32\Output\Generic_STM32F103C6_fake_STM32F103C8\Debug\sketch\copter_stm32.ino.cpp.o
                0x20000d64                err
 .bss.new_colors_i
                0x20000d66        0x1 C:\projects\copter_stm32\Output\Generic_STM32F103C6_fake_STM32F103C8\Debug\sketch\copter_stm32.ino.cpp.o
                0x20000d66                new_colors_i
 .bss.inBuf     0x20000d67       0x20 C:\projects\copter_stm32\Output\Generic_STM32F103C6_fake_STM32F103C8\Debug\sketch\copter_stm32.ino.cpp.o
                0x20000d67                inBuf
 *fill*         0x20000d87        0x1 
 .bss.beep_time
                0x20000d88        0x4 C:\projects\copter_stm32\Output\Generic_STM32F103C6_fake_STM32F103C8\Debug\sketch\copter_stm32.ino.cpp.o
                0x20000d88                beep_time
 .bss.beep_bit_n
                0x20000d8c        0x1 C:\projects\copter_stm32\Output\Generic_STM32F103C6_fake_STM32F103C8\Debug\sketch\copter_stm32.ino.cpp.o
                0x20000d8c                beep_bit_n
 .bss.ring      0x20000d8d        0x1 C:\projects\copter_stm32\Output\Generic_STM32F103C6_fake_STM32F103C8\Debug\sketch\copter_stm32.ino.cpp.o
                0x20000d8d                ring
 .bss.gps_status
                0x20000d8e        0x1 C:\projects\copter_stm32\Output\Generic_STM32F103C6_fake_STM32F103C8\Debug\sketch\copter_stm32.ino.cpp.o
                0x20000d8e                gps_status
 *fill*         0x20000d8f        0x1 
 .bss.fb        0x20000d90       0x14 C:\projects\copter_stm32\Output\Generic_STM32F103C6_fake_STM32F103C8\Debug\sketch\copter_stm32.ino.cpp.o
                0x20000d90                fb
 .bss.overloadVal
                0x20000da4        0x2 C:\projects\copter_stm32\Output\Generic_STM32F103C6_fake_STM32F103C8\Debug\sketch\copter_stm32.ino.cpp.o
                0x20000da4                overloadVal
 .bss.readBuffer
                0x20000da6        0xa C:\projects\copter_stm32\Output\Generic_STM32F103C6_fake_STM32F103C8\Debug\sketch\copter_stm32.ino.cpp.o
                0x20000da6                readBuffer
 .bss._ZZ4loopvE5old_t
                0x20000db0        0x4 C:\projects\copter_stm32\Output\Generic_STM32F103C6_fake_STM32F103C8\Debug\sketch\copter_stm32.ino.cpp.o
 .bss.ring_to_send
                0x20000db4        0x1 C:\projects\copter_stm32\Output\Generic_STM32F103C6_fake_STM32F103C8\Debug\sketch\copter_stm32.ino.cpp.o
                0x20000db4                ring_to_send
 .bss.cnt_req   0x20000db5        0x1 C:\projects\copter_stm32\Output\Generic_STM32F103C6_fake_STM32F103C8\Debug\sketch\copter_stm32.ino.cpp.o
                0x20000db5                cnt_req