Archive member included because of file (symbol)

C:\projects\copter_stm32\Output\Generic_STM32F103C6_fake_STM32F103C8\Release\core\core.a(HardwareSerial.cpp.o)
                              C:\projects\copter_stm32\Output\Generic_STM32F103C6_fake_STM32F103C8\Release\sketch\gps.cpp.o (HardwareSerial::read())
C:\projects\copter_stm32\Output\Generic_STM32F103C6_fake_STM32F103C8\Release\core\core.a(Print.cpp.o)
                              C:\projects\copter_stm32\Output\Generic_STM32F103C6_fake_STM32F103C8\Release\libraries\WireSlave\Wire_slave.cpp.o (Print::write(void const*, unsigned long))
C:\projects\copter_stm32\Output\Generic_STM32F103C6_fake_STM32F103C8\Release\core\core.a(Stream.cpp.o)
                              C:\projects\copter_stm32\Output\Generic_STM32F103C6_fake_STM32F103C8\Release\sketch\copter_stm32.ino.cpp.o (Stream::readBytes(char*, unsigned int))
C:\projects\copter_stm32\Output\Generic_STM32F103C6_fake_STM32F103C8\Release\core\core.a(WString.cpp.o)
                              C:\projects\copter_stm32\Output\Generic_STM32F103C6_fake_STM32F103C8\Release\core\core.a(Stream.cpp.o) (String::String(char const*))
C:\projects\copter_stm32\Output\Generic_STM32F103C6_fake_STM32F103C8\Release\core\core.a(dtostrf.c.o)
                              C:\projects\copter_stm32\Output\Generic_STM32F103C6_fake_STM32F103C8\Release\core\core.a(WString.cpp.o) (dtostrf)
C:\projects\copter_stm32\Output\Generic_STM32F103C6_fake_STM32F103C8\Release\core\core.a(cxxabi-compat.cpp.o)
                              C:\projects\copter_stm32\Output\Generic_STM32F103C6_fake_STM32F103C8\Release\libraries\WireSlave\Wire_slave.cpp.o (__cxa_pure_virtual)
C:\projects\copter_stm32\Output\Generic_STM32F103C6_fake_STM32F103C8\Release\core\core.a(itoa.c.o)
                              C:\projects\copter_stm32\Output\Generic_STM32F103C6_fake_STM32F103C8\Release\core\core.a(WString.cpp.o) (ltoa)
C:\projects\copter_stm32\Output\Generic_STM32F103C6_fake_STM32F103C8\Release\core\core.a(adc.c.o)
                              C:\projects\copter_stm32\Output\Generic_STM32F103C6_fake_STM32F103C8\Release\core\wirish\boards.cpp.o (adc_set_sample_rate)
C:\projects\copter_stm32\Output\Generic_STM32F103C6_fake_STM32F103C8\Release\core\core.a(adc_f1.c.o)
                              (__irq_adc)
C:\projects\copter_stm32\Output\Generic_STM32F103C6_fake_STM32F103C8\Release\core\core.a(dma_f1.c.o)
                              (__irq_dma1_channel1)
C:\projects\copter_stm32\Output\Generic_STM32F103C6_fake_STM32F103C8\Release\core\core.a(exc.S.o)
                              (__exc_nmi)
C:\projects\copter_stm32\Output\Generic_STM32F103C6_fake_STM32F103C8\Release\core\core.a(exti.c.o)
                              (__irq_exti0)
C:\projects\copter_stm32\Output\Generic_STM32F103C6_fake_STM32F103C8\Release\core\core.a(exti_f1.c.o)
                              C:\projects\copter_stm32\Output\Generic_STM32F103C6_fake_STM32F103C8\Release\core\core.a(exti.c.o) (exti_select)
C:\projects\copter_stm32\Output\Generic_STM32F103C6_fake_STM32F103C8\Release\core\core.a(flash.c.o)
                              C:\projects\copter_stm32\Output\Generic_STM32F103C6_fake_STM32F103C8\Release\core\wirish\boards.cpp.o (flash_set_latency)
C:\projects\copter_stm32\Output\Generic_STM32F103C6_fake_STM32F103C8\Release\core\core.a(gpio_f1.c.o)
                              C:\projects\copter_stm32\Output\Generic_STM32F103C6_fake_STM32F103C8\Release\core\wirish\boards_setup.cpp.o (gpio_init_all)
C:\projects\copter_stm32\Output\Generic_STM32F103C6_fake_STM32F103C8\Release\core\core.a(i2c.c.o)
                              C:\projects\copter_stm32\Output\Generic_STM32F103C6_fake_STM32F103C8\Release\libraries\WireSlave\Wire_slave.cpp.o (wait_for_state_change)
C:\projects\copter_stm32\Output\Generic_STM32F103C6_fake_STM32F103C8\Release\core\core.a(i2c_f1.c.o)
                              C:\projects\copter_stm32\Output\Generic_STM32F103C6_fake_STM32F103C8\Release\core\core.a(i2c.c.o) (i2c_config_gpios)
C:\projects\copter_stm32\Output\Generic_STM32F103C6_fake_STM32F103C8\Release\core\core.a(nvic.c.o)
                              C:\projects\copter_stm32\Output\Generic_STM32F103C6_fake_STM32F103C8\Release\core\core.a(i2c_f1.c.o) (nvic_irq_set_priority)
C:\projects\copter_stm32\Output\Generic_STM32F103C6_fake_STM32F103C8\Release\core\core.a(rcc.c.o)
                              C:\projects\copter_stm32\Output\Generic_STM32F103C6_fake_STM32F103C8\Release\core\wirish\boards.cpp.o (rcc_switch_sysclk)
C:\projects\copter_stm32\Output\Generic_STM32F103C6_fake_STM32F103C8\Release\core\core.a(rcc_f1.c.o)
                              C:\projects\copter_stm32\Output\Generic_STM32F103C6_fake_STM32F103C8\Release\core\wirish\boards.cpp.o (rcc_configure_pll)
C:\projects\copter_stm32\Output\Generic_STM32F103C6_fake_STM32F103C8\Release\core\core.a(isrs.S.o)
                              (__stm32reservedexception7)
[...]
Memory Configuration

Name             Origin             Length             Attributes
ram              0x20000000         0x00002800         xrw
rom              0x08000000         0x00008000         xr
*default*        0x00000000         0xffffffff

Linker script and memory map

LOAD c:/users/tcool/appdata/local/arduino15/packages/arduino/tools/arm-none-eabi-gcc/4.8.3-2014q1/bin/../lib/gcc/arm-none-eabi/4.8.3/armv7-m/crti.o
LOAD c:/users/tcool/appdata/local/arduino15/packages/arduino/tools/arm-none-eabi-gcc/4.8.3-2014q1/bin/../lib/gcc/arm-none-eabi/4.8.3/armv7-m/crtbegin.o
LOAD c:/users/tcool/appdata/local/arduino15/packages/arduino/tools/arm-none-eabi-gcc/4.8.3-2014q1/bin/../lib/gcc/arm-none-eabi/4.8.3/../../../../arm-none-eabi/lib/armv7-m/crt0.o
LOAD c:/users/tcool/appdata/local/arduino15/packages/arduino/tools/arm-none-eabi-gcc/4.8.3-2014q1/bin/../lib/gcc/arm-none-eabi/4.8.3/armv7-m\libgcc.a
START GROUP
LOAD C:\projects\copter_stm32\Output\Generic_STM32F103C6_fake_STM32F103C8\Release\sketch\copter_stm32.ino.cpp.o
LOAD C:\projects\copter_stm32\Output\Generic_STM32F103C6_fake_STM32F103C8\Release\sketch\gps.cpp.o
LOAD C:\projects\copter_stm32\Output\Generic_STM32F103C6_fake_STM32F103C8\Release\libraries\WireSlave\Wire_slave.cpp.o
LOAD C:\projects\copter_stm32\Output\Generic_STM32F103C6_fake_STM32F103C8\Release\libraries\EEPROM\EEPROM.cpp.o
LOAD C:\projects\copter_stm32\Output\Generic_STM32F103C6_fake_STM32F103C8\Release\libraries\EEPROM\flash_stm32.c.o
LOAD C:\projects\copter_stm32\Output\Generic_STM32F103C6_fake_STM32F103C8\Release\core\board.cpp.o
LOAD C:\projects\copter_stm32\Output\Generic_STM32F103C6_fake_STM32F103C8\Release\core\wirish\boards.cpp.o
LOAD C:\projects\copter_stm32\Output\Generic_STM32F103C6_fake_STM32F103C8\Release\core\wirish\boards_setup.cpp.o
LOAD C:\projects\copter_stm32\Output\Generic_STM32F103C6_fake_STM32F103C8\Release\core\wirish\start.S.o
LOAD C:\projects\copter_stm32\Output\Generic_STM32F103C6_fake_STM32F103C8\Release\core\wirish\start_c.c.o
LOAD C:\projects\copter_stm32\Output\Generic_STM32F103C6_fake_STM32F103C8\Release\core\wirish\syscalls.c.o
LOAD C:\projects\copter_stm32\Output\Generic_STM32F103C6_fake_STM32F103C8\Release\core\core.a
END GROUP
LOAD c:/users/tcool/appdata/local/arduino15/packages/arduino/tools/arm-none-eabi-gcc/4.8.3-2014q1/bin/../lib/gcc/arm-none-eabi/4.8.3/../../../../arm-none-eabi/lib/armv7-m\libstdc++.a
LOAD c:/users/tcool/appdata/local/arduino15/packages/arduino/tools/arm-none-eabi-gcc/4.8.3-2014q1/bin/../lib/gcc/arm-none-eabi/4.8.3/../../../../arm-none-eabi/lib/armv7-m\libm.a
START GROUP
LOAD c:/users/tcool/appdata/local/arduino15/packages/arduino/tools/arm-none-eabi-gcc/4.8.3-2014q1/bin/../lib/gcc/arm-none-eabi/4.8.3/armv7-m\libgcc.a
LOAD c:/users/tcool/appdata/local/arduino15/packages/arduino/tools/arm-none-eabi-gcc/4.8.3-2014q1/bin/../lib/gcc/arm-none-eabi/4.8.3/../../../../arm-none-eabi/lib/armv7-m\libc.a
END GROUP
LOAD c:/users/tcool/appdata/local/arduino15/packages/arduino/tools/arm-none-eabi-gcc/4.8.3-2014q1/bin/../lib/gcc/arm-none-eabi/4.8.3/armv7-m/crtend.o
LOAD c:/users/tcool/appdata/local/arduino15/packages/arduino/tools/arm-none-eabi-gcc/4.8.3-2014q1/bin/../lib/gcc/arm-none-eabi/4.8.3/armv7-m/crtn.o
START GROUP
LOAD c:/users/tcool/appdata/local/arduino15/packages/arduino/tools/arm-none-eabi-gcc/4.8.3-2014q1/bin/../lib/gcc/arm-none-eabi/4.8.3/armv7-m\libgcc.a
LOAD c:/users/tcool/appdata/local/arduino15/packages/arduino/tools/arm-none-eabi-gcc/4.8.3-2014q1/bin/../lib/gcc/arm-none-eabi/4.8.3/../../../../arm-none-eabi/lib/armv7-m\libc.a
LOAD c:/users/tcool/appdata/local/arduino15/packages/arduino/tools/arm-none-eabi-gcc/4.8.3-2014q1/bin/../lib/gcc/arm-none-eabi/4.8.3/../../../../arm-none-eabi/lib/armv7-m\libm.a
END GROUP
START GROUP
LOAD c:/users/tcool/appdata/local/arduino15/packages/arduino/tools/arm-none-eabi-gcc/4.8.3-2014q1/bin/../lib/gcc/arm-none-eabi/4.8.3/../../../../arm-none-eabi/lib/armv7-m\libnosys.a
END GROUP
                0x20002800                PROVIDE (__msp_init, (ORIGIN (ram) + 0x2800))
                0x08001800                PROVIDE (__exc_reset, __start__)

.text           0x08000000     0x6a90
                0x08000000                __text_start__ = .
 *(.stm32.interrupt_vector)
 .stm32.interrupt_vector
                0x08000000       0xec C:\projects\copter_stm32\Output\Generic_STM32F103C6_fake_STM32F103C8\Release\core\core.a(vector_table.S.o)
                0x08000000                __stm32_vector_table
 *(.text .text.* .gnu.linkonce.t.*)
 .text          0x080000ec       0x54 c:/users/tcool/appdata/local/arduino15/packages/arduino/tools/arm-none-eabi-gcc/4.8.3-2014q1/bin/../lib/gcc/arm-none-eabi/4.8.3/armv7-m/crtbegin.o
 .text._Z12receiveEventi
                0x08000140      0x1bc C:\projects\copter_stm32\Output\Generic_STM32F103C6_fake_STM32F103C8\Release\sketch\copter_stm32.ino.cpp.o
                0x08000140                receiveEvent(int)
 .text._Z12requestEventv
                0x080002fc      0x100 C:\projects\copter_stm32\Output\Generic_STM32F103C6_fake_STM32F103C8\Release\sketch\copter_stm32.ino.cpp.o
                0x080002fc                requestEvent()
 .text._Z11stop_motorsv
                0x080003fc       0x30 C:\projects\copter_stm32\Output\Generic_STM32F103C6_fake_STM32F103C8\Release\sketch\copter_stm32.ino.cpp.o
                0x080003fc                stop_motors()
 *fill*         0x0800042c        0x4 
 .text._Z5setupv
                0x08000430      0x230 C:\projects\copter_stm32\Output\Generic_STM32F103C6_fake_STM32F103C8\Release\sketch\copter_stm32.ino.cpp.o
                0x08000430                setup()
 .text._Z4loopv
                0x08000660      0x168 C:\projects\copter_stm32\Output\Generic_STM32F103C6_fake_STM32F103C8\Release\sketch\copter_stm32.ino.cpp.o
                0x08000660                loop()
 .text._Z8gps_datav
                0x080007c8        0x8 C:\projects\copter_stm32\Output\Generic_STM32F103C6_fake_STM32F103C8\Release\sketch\gps.cpp.o
                0x080007c8                gps_data()
 .text._Z10processGPSv
                0x080007d0       0xec C:\projects\copter_stm32\Output\Generic_STM32F103C6_fake_STM32F103C8\Release\sketch\gps.cpp.o
                0x080007d0                processGPS()
 .text._Z9gps_setupv
                0x080008bc      0x10c C:\projects\copter_stm32\Output\Generic_STM32F103C6_fake_STM32F103C8\Release\sketch\gps.cpp.o
                0x080008bc                gps_setup()
 .text._ZN7TwoWire9availableEv
                0x080009c8        0x8 C:\projects\copter_stm32\Output\Generic_STM32F103C6_fake_STM32F103C8\Release\libraries\WireSlave\Wire_slave.cpp.o
                0x080009c8                TwoWire::available()
 .text._ZN7TwoWire4readEv
                0x080009d0       0x18 C:\projects\copter_stm32\Output\Generic_STM32F103C6_fake_STM32F103C8\Release\libraries\WireSlave\Wire_slave.cpp.o
                0x080009d0                TwoWire::read()
 .text._ZN7TwoWire4peekEv
                0x080009e8       0x14 C:\projects\copter_stm32\Output\Generic_STM32F103C6_fake_STM32F103C8\Release\libraries\WireSlave\Wire_slave.cpp.o
                0x080009e8                TwoWire::peek()
 .text._ZN7TwoWire17onRequestService1EP7i2c_msg
                0x080009fc       0x24 C:\projects\copter_stm32\Output\Generic_STM32F103C6_fake_STM32F103C8\Release\libraries\WireSlave\Wire_slave.cpp.o
                0x080009fc                TwoWire::onRequestService1(i2c_msg*)
 .text._ZN7TwoWire17onRequestService2EP7i2c_msg
                0x08000a20       0x24 C:\projects\copter_stm32\Output\Generic_STM32F103C6_fake_STM32F103C8\Release\libraries\WireSlave\Wire_slave.cpp.o
                0x08000a20                TwoWire::onRequestService2(i2c_msg*)
 .text._ZN7TwoWire5writeEh
                0x08000a44       0x7c C:\projects\copter_stm32\Output\Generic_STM32F103C6_fake_STM32F103C8\Release\libraries\WireSlave\Wire_slave.cpp.o
                0x08000a44                TwoWire::write(unsigned char)
 .text._ZN7TwoWire5writeEPKvm
                0x08000ac0       0x80 C:\projects\copter_stm32\Output\Generic_STM32F103C6_fake_STM32F103C8\Release\libraries\WireSlave\Wire_slave.cpp.o
                0x08000ac0                TwoWire::write(void const*, unsigned long)
 .text._ZN7TwoWire17onReceiveService2EP7i2c_msg
                0x08000b40       0x6c C:\projects\copter_stm32\Output\Generic_STM32F103C6_fake_STM32F103C8\Release\libraries\WireSlave\Wire_slave.cpp.o
                0x08000b40                TwoWire::onReceiveService2(i2c_msg*)
 .text._ZN7TwoWire17onReceiveService1EP7i2c_msg
                0x08000bac       0x6c C:\projects\copter_stm32\Output\Generic_STM32F103C6_fake_STM32F103C8\Release\libraries\WireSlave\Wire_slave.cpp.o
                0x08000bac                TwoWire::onReceiveService1(i2c_msg*)
 .text._ZN7TwoWireC2EP7i2c_devmm
                0x08000c18       0x60 C:\projects\copter_stm32\Output\Generic_STM32F103C6_fake_STM32F103C8\Release\libraries\WireSlave\Wire_slave.cpp.o
                0x08000c18                TwoWire::TwoWire(i2c_dev*, unsigned long, unsigned long)
                0x08000c18                TwoWire::TwoWire(i2c_dev*, unsigned long, unsigned long)
 .text._ZN7TwoWire5beginEtt
                0x08000c78      0x164 C:\projects\copter_stm32\Output\Generic_STM32F103C6_fake_STM32F103C8\Release\libraries\WireSlave\Wire_slave.cpp.o
                0x08000c78                TwoWire::begin(unsigned short, unsigned short)
 .text._ZN7TwoWire5beginEt
                0x08000ddc        0x8 C:\projects\copter_stm32\Output\Generic_STM32F103C6_fake_STM32F103C8\Release\libraries\WireSlave\Wire_slave.cpp.o
                0x08000ddc                TwoWire::begin(unsigned short)
 .text._ZN7TwoWire7processEb
                0x08000de4       0x7c C:\projects\copter_stm32\Output\Generic_STM32F103C6_fake_STM32F103C8\Release\libraries\WireSlave\Wire_slave.cpp.o
                0x08000de4                TwoWire::process(bool)
 .text._ZN7TwoWire15endTransmissionEb
                0x08000e60       0x30 C:\projects\copter_stm32\Output\Generic_STM32F103C6_fake_STM32F103C8\Release\libraries\WireSlave\Wire_slave.cpp.o
                0x08000e60                TwoWire::endTransmission(bool)
 .text._ZN7TwoWire5flushEv
                0x08000e90       0x3c C:\projects\copter_stm32\Output\Generic_STM32F103C6_fake_STM32F103C8\Release\libraries\WireSlave\Wire_slave.cpp.o
                0x08000e90                TwoWire::flush()
 .text._ZN7TwoWire9onReceiveEPFviE
                0x08000ecc        0x4 C:\projects\copter_stm32\Output\Generic_STM32F103C6_fake_STM32F103C8\Release\libraries\WireSlave\Wire_slave.cpp.o
                0x08000ecc                TwoWire::onReceive(void (*)(int))
 .text._ZN7TwoWire9onRequestEPFvvE
                0x08000ed0        0x4 C:\projects\copter_stm32\Output\Generic_STM32F103C6_fake_STM32F103C8\Release\libraries\WireSlave\Wire_slave.cpp.o
                0x08000ed0                TwoWire::onRequest(void (*)())
 .text.startup._GLOBAL__sub_I__ZN7TwoWireC2EP7i2c_devmm
                0x08000ed4       0x4c C:\projects\copter_stm32\Output\Generic_STM32F103C6_fake_STM32F103C8\Release\libraries\WireSlave\Wire_slave.cpp.o
 .text._ZN11EEPROMClass12EE_CheckPageEmt
                0x08000f20       0x44 C:\projects\copter_stm32\Output\Generic_STM32F103C6_fake_STM32F103C8\Release\libraries\EEPROM\EEPROM.cpp.o
                0x08000f20                EEPROMClass::EE_CheckPage(unsigned long, unsigned short)
 .text._ZN11EEPROMClass12EE_ErasePageEm
                0x08000f64       0x48 C:\projects\copter_stm32\Output\Generic_STM32F103C6_fake_STM32F103C8\Release\libraries\EEPROM\EEPROM.cpp.o
                0x08000f64                EEPROMClass::EE_ErasePage(unsigned long)
 .text._ZN11EEPROMClass17EE_CheckErasePageEmt
                0x08000fac       0x2c C:\projects\copter_stm32\Output\Generic_STM32F103C6_fake_STM32F103C8\Release\libraries\EEPROM\EEPROM.cpp.o
                0x08000fac                EEPROMClass::EE_CheckErasePage(unsigned long, unsigned short)
 .text._ZN11EEPROMClass20EE_GetVariablesCountEmt
                0x08000fd8       0x6c C:\projects\copter_stm32\Output\Generic_STM32F103C6_fake_STM32F103C8\Release\libraries\EEPROM\EEPROM.cpp.o
                0x08000fd8                EEPROMClass::EE_GetVariablesCount(unsigned long, unsigned short)
 .text._ZN11EEPROMClass15EE_PageTransferEmmt
                0x08001044       0xc8 C:\projects\copter_stm32\Output\Generic_STM32F103C6_fake_STM32F103C8\Release\libraries\EEPROM\EEPROM.cpp.o
                0x08001044                EEPROMClass::EE_PageTransfer(unsigned long, unsigned long, unsigned short)
 .text._ZN11EEPROMClass30EE_VerifyPageFullWriteVariableEtt
                0x0800110c      0x120 C:\projects\copter_stm32\Output\Generic_STM32F103C6_fake_STM32F103C8\Release\libraries\EEPROM\EEPROM.cpp.o
                0x0800110c                EEPROMClass::EE_VerifyPageFullWriteVariable(unsigned short, unsigned short)
 .text._ZN11EEPROMClass6formatEv
                0x0800122c       0x40 C:\projects\copter_stm32\Output\Generic_STM32F103C6_fake_STM32F103C8\Release\libraries\EEPROM\EEPROM.cpp.o
                0x0800122c                EEPROMClass::format()
 .text._ZN11EEPROMClass4initEv
                0x0800126c       0xf8 C:\projects\copter_stm32\Output\Generic_STM32F103C6_fake_STM32F103C8\Release\libraries\EEPROM\EEPROM.cpp.o
                0x0800126c                EEPROMClass::init()
 .text._ZN11EEPROMClass4readEtPt
                0x08001364       0x8c C:\projects\copter_stm32\Output\Generic_STM32F103C6_fake_STM32F103C8\Release\libraries\EEPROM\EEPROM.cpp.o
                0x08001364                EEPROMClass::read(unsigned short, unsigned short*)
 .text._ZN11EEPROMClass4readEt
                0x080013f0       0x18 C:\projects\copter_stm32\Output\Generic_STM32F103C6_fake_STM32F103C8\Release\libraries\EEPROM\EEPROM.cpp.o
                0x080013f0                EEPROMClass::read(unsigned short)
 .text._ZN11EEPROMClass5writeEtt
                0x08001408       0x3c C:\projects\copter_stm32\Output\Generic_STM32F103C6_fake_STM32F103C8\Release\libraries\EEPROM\EEPROM.cpp.o
                0x08001408                EEPROMClass::write(unsigned short, unsigned short)
 .text.startup._GLOBAL__sub_I__ZN11EEPROMClass12EE_CheckPageEmt
                0x08001444       0x28 C:\projects\copter_stm32\Output\Generic_STM32F103C6_fake_STM32F103C8\Release\libraries\EEPROM\EEPROM.cpp.o
 .text.FLASH_GetStatus
                0x0800146c       0x34 C:\projects\copter_stm32\Output\Generic_STM32F103C6_fake_STM32F103C8\Release\libraries\EEPROM\flash_stm32.c.o
                0x0800146c                FLASH_GetStatus
 .text.FLASH_WaitForLastOperation
                0x080014a0       0x48 C:\projects\copter_stm32\Output\Generic_STM32F103C6_fake_STM32F103C8\Release\libraries\EEPROM\flash_stm32.c.o
                0x080014a0                FLASH_WaitForLastOperation
 .text.FLASH_ErasePage
                0x080014e8       0x48 C:\projects\copter_stm32\Output\Generic_STM32F103C6_fake_STM32F103C8\Release\libraries\EEPROM\flash_stm32.c.o
                0x080014e8                FLASH_ErasePage
 .text.FLASH_ProgramHalfWord
                0x08001530       0x54 C:\projects\copter_stm32\Output\Generic_STM32F103C6_fake_STM32F103C8\Release\libraries\EEPROM\flash_stm32.c.o
                0x08001530                FLASH_ProgramHalfWord
 .text.FLASH_Unlock
                0x08001584       0x18 C:\projects\copter_stm32\Output\Generic_STM32F103C6_fake_STM32F103C8\Release\libraries\EEPROM\flash_stm32.c.o
                0x08001584                FLASH_Unlock
 .text._Z9boardInitv
                0x0800159c        0x4 C:\projects\copter_stm32\Output\Generic_STM32F103C6_fake_STM32F103C8\Release\core\board.cpp.o
                0x0800159c                boardInit()
 .text.startup._GLOBAL__sub_I__Z9boardInitv
                0x080015a0       0x48 C:\projects\copter_stm32\Output\Generic_STM32F103C6_fake_STM32F103C8\Release\core\board.cpp.o
 .text._ZL18adc_default_configP7adc_dev
                0x080015e8       0x1c C:\projects\copter_stm32\Output\Generic_STM32F103C6_fake_STM32F103C8\Release\core\wirish\boards.cpp.o
 .text._ZL20timer_default_configP9timer_dev
                0x08001604       0xa8 C:\projects\copter_stm32\Output\Generic_STM32F103C6_fake_STM32F103C8\Release\core\wirish\boards.cpp.o
 .text._Z4initv
                0x080016ac       0xbc C:\projects\copter_stm32\Output\Generic_STM32F103C6_fake_STM32F103C8\Release\core\wirish\boards.cpp.o
                0x080016ac                init()
 .text._ZN6wirish4priv15board_reset_pllEv
                0x08001768        0x4 C:\projects\copter_stm32\Output\Generic_STM32F103C6_fake_STM32F103C8\Release\core\wirish\boards_setup.cpp.o
                0x08001768                wirish::priv::board_reset_pll()
 .text._ZN6wirish4priv28board_setup_clock_prescalersEv
                0x0800176c       0x30 C:\projects\copter_stm32\Output\Generic_STM32F103C6_fake_STM32F103C8\Release\core\wirish\boards_setup.cpp.o
                0x0800176c                wirish::priv::board_setup_clock_prescalers()
 .text._ZN6wirish4priv16board_setup_gpioEv
                0x0800179c        0x4 C:\projects\copter_stm32\Output\Generic_STM32F103C6_fake_STM32F103C8\Release\core\wirish\boards_setup.cpp.o
                0x0800179c                wirish::priv::board_setup_gpio()
 .text._ZN6wirish4priv15board_setup_usbEv
                0x080017a0       0x5c C:\projects\copter_stm32\Output\Generic_STM32F103C6_fake_STM32F103C8\Release\core\wirish\boards_setup.cpp.o
                0x080017a0                wirish::priv::board_setup_usb()
 .text._ZN6wirish4priv11series_initEv
                0x080017fc        0x4 C:\projects\copter_stm32\Output\Generic_STM32F103C6_fake_STM32F103C8\Release\core\wirish\boards_setup.cpp.o
                0x080017fc                wirish::priv::series_init()
 .text          0x08001800       0x10 C:\projects\copter_stm32\Output\Generic_STM32F103C6_fake_STM32F103C8\Release\core\wirish\start.S.o
                0x08001800                __start__
 .text.start_c  0x08001810       0x6c C:\projects\copter_stm32\Output\Generic_STM32F103C6_fake_STM32F103C8\Release\core\wirish\start_c.c.o
                0x08001810                start_c
 .text._sbrk    0x0800187c       0x44 C:\projects\copter_stm32\Output\Generic_STM32F103C6_fake_STM32F103C8\Release\core\wirish\syscalls.c.o
                0x0800187c                _sbrk
 .text._ZN14HardwareSerial4readEv
                0x080018c0       0x58 C:\projects\copter_stm32\Output\Generic_STM32F103C6_fake_STM32F103C8\Release\core\core.a(HardwareSerial.cpp.o)
                0x080018c0                HardwareSerial::read()
 .text._ZN14HardwareSerial9availableEv
                0x08001918       0x30 C:\projects\copter_stm32\Output\Generic_STM32F103C6_fake_STM32F103C8\Release\core\core.a(HardwareSerial.cpp.o)
                0x08001918                HardwareSerial::available()
 .text._ZN14HardwareSerial4peekEv
                0x08001948       0x24 C:\projects\copter_stm32\Output\Generic_STM32F103C6_fake_STM32F103C8\Release\core\core.a(HardwareSerial.cpp.o)
                0x08001948                HardwareSerial::peek()
 .text._ZN14HardwareSerial5flushEv
                0x0800196c       0x1c C:\projects\copter_stm32\Output\Generic_STM32F103C6_fake_STM32F103C8\Release\core\core.a(HardwareSerial.cpp.o)
                0x0800196c                HardwareSerial::flush()
 .text._ZN14HardwareSerial5writeEh
                0x08001988       0x20 C:\projects\copter_stm32\Output\Generic_STM32F103C6_fake_STM32F103C8\Release\core\core.a(HardwareSerial.cpp.o)
                0x08001988                HardwareSerial::write(unsigned char)
 .text._ZN14HardwareSerialC2EP9usart_devhh
                0x080019a8       0x20 C:\projects\copter_stm32\Output\Generic_STM32F103C6_fake_STM32F103C8\Release\core\core.a(HardwareSerial.cpp.o)
                0x080019a8                HardwareSerial::HardwareSerial(usart_dev*, unsigned char, unsigned char)
                0x080019a8                HardwareSerial::HardwareSerial(usart_dev*, unsigned char, unsigned char)
 .text._ZN14HardwareSerial5beginEmh
                0x080019c8       0x7c C:\projects\copter_stm32\Output\Generic_STM32F103C6_fake_STM32F103C8\Release\core\core.a(HardwareSerial.cpp.o)
                0x080019c8                HardwareSerial::begin(unsigned long, unsigned char)
 .text._ZN14HardwareSerial5beginEm
                0x08001a44        0x8 C:\projects\copter_stm32\Output\Generic_STM32F103C6_fake_STM32F103C8\Release\core\core.a(HardwareSerial.cpp.o)
                0x08001a44                HardwareSerial::begin(unsigned long)
 .text._ZN5Print5writeEPKvm
                0x08001a4c       0x20 C:\projects\copter_stm32\Output\Generic_STM32F103C6_fake_STM32F103C8\Release\core\core.a(Print.cpp.o)
                0x08001a4c                Print::write(void const*, unsigned long)
 .text._ZN5Print5writeEPKc
                0x08001a6c       0x20 C:\projects\copter_stm32\Output\Generic_STM32F103C6_fake_STM32F103C8\Release\core\core.a(Print.cpp.o)
                0x08001a6c                Print::write(char const*)
 .text._ZN6Stream9timedReadEv
                0x08001a8c       0x30 C:\projects\copter_stm32\Output\Generic_STM32F103C6_fake_STM32F103C8\Release\core\core.a(Stream.cpp.o)
                0x08001a8c                Stream::timedRead()
 .text._ZN6Stream9readBytesEPcj
                0x08001abc       0x28 C:\projects\copter_stm32\Output\Generic_STM32F103C6_fake_STM32F103C8\Release\core\core.a(Stream.cpp.o)
                0x08001abc                Stream::readBytes(char*, unsigned int)
 .text.adc_init
                0x08001ae4       0x14 C:\projects\copter_stm32\Output\Generic_STM32F103C6_fake_STM32F103C8\Release\core\core.a(adc.c.o)
                0x08001ae4                adc_init
 .text.adc_set_extsel
                0x08001af8       0x14 C:\projects\copter_stm32\Output\Generic_STM32F103C6_fake_STM32F103C8\Release\core\core.a(adc.c.o)
                0x08001af8                adc_set_extsel
 .text.adc_set_sample_rate
                0x08001b0c       0x30 C:\projects\copter_stm32\Output\Generic_STM32F103C6_fake_STM32F103C8\Release\core\core.a(adc.c.o)
                0x08001b0c                adc_set_sample_rate
 .text.adc_read
                0x08001b3c       0x20 C:\projects\copter_stm32\Output\Generic_STM32F103C6_fake_STM32F103C8\Release\core\core.a(adc.c.o)
                0x08001b3c                adc_read
 .text.__irq_adc
                0x08001b5c       0x50 C:\projects\copter_stm32\Output\Generic_STM32F103C6_fake_STM32F103C8\Release\core\core.a(adc_f1.c.o)
                0x08001b5c                __irq_adc
 .text.adc_calibrate
                0x08001bac       0x28 C:\projects\copter_stm32\Output\Generic_STM32F103C6_fake_STM32F103C8\Release\core\core.a(adc_f1.c.o)
                0x08001bac                adc_calibrate
 .text.adc_set_prescaler
                0x08001bd4        0x8 C:\projects\copter_stm32\Output\Generic_STM32F103C6_fake_STM32F103C8\Release\core\core.a(adc_f1.c.o)
                0x08001bd4                adc_set_prescaler
 .text.adc_foreach
                0x08001bdc       0x1c C:\projects\copter_stm32\Output\Generic_STM32F103C6_fake_STM32F103C8\Release\core\core.a(adc_f1.c.o)
                0x08001bdc                adc_foreach
 .text.adc_enable_single_swstart
                0x08001bf8       0x34 C:\projects\copter_stm32\Output\Generic_STM32F103C6_fake_STM32F103C8\Release\core\core.a(adc_f1.c.o)
                0x08001bf8                adc_enable_single_swstart
 .text.__irq_dma1_channel1
                0x08001c2c       0x18 C:\projects\copter_stm32\Output\Generic_STM32F103C6_fake_STM32F103C8\Release\core\core.a(dma_f1.c.o)
                0x08001c2c                __irq_dma1_channel1
 .text.__irq_dma1_channel2
                0x08001c44       0x18 C:\projects\copter_stm32\Output\Generic_STM32F103C6_fake_STM32F103C8\Release\core\core.a(dma_f1.c.o)
                0x08001c44                __irq_dma1_channel2
 .text.__irq_dma1_channel3
                0x08001c5c       0x1c C:\projects\copter_stm32\Output\Generic_STM32F103C6_fake_STM32F103C8\Release\core\core.a(dma_f1.c.o)
                0x08001c5c                __irq_dma1_channel3
 .text.__irq_dma1_channel4
                0x08001c78       0x1c C:\projects\copter_stm32\Output\Generic_STM32F103C6_fake_STM32F103C8\Release\core\core.a(dma_f1.c.o)
                0x08001c78                __irq_dma1_channel4
 .text.__irq_dma1_channel5
                0x08001c94       0x1c C:\projects\copter_stm32\Output\Generic_STM32F103C6_fake_STM32F103C8\Release\core\core.a(dma_f1.c.o)
                0x08001c94                __irq_dma1_channel5
 .text.__irq_dma1_channel6
                0x08001cb0       0x1c C:\projects\copter_stm32\Output\Generic_STM32F103C6_fake_STM32F103C8\Release\core\core.a(dma_f1.c.o)
                0x08001cb0                __irq_dma1_channel6
 .text.__irq_dma1_channel7
                0x08001ccc       0x1c C:\projects\copter_stm32\Output\Generic_STM32F103C6_fake_STM32F103C8\Release\core\core.a(dma_f1.c.o)
                0x08001ccc                __irq_dma1_channel7
 *fill*         0x08001ce8        0x8 
 .text          0x08001cf0       0x60 C:\projects\copter_stm32\Output\Generic_STM32F103C6_fake_STM32F103C8\Release\core\core.a(exc.S.o)
                0x08001cf0                __exc_nmi
                0x08001cf4                __exc_hardfault
                0x08001cf8                __exc_memmanage
                0x08001cfc                __exc_busfault
                0x08001d00                __exc_usagefault
 .text.dispatch_extis
                0x08001d50       0x60 C:\projects\copter_stm32\Output\Generic_STM32F103C6_fake_STM32F103C8\Release\core\core.a(exti.c.o)
                0x08001d50                dispatch_extis
 .text.__irq_exti0
                0x08001db0       0x20 C:\projects\copter_stm32\Output\Generic_STM32F103C6_fake_STM32F103C8\Release\core\core.a(exti.c.o)
                0x08001db0                __irq_exti0
 .text.__irq_exti1
                0x08001dd0       0x20 C:\projects\copter_stm32\Output\Generic_STM32F103C6_fake_STM32F103C8\Release\core\core.a(exti.c.o)
                0x08001dd0                __irq_exti1
 .text.__irq_exti2
                0x08001df0       0x20 C:\projects\copter_stm32\Output\Generic_STM32F103C6_fake_STM32F103C8\Release\core\core.a(exti.c.o)
                0x08001df0                __irq_exti2
 .text.__irq_exti3
                0x08001e10       0x20 C:\projects\copter_stm32\Output\Generic_STM32F103C6_fake_STM32F103C8\Release\core\core.a(exti.c.o)
                0x08001e10                __irq_exti3
 .text.__irq_exti4
                0x08001e30       0x20 C:\projects\copter_stm32\Output\Generic_STM32F103C6_fake_STM32F103C8\Release\core\core.a(exti.c.o)
                0x08001e30                __irq_exti4
 .text.__irq_exti9_5
                0x08001e50        0x8 C:\projects\copter_stm32\Output\Generic_STM32F103C6_fake_STM32F103C8\Release\core\core.a(exti.c.o)
                0x08001e50                __irq_exti9_5
 .text.__irq_exti15_10
                0x08001e58        0x8 C:\projects\copter_stm32\Output\Generic_STM32F103C6_fake_STM32F103C8\Release\core\core.a(exti.c.o)
                0x08001e58                __irq_exti15_10
 .text.flash_set_latency
                0x08001e60       0x14 C:\projects\copter_stm32\Output\Generic_STM32F103C6_fake_STM32F103C8\Release\core\core.a(flash.c.o)
                0x08001e60                flash_set_latency
 .text.gpio_init_all
                0x08001e74       0x30 C:\projects\copter_stm32\Output\Generic_STM32F103C6_fake_STM32F103C8\Release\core\core.a(gpio_f1.c.o)
                0x08001e74                gpio_init_all
 .text.gpio_set_mode
                0x08001ea4       0x60 C:\projects\copter_stm32\Output\Generic_STM32F103C6_fake_STM32F103C8\Release\core\core.a(gpio_f1.c.o)
                0x08001ea4                gpio_set_mode
 .text.afio_init
                0x08001f04       0x14 C:\projects\copter_stm32\Output\Generic_STM32F103C6_fake_STM32F103C8\Release\core\core.a(gpio_f1.c.o)
                0x08001f04                afio_init
 .text.afio_remap
                0x08001f18       0x20 C:\projects\copter_stm32\Output\Generic_STM32F103C6_fake_STM32F103C8\Release\core\core.a(gpio_f1.c.o)
                0x08001f18                afio_remap
 .text.i2c_bus_reset
                0x08001f38       0xe0 C:\projects\copter_stm32\Output\Generic_STM32F103C6_fake_STM32F103C8\Release\core\core.a(i2c.c.o)
                0x08001f38                i2c_bus_reset
 .text.i2c_init
                0x08002018       0x20 C:\projects\copter_stm32\Output\Generic_STM32F103C6_fake_STM32F103C8\Release\core\core.a(i2c.c.o)
                0x08002018                i2c_init
 .text.wait_for_state_change
                0x08002038       0xd0 C:\projects\copter_stm32\Output\Generic_STM32F103C6_fake_STM32F103C8\Release\core\core.a(i2c.c.o)
                0x08002038                wait_for_state_change
 .text.i2c_master_xfer
                0x08002108       0xa4 C:\projects\copter_stm32\Output\Generic_STM32F103C6_fake_STM32F103C8\Release\core\core.a(i2c.c.o)
                0x08002108                i2c_master_xfer
 .text._i2c_irq_handler
                0x080021ac      0x484 C:\projects\copter_stm32\Output\Generic_STM32F103C6_fake_STM32F103C8\Release\core\core.a(i2c.c.o)
                0x080021ac                _i2c_irq_handler
 .text._i2c_irq_error_handler
                0x08002630       0x84 C:\projects\copter_stm32\Output\Generic_STM32F103C6_fake_STM32F103C8\Release\core\core.a(i2c.c.o)
                0x08002630                _i2c_irq_error_handler
 .text.i2c_set_ccr_trise
                0x080026b4       0x64 C:\projects\copter_stm32\Output\Generic_STM32F103C6_fake_STM32F103C8\Release\core\core.a(i2c.c.o)
                0x080026b4                i2c_set_ccr_trise
 .text.i2c_master_enable
                0x08002718      0x200 C:\projects\copter_stm32\Output\Generic_STM32F103C6_fake_STM32F103C8\Release\core\core.a(i2c.c.o)
                0x08002718                i2c_master_enable
 .text.i2c_slave_enable
                0x08002918        0x8 C:\projects\copter_stm32\Output\Generic_STM32F103C6_fake_STM32F103C8\Release\core\core.a(i2c.c.o)
                0x08002918                i2c_slave_enable
 .text.i2c_slave_attach_recv_handler
                0x08002920        0xc C:\projects\copter_stm32\Output\Generic_STM32F103C6_fake_STM32F103C8\Release\core\core.a(i2c.c.o)
                0x08002920                i2c_slave_attach_recv_handler
 .text.i2c_slave_attach_transmit_handler
                0x0800292c        0xc C:\projects\copter_stm32\Output\Generic_STM32F103C6_fake_STM32F103C8\Release\core\core.a(i2c.c.o)
                0x0800292c                i2c_slave_attach_transmit_handler
 .text.i2c_config_gpios
                0x08002938       0x70 C:\projects\copter_stm32\Output\Generic_STM32F103C6_fake_STM32F103C8\Release\core\core.a(i2c_f1.c.o)
                0x08002938                i2c_config_gpios
 .text.i2c_master_release_bus
                0x080029a8       0x5c C:\projects\copter_stm32\Output\Generic_STM32F103C6_fake_STM32F103C8\Release\core\core.a(i2c_f1.c.o)
                0x080029a8                i2c_master_release_bus
 .text.__irq_i2c1_ev
                0x08002a04        0xc C:\projects\copter_stm32\Output\Generic_STM32F103C6_fake_STM32F103C8\Release\core\core.a(i2c_f1.c.o)
                0x08002a04                __irq_i2c1_ev
 .text.__irq_i2c2_ev
                0x08002a10        0xc C:\projects\copter_stm32\Output\Generic_STM32F103C6_fake_STM32F103C8\Release\core\core.a(i2c_f1.c.o)
                0x08002a10                __irq_i2c2_ev
 .text.__irq_i2c1_er
                0x08002a1c        0xc C:\projects\copter_stm32\Output\Generic_STM32F103C6_fake_STM32F103C8\Release\core\core.a(i2c_f1.c.o)
                0x08002a1c                __irq_i2c1_er
 .text.__irq_i2c2_er
                0x08002a28        0xc C:\projects\copter_stm32\Output\Generic_STM32F103C6_fake_STM32F103C8\Release\core\core.a(i2c_f1.c.o)
                0x08002a28                __irq_i2c2_er
 .text._i2c_irq_priority_fixup
                0x08002a34        0xc C:\projects\copter_stm32\Output\Generic_STM32F103C6_fake_STM32F103C8\Release\core\core.a(i2c_f1.c.o)
                0x08002a34                _i2c_irq_priority_fixup
 .text.nvic_irq_set_priority
                0x08002a40       0x2c C:\projects\copter_stm32\Output\Generic_STM32F103C6_fake_STM32F103C8\Release\core\core.a(nvic.c.o)
                0x08002a40                nvic_irq_set_priority
 .text.nvic_init
                0x08002a6c       0x34 C:\projects\copter_stm32\Output\Generic_STM32F103C6_fake_STM32F103C8\Release\core\core.a(nvic.c.o)
                0x08002a6c                nvic_init
 .text.nvic_sys_reset
                0x08002aa0       0x1c C:\projects\copter_stm32\Output\Generic_STM32F103C6_fake_STM32F103C8\Release\core\core.a(nvic.c.o)
                0x08002aa0                nvic_sys_reset
 .text.rcc_dev_clk
                0x08002abc        0xc C:\projects\copter_stm32\Output\Generic_STM32F103C6_fake_STM32F103C8\Release\core\core.a(rcc.c.o)
                0x08002abc                rcc_dev_clk
 .text.rcc_switch_sysclk
                0x08002ac8       0x20 C:\projects\copter_stm32\Output\Generic_STM32F103C6_fake_STM32F103C8\Release\core\core.a(rcc.c.o)
                0x08002ac8                rcc_switch_sysclk
 .text.rcc_turn_on_clk
                0x08002ae8       0x1c C:\projects\copter_stm32\Output\Generic_STM32F103C6_fake_STM32F103C8\Release\core\core.a(rcc.c.o)
                0x08002ae8                rcc_turn_on_clk
 .text.rcc_turn_off_clk
                0x08002b04       0x1c C:\projects\copter_stm32\Output\Generic_STM32F103C6_fake_STM32F103C8\Release\core\core.a(rcc.c.o)
                0x08002b04                rcc_turn_off_clk
 .text.rcc_is_clk_ready
                0x08002b20       0x18 C:\projects\copter_stm32\Output\Generic_STM32F103C6_fake_STM32F103C8\Release\core\core.a(rcc.c.o)
                0x08002b20                rcc_is_clk_ready
 .text.rcc_configure_pll
                0x08002b38       0x1c C:\projects\copter_stm32\Output\Generic_STM32F103C6_fake_STM32F103C8\Release\core\core.a(rcc_f1.c.o)
                0x08002b38                rcc_configure_pll
 .text.rcc_clk_enable
                0x08002b54       0x30 C:\projects\copter_stm32\Output\Generic_STM32F103C6_fake_STM32F103C8\Release\core\core.a(rcc_f1.c.o)
                0x08002b54                rcc_clk_enable
 .text.rcc_reset_dev
                0x08002b84       0x34 C:\projects\copter_stm32\Output\Generic_STM32F103C6_fake_STM32F103C8\Release\core\core.a(rcc_f1.c.o)
                0x08002b84                rcc_reset_dev
 .text.rcc_set_prescaler
                0x08002bb8       0x24 C:\projects\copter_stm32\Output\Generic_STM32F103C6_fake_STM32F103C8\Release\core\core.a(rcc_f1.c.o)
                0x08002bb8                rcc_set_prescaler
 .text.rcc_clk_disable
                0x08002bdc       0x30 C:\projects\copter_stm32\Output\Generic_STM32F103C6_fake_STM32F103C8\Release\core\core.a(rcc_f1.c.o)
                0x08002bdc                rcc_clk_disable
 .text          0x08002c0c        0x2 C:\projects\copter_stm32\Output\Generic_STM32F103C6_fake_STM32F103C8\Release\core\core.a(isrs.S.o)
                0x08002c0c                __stm32reservedexception9
                0x08002c0c                __exc_debug_monitor
                0x08002c0c                __exc_svc
                0x08002c0c                __irq_can_rx1
                0x08002c0c                __irq_spi2
                0x08002c0c                __irq_can_sce
                0x08002c0c                __irq_pvd
                0x08002c0c                __irq_tamper
                0x08002c0c                __default_handler
                0x08002c0c                __irq_wwdg
                0x08002c0c                __stm32reservedexception10
                0x08002c0c                __irq_flash
                0x08002c0c                __stm32reservedexception13
                0x08002c0c                __irq_rtc
                0x08002c0c                __irq_spi1
                0x08002c0c                __stm32reservedexception7
                0x08002c0c                __irq_usb_hp_can_tx
                0x08002c0c                __irq_rtcalarm
                0x08002c0c                __stm32reservedexception8
                0x08002c0c                __exc_pendsv
                0x08002c0c                __irq_usbwakeup
                0x08002c0c                __irq_rcc
 *fill*         0x08002c0e        0x2 
 .text.systick_init
                0x08002c10       0x10 C:\projects\copter_stm32\Output\Generic_STM32F103C6_fake_STM32F103C8\Release\core\core.a(systick.c.o)
                0x08002c10                systick_init
 .text.__exc_systick
                0x08002c20       0x1c C:\projects\copter_stm32\Output\Generic_STM32F103C6_fake_STM32F103C8\Release\core\core.a(systick.c.o)
                0x08002c20                __exc_systick
 .text.timer_foreach
                0x08002c3c       0x28 C:\projects\copter_stm32\Output\Generic_STM32F103C6_fake_STM32F103C8\Release\core\core.a(timer.c.o)
                0x08002c3c                timer_foreach
 .text.timer_init
                0x08002c64       0x14 C:\projects\copter_stm32\Output\Generic_STM32F103C6_fake_STM32F103C8\Release\core\core.a(timer.c.o)
                0x08002c64                timer_init
 .text.timer_has_cc_channel
                0x08002c78       0x30 C:\projects\copter_stm32\Output\Generic_STM32F103C6_fake_STM32F103C8\Release\core\core.a(timer.c.o)
                0x08002c78                timer_has_cc_channel
 .text.input_capture_mode
                0x08002ca8       0x54 C:\projects\copter_stm32\Output\Generic_STM32F103C6_fake_STM32F103C8\Release\core\core.a(timer.c.o)
                0x08002ca8                input_capture_mode
 .text.timer_set_mode
                0x08002cfc      0x10c C:\projects\copter_stm32\Output\Generic_STM32F103C6_fake_STM32F103C8\Release\core\core.a(timer.c.o)
                0x08002cfc                timer_set_mode
 .text.__irq_tim1_brk
                0x08002e08       0x24 C:\projects\copter_stm32\Output\Generic_STM32F103C6_fake_STM32F103C8\Release\core\core.a(timer.c.o)
                0x08002e08                __irq_tim1_brk
 .text.__irq_tim1_up
                0x08002e2c       0x24 C:\projects\copter_stm32\Output\Generic_STM32F103C6_fake_STM32F103C8\Release\core\core.a(timer.c.o)
                0x08002e2c                __irq_tim1_up
 .text.__irq_tim1_trg_com
                0x08002e50       0x34 C:\projects\copter_stm32\Output\Generic_STM32F103C6_fake_STM32F103C8\Release\core\core.a(timer.c.o)
                0x08002e50                __irq_tim1_trg_com
 .text.__irq_tim1_cc
                0x08002e84       0x50 C:\projects\copter_stm32\Output\Generic_STM32F103C6_fake_STM32F103C8\Release\core\core.a(timer.c.o)
                0x08002e84                __irq_tim1_cc
 .text.__irq_tim2
                0x08002ed4       0x6c C:\projects\copter_stm32\Output\Generic_STM32F103C6_fake_STM32F103C8\Release\core\core.a(timer.c.o)
                0x08002ed4                __irq_tim2
 .text.__irq_tim3
                0x08002f40       0x6c C:\projects\copter_stm32\Output\Generic_STM32F103C6_fake_STM32F103C8\Release\core\core.a(timer.c.o)
                0x08002f40                __irq_tim3
 .text.__irq_tim4
                0x08002fac       0x6c C:\projects\copter_stm32\Output\Generic_STM32F103C6_fake_STM32F103C8\Release\core\core.a(timer.c.o)
                0x08002fac                __irq_tim4
 .text.usart_init
                0x08003018       0x4c C:\projects\copter_stm32\Output\Generic_STM32F103C6_fake_STM32F103C8\Release\core\core.a(usart.c.o)
                0x08003018                usart_init
 .text.usart_enable
                0x08003064       0x14 C:\projects\copter_stm32\Output\Generic_STM32F103C6_fake_STM32F103C8\Release\core\core.a(usart.c.o)
                0x08003064                usart_enable
 .text.usart_tx
                0x08003078       0xfc C:\projects\copter_stm32\Output\Generic_STM32F103C6_fake_STM32F103C8\Release\core\core.a(usart.c.o)
                0x08003078                usart_tx
 .text.usart_config_gpios_async
                0x08003174       0x48 C:\projects\copter_stm32\Output\Generic_STM32F103C6_fake_STM32F103C8\Release\core\core.a(usart_f1.c.o)
                0x08003174                usart_config_gpios_async
 .text.usart_set_baud_rate
                0x080031bc       0x48 C:\projects\copter_stm32\Output\Generic_STM32F103C6_fake_STM32F103C8\Release\core\core.a(usart_f1.c.o)
                0x080031bc                usart_set_baud_rate
 .text.__irq_usart1
                0x08003204       0xf0 C:\projects\copter_stm32\Output\Generic_STM32F103C6_fake_STM32F103C8\Release\core\core.a(usart_f1.c.o)
                0x08003204                __irq_usart1
 .text.__irq_usart2
                0x080032f4       0xf0 C:\projects\copter_stm32\Output\Generic_STM32F103C6_fake_STM32F103C8\Release\core\core.a(usart_f1.c.o)
                0x080032f4                __irq_usart2
 .text.__irq_usart3
                0x080033e4       0xf0 C:\projects\copter_stm32\Output\Generic_STM32F103C6_fake_STM32F103C8\Release\core\core.a(usart_f1.c.o)
                0x080033e4                __irq_usart3
 .text._usart_clock_freq
                0x080034d4       0x24 C:\projects\copter_stm32\Output\Generic_STM32F103C6_fake_STM32F103C8\Release\core\core.a(usart_private.c.o)
                0x080034d4                _usart_clock_freq
 .text.usb_resume
                0x080034f8       0xdc C:\projects\copter_stm32\Output\Generic_STM32F103C6_fake_STM32F103C8\Release\core\core.a(usb.c.o)
 .text.usb_init_usblib
                0x080035d4       0x50 C:\projects\copter_stm32\Output\Generic_STM32F103C6_fake_STM32F103C8\Release\core\core.a(usb.c.o)
                0x080035d4                usb_init_usblib
 .text.__irq_usb_lp_can_rx0
                0x08003624      0x1f4 C:\projects\copter_stm32\Output\Generic_STM32F103C6_fake_STM32F103C8\Release\core\core.a(usb.c.o)
                0x08003624                __irq_usb_lp_can_rx0
 .text.vcomDataTxCb
                0x08003818       0xac C:\projects\copter_stm32\Output\Generic_STM32F103C6_fake_STM32F103C8\Release\core\core.a(usb_cdcacm.c.o)
 .text.vcomDataRxCb
                0x080038c4       0x94 C:\projects\copter_stm32\Output\Generic_STM32F103C6_fake_STM32F103C8\Release\core\core.a(usb_cdcacm.c.o)
 .text.vcomGetSetLineCoding
                0x08003958       0x18 C:\projects\copter_stm32\Output\Generic_STM32F103C6_fake_STM32F103C8\Release\core\core.a(usb_cdcacm.c.o)
 .text.usbInit  0x08003970       0x48 C:\projects\copter_stm32\Output\Generic_STM32F103C6_fake_STM32F103C8\Release\core\core.a(usb_cdcacm.c.o)
 .text.usbDataSetup
                0x080039b8       0x58 C:\projects\copter_stm32\Output\Generic_STM32F103C6_fake_STM32F103C8\Release\core\core.a(usb_cdcacm.c.o)
 .text.usbNoDataSetup
                0x08003a10       0x58 C:\projects\copter_stm32\Output\Generic_STM32F103C6_fake_STM32F103C8\Release\core\core.a(usb_cdcacm.c.o)
 .text.usbGetInterfaceSetting
                0x08003a68       0x10 C:\projects\copter_stm32\Output\Generic_STM32F103C6_fake_STM32F103C8\Release\core\core.a(usb_cdcacm.c.o)
 .text.usbSetConfiguration
                0x08003a78       0x1c C:\projects\copter_stm32\Output\Generic_STM32F103C6_fake_STM32F103C8\Release\core\core.a(usb_cdcacm.c.o)
 .text.usbSetDeviceAddress
                0x08003a94       0x10 C:\projects\copter_stm32\Output\Generic_STM32F103C6_fake_STM32F103C8\Release\core\core.a(usb_cdcacm.c.o)
 .text.usbGetStringDescriptor
                0x08003aa4       0x20 C:\projects\copter_stm32\Output\Generic_STM32F103C6_fake_STM32F103C8\Release\core\core.a(usb_cdcacm.c.o)
 .text.usbGetConfigDescriptor
                0x08003ac4        0xc C:\projects\copter_stm32\Output\Generic_STM32F103C6_fake_STM32F103C8\Release\core\core.a(usb_cdcacm.c.o)
 .text.usbGetDeviceDescriptor
                0x08003ad0        0xc C:\projects\copter_stm32\Output\Generic_STM32F103C6_fake_STM32F103C8\Release\core\core.a(usb_cdcacm.c.o)
 .text.usbReset
                0x08003adc      0x17c C:\projects\copter_stm32\Output\Generic_STM32F103C6_fake_STM32F103C8\Release\core\core.a(usb_cdcacm.c.o)
 .text.usb_cdcacm_set_hooks
                0x08003c58       0x1c C:\projects\copter_stm32\Output\Generic_STM32F103C6_fake_STM32F103C8\Release\core\core.a(usb_cdcacm.c.o)
                0x08003c58                usb_cdcacm_set_hooks
 .text.usb_cdcacm_enable
                0x08003c74       0x38 C:\projects\copter_stm32\Output\Generic_STM32F103C6_fake_STM32F103C8\Release\core\core.a(usb_cdcacm.c.o)
                0x08003c74                usb_cdcacm_enable
 .text.usb_cdcacm_tx
                0x08003cac       0x68 C:\projects\copter_stm32\Output\Generic_STM32F103C6_fake_STM32F103C8\Release\core\core.a(usb_cdcacm.c.o)
                0x08003cac                usb_cdcacm_tx
 .text.usb_cdcacm_data_available
                0x08003d14       0x18 C:\projects\copter_stm32\Output\Generic_STM32F103C6_fake_STM32F103C8\Release\core\core.a(usb_cdcacm.c.o)
                0x08003d14                usb_cdcacm_data_available
 .text.usb_cdcacm_rx
                0x08003d2c       0x74 C:\projects\copter_stm32\Output\Generic_STM32F103C6_fake_STM32F103C8\Release\core\core.a(usb_cdcacm.c.o)
                0x08003d2c                usb_cdcacm_rx
 .text.usb_cdcacm_peek
                0x08003da0       0x3c C:\projects\copter_stm32\Output\Generic_STM32F103C6_fake_STM32F103C8\Release\core\core.a(usb_cdcacm.c.o)
                0x08003da0                usb_cdcacm_peek
 .text.usb_cdcacm_peek_ex
                0x08003ddc       0x44 C:\projects\copter_stm32\Output\Generic_STM32F103C6_fake_STM32F103C8\Release\core\core.a(usb_cdcacm.c.o)
                0x08003ddc                usb_cdcacm_peek_ex
 .text.usb_cdcacm_get_dtr
                0x08003e20       0x10 C:\projects\copter_stm32\Output\Generic_STM32F103C6_fake_STM32F103C8\Release\core\core.a(usb_cdcacm.c.o)
                0x08003e20                usb_cdcacm_get_dtr
 .text.usb_set_ep_rx_count
                0x08003e30       0x4c C:\projects\copter_stm32\Output\Generic_STM32F103C6_fake_STM32F103C8\Release\core\core.a(usb_reg_map.c.o)
                0x08003e30                usb_set_ep_rx_count
 .text.Standard_GetConfiguration
                0x08003e7c       0x28 C:\projects\copter_stm32\Output\Generic_STM32F103C6_fake_STM32F103C8\Release\core\core.a(usb_core.c.o)
                0x08003e7c                Standard_GetConfiguration
 .text.Standard_GetInterface
                0x08003ea4       0x28 C:\projects\copter_stm32\Output\Generic_STM32F103C6_fake_STM32F103C8\Release\core\core.a(usb_core.c.o)
                0x08003ea4                Standard_GetInterface
 .text.Standard_GetStatus
                0x08003ecc       0x98 C:\projects\copter_stm32\Output\Generic_STM32F103C6_fake_STM32F103C8\Release\core\core.a(usb_core.c.o)
                0x08003ecc                Standard_GetStatus
 .text.DataStageIn
                0x08003f64       0xb8 C:\projects\copter_stm32\Output\Generic_STM32F103C6_fake_STM32F103C8\Release\core\core.a(usb_core.c.o)
 .text.Standard_SetConfiguration
                0x0800401c       0x3c C:\projects\copter_stm32\Output\Generic_STM32F103C6_fake_STM32F103C8\Release\core\core.a(usb_core.c.o)
                0x0800401c                Standard_SetConfiguration
 .text.Standard_SetInterface
                0x08004058       0x50 C:\projects\copter_stm32\Output\Generic_STM32F103C6_fake_STM32F103C8\Release\core\core.a(usb_core.c.o)
                0x08004058                Standard_SetInterface
 .text.Standard_ClearFeature
                0x080040a8       0xd4 C:\projects\copter_stm32\Output\Generic_STM32F103C6_fake_STM32F103C8\Release\core\core.a(usb_core.c.o)
                0x080040a8                Standard_ClearFeature
 .text.Standard_SetEndPointFeature
                0x0800417c       0x90 C:\projects\copter_stm32\Output\Generic_STM32F103C6_fake_STM32F103C8\Release\core\core.a(usb_core.c.o)
                0x0800417c                Standard_SetEndPointFeature
 .text.Standard_GetDescriptorData
                0x0800420c       0x1c C:\projects\copter_stm32\Output\Generic_STM32F103C6_fake_STM32F103C8\Release\core\core.a(usb_core.c.o)
                0x0800420c                Standard_GetDescriptorData
 .text.Post0_Process
                0x08004228       0x40 C:\projects\copter_stm32\Output\Generic_STM32F103C6_fake_STM32F103C8\Release\core\core.a(usb_core.c.o)
                0x08004228                Post0_Process
 .text.Setup0_Process
                0x08004268      0x370 C:\projects\copter_stm32\Output\Generic_STM32F103C6_fake_STM32F103C8\Release\core\core.a(usb_core.c.o)
                0x08004268                Setup0_Process
 .text.Out0_Process
                0x080045d8       0xe8 C:\projects\copter_stm32\Output\Generic_STM32F103C6_fake_STM32F103C8\Release\core\core.a(usb_core.c.o)
                0x080045d8                Out0_Process
 .text.SetDeviceAddress
                0x080046c0       0x38 C:\projects\copter_stm32\Output\Generic_STM32F103C6_fake_STM32F103C8\Release\core\core.a(usb_core.c.o)
                0x080046c0                SetDeviceAddress
 .text.In0_Process
                0x080046f8       0x70 C:\projects\copter_stm32\Output\Generic_STM32F103C6_fake_STM32F103C8\Release\core\core.a(usb_core.c.o)
                0x080046f8                In0_Process
 .text.NOP_Process
                0x08004768        0x4 C:\projects\copter_stm32\Output\Generic_STM32F103C6_fake_STM32F103C8\Release\core\core.a(usb_core.c.o)
                0x08004768                NOP_Process
 .text.UserToPMABufferCopy
                0x0800476c       0x3c C:\projects\copter_stm32\Output\Generic_STM32F103C6_fake_STM32F103C8\Release\core\core.a(usb_mem.c.o)
                0x0800476c                UserToPMABufferCopy
 .text.PMAToUserBufferCopy
                0x080047a8       0x44 C:\projects\copter_stm32\Output\Generic_STM32F103C6_fake_STM32F103C8\Release\core\core.a(usb_mem.c.o)
                0x080047a8                PMAToUserBufferCopy
 .text.SetEPTxStatus
                0x080047ec       0x2c C:\projects\copter_stm32\Output\Generic_STM32F103C6_fake_STM32F103C8\Release\core\core.a(usb_regs.c.o)
                0x080047ec                SetEPTxStatus
 .text.ClearDTOG_RX
                0x08004818       0x20 C:\projects\copter_stm32\Output\Generic_STM32F103C6_fake_STM32F103C8\Release\core\core.a(usb_regs.c.o)
                0x08004818                ClearDTOG_RX
 .text.ClearDTOG_TX
                0x08004838       0x20 C:\projects\copter_stm32\Output\Generic_STM32F103C6_fake_STM32F103C8\Release\core\core.a(usb_regs.c.o)
                0x08004838                ClearDTOG_TX
 .text.GetEPTxAddr
                0x08004858       0x1c C:\projects\copter_stm32\Output\Generic_STM32F103C6_fake_STM32F103C8\Release\core\core.a(usb_regs.c.o)
                0x08004858                GetEPTxAddr
 .text.GetEPRxAddr
                0x08004874       0x1c C:\projects\copter_stm32\Output\Generic_STM32F103C6_fake_STM32F103C8\Release\core\core.a(usb_regs.c.o)
                0x08004874                GetEPRxAddr
 .text.SetEPTxCount
                0x08004890       0x1c C:\projects\copter_stm32\Output\Generic_STM32F103C6_fake_STM32F103C8\Release\core\core.a(usb_regs.c.o)
                0x08004890                SetEPTxCount
 .text.SetEPRxCount
                0x080048ac       0x44 C:\projects\copter_stm32\Output\Generic_STM32F103C6_fake_STM32F103C8\Release\core\core.a(usb_regs.c.o)
                0x080048ac                SetEPRxCount
 .text.throb    0x080048f0       0x58 C:\projects\copter_stm32\Output\Generic_STM32F103C6_fake_STM32F103C8\Release\core\core.a(util.c.o)
                0x080048f0                throb
 .text.__error  0x08004948       0x14 C:\projects\copter_stm32\Output\Generic_STM32F103C6_fake_STM32F103C8\Release\core\core.a(util.c.o)
                0x08004948                __error
 .text.startup._Z7premainv
                0x0800495c        0x4 C:\projects\copter_stm32\Output\Generic_STM32F103C6_fake_STM32F103C8\Release\core\core.a(main.cpp.o)
                0x0800495c                premain()
 .text.startup.main
                0x08004960        0xc C:\projects\copter_stm32\Output\Generic_STM32F103C6_fake_STM32F103C8\Release\core\core.a(main.cpp.o)
                0x08004960                main
 .text._Z8pwmWriteht
                0x0800496c       0x24 C:\projects\copter_stm32\Output\Generic_STM32F103C6_fake_STM32F103C8\Release\core\core.a(pwm.cpp.o)
                0x0800496c                pwmWrite(unsigned char, unsigned short)
 .text._Z7pinModeh13WiringPinMode
                0x08004990       0xa8 C:\projects\copter_stm32\Output\Generic_STM32F103C6_fake_STM32F103C8\Release\core\core.a(wirish_digital_f1.cpp.o)
                0x08004990                pinMode(unsigned char, WiringPinMode)
 .text._ZN9USBSerial9availableEv
                0x08004a38        0x4 C:\projects\copter_stm32\Output\Generic_STM32F103C6_fake_STM32F103C8\Release\core\core.a(usb_serial.cpp.o)
                0x08004a38                USBSerial::available()
 .text._ZN9USBSerial4peekEv
                0x08004a3c       0x20 C:\projects\copter_stm32\Output\Generic_STM32F103C6_fake_STM32F103C8\Release\core\core.a(usb_serial.cpp.o)
                0x08004a3c                USBSerial::peek()
 .text._ZN9USBSerial4readEv
                0x08004a5c       0x20 C:\projects\copter_stm32\Output\Generic_STM32F103C6_fake_STM32F103C8\Release\core\core.a(usb_serial.cpp.o)
                0x08004a5c                USBSerial::read()
 .text._ZN9USBSerial5flushEv
                0x08004a7c       0x28 C:\projects\copter_stm32\Output\Generic_STM32F103C6_fake_STM32F103C8\Release\core\core.a(usb_serial.cpp.o)
                0x08004a7c                USBSerial::flush()
 .text._ZL14ifaceSetupHookjPv
                0x08004aa4       0x3c C:\projects\copter_stm32\Output\Generic_STM32F103C6_fake_STM32F103C8\Release\core\core.a(usb_serial.cpp.o)
 .text._ZL6rxHookjPv
                0x08004ae0       0x6c C:\projects\copter_stm32\Output\Generic_STM32F103C6_fake_STM32F103C8\Release\core\core.a(usb_serial.cpp.o)
 .text._ZN9USBSerial5beginEv.part.4
                0x08004b4c       0x30 C:\projects\copter_stm32\Output\Generic_STM32F103C6_fake_STM32F103C8\Release\core\core.a(usb_serial.cpp.o)
 .text._ZN9USBSerial5beginEv
                0x08004b7c       0x10 C:\projects\copter_stm32\Output\Generic_STM32F103C6_fake_STM32F103C8\Release\core\core.a(usb_serial.cpp.o)
                0x08004b7c                USBSerial::begin()
 .text._ZN9USBSerial5writeEPKhm
                0x08004b8c       0x50 C:\projects\copter_stm32\Output\Generic_STM32F103C6_fake_STM32F103C8\Release\core\core.a(usb_serial.cpp.o)
                0x08004b8c                USBSerial::write(unsigned char const*, unsigned long)
 .text._ZN9USBSerial5writeEh
                0x08004bdc       0x18 C:\projects\copter_stm32\Output\Generic_STM32F103C6_fake_STM32F103C8\Release\core\core.a(usb_serial.cpp.o)
                0x08004bdc                USBSerial::write(unsigned char)
 .text._ZN9USBSerial5writeEPKc
                0x08004bf4       0x1c C:\projects\copter_stm32\Output\Generic_STM32F103C6_fake_STM32F103C8\Release\core\core.a(usb_serial.cpp.o)
                0x08004bf4                USBSerial::write(char const*)
 .text.startup._GLOBAL__sub_I__ZN9USBSerial9_hasBegunE
                0x08004c10       0x1c C:\projects\copter_stm32\Output\Generic_STM32F103C6_fake_STM32F103C8\Release\core\core.a(usb_serial.cpp.o)
 .text._Z10analogReadh
                0x08004c2c       0x18 C:\projects\copter_stm32\Output\Generic_STM32F103C6_fake_STM32F103C8\Release\core\core.a(wirish_analog.cpp.o)
                0x08004c2c                analogRead(unsigned char)
 .text._Z5delaym
                0x08004c44       0x90 C:\projects\copter_stm32\Output\Generic_STM32F103C6_fake_STM32F103C8\Release\core\core.a(wirish_time.cpp.o)
                0x08004c44                delay(unsigned long)
 .text.__empty  0x08004cd4        0x4 C:\projects\copter_stm32\Output\Generic_STM32F103C6_fake_STM32F103C8\Release\core\core.a(hooks.c.o)
                0x08004cd4                yield
 .text.bkp_init
                0x08004cd8       0x18 C:\projects\copter_stm32\Output\Generic_STM32F103C6_fake_STM32F103C8\Release\core\core.a(bkp_f1.c.o)
                0x08004cd8                bkp_init
 .text.bkp_enable_writes
                0x08004cf0        0xc C:\projects\copter_stm32\Output\Generic_STM32F103C6_fake_STM32F103C8\Release\core\core.a(bkp_f1.c.o)
                0x08004cf0                bkp_enable_writes
 .text.bkp_disable_writes
                0x08004cfc        0xc C:\projects\copter_stm32\Output\Generic_STM32F103C6_fake_STM32F103C8\Release\core\core.a(bkp_f1.c.o)
                0x08004cfc                bkp_disable_writes
 .text.bkp_write
                0x08004d08       0x18 C:\projects\copter_stm32\Output\Generic_STM32F103C6_fake_STM32F103C8\Release\core\core.a(bkp_f1.c.o)
                0x08004d08                bkp_write
 .text.gpio_init
                0x08004d20       0x14 C:\projects\copter_stm32\Output\Generic_STM32F103C6_fake_STM32F103C8\Release\core\core.a(gpio.c.o)
                0x08004d20                gpio_init
 .text          0x08004d34      0x370 c:/users/tcool/appdata/local/arduino15/packages/arduino/tools/arm-none-eabi-gcc/4.8.3-2014q1/bin/../lib/gcc/arm-none-eabi/4.8.3/armv7-m\libgcc.a(_arm_addsubdf3.o)
                0x08004d34                __aeabi_drsub
                0x08004d3c                __aeabi_dsub
                0x08004d3c                __subdf3
                0x08004d40                __aeabi_dadd
                0x08004d40                __adddf3
                0x08004fb8                __floatunsidf
                0x08004fb8                __aeabi_ui2d
                0x08004fd8                __floatsidf
                0x08004fd8                __aeabi_i2d
                0x08004ffc                __aeabi_f2d
                0x08004ffc                __extendsfdf2
                0x08005038                __floatundidf
                0x08005038                __aeabi_ul2d
                0x08005048                __floatdidf
                0x08005048                __aeabi_l2d
 .text          0x080050a4      0x424 c:/users/tcool/appdata/local/arduino15/packages/arduino/tools/arm-none-eabi-gcc/4.8.3-2014q1/bin/../lib/gcc/arm-none-eabi/4.8.3/armv7-m\libgcc.a(_arm_muldivdf3.o)
                0x080050a4                __aeabi_dmul
                0x080050a4                __muldf3
                0x080052f8                __divdf3
                0x080052f8                __aeabi_ddiv
 .text          0x080054c8      0x110 c:/users/tcool/appdata/local/arduino15/packages/arduino/tools/arm-none-eabi-gcc/4.8.3-2014q1/bin/../lib/gcc/arm-none-eabi/4.8.3/armv7-m\libgcc.a(_arm_cmpdf2.o)
                0x080054c8                __gtdf2
                0x080054c8                __gedf2
                0x080054d0                __ltdf2
                0x080054d0                __ledf2
                0x080054d8                __nedf2
                0x080054d8                __eqdf2
                0x080054d8                __cmpdf2
                0x08005554                __aeabi_cdrcmple
                0x08005564                __aeabi_cdcmpeq
                0x08005564                __aeabi_cdcmple
                0x08005574                __aeabi_dcmpeq
                0x08005588                __aeabi_dcmplt
                0x0800559c                __aeabi_dcmple
                0x080055b0                __aeabi_dcmpge
                0x080055c4                __aeabi_dcmpgt
 .text          0x080055d8       0xa0 c:/users/tcool/appdata/local/arduino15/packages/arduino/tools/arm-none-eabi-gcc/4.8.3-2014q1/bin/../lib/gcc/arm-none-eabi/4.8.3/armv7-m\libgcc.a(_arm_truncdfsf2.o)
                0x080055d8                __truncdfsf2
                0x080055d8                __aeabi_d2f
 .text          0x08005678      0x21c c:/users/tcool/appdata/local/arduino15/packages/arduino/tools/arm-none-eabi-gcc/4.8.3-2014q1/bin/../lib/gcc/arm-none-eabi/4.8.3/armv7-m\libgcc.a(_arm_addsubsf3.o)
                0x08005678                __aeabi_frsub
                0x08005680                __subsf3
                0x08005680                __aeabi_fsub
                0x08005684                __aeabi_fadd
                0x08005684                __addsf3
                0x080057e4                __aeabi_ui2f
                0x080057e4                __floatunsisf
                0x080057ec                __aeabi_i2f
                0x080057ec                __floatsisf
                0x08005808                __aeabi_ul2f
                0x08005808                __floatundisf
                0x08005818                __aeabi_l2f
                0x08005818                __floatdisf
 .text          0x08005894      0x2a0 c:/users/tcool/appdata/local/arduino15/packages/arduino/tools/arm-none-eabi-gcc/4.8.3-2014q1/bin/../lib/gcc/arm-none-eabi/4.8.3/armv7-m\libgcc.a(_arm_muldivsf3.o)
                0x08005894                __mulsf3
                0x08005894                __aeabi_fmul
                0x080059fc                __aeabi_fdiv
                0x080059fc                __divsf3
 .text          0x08005b34       0x40 c:/users/tcool/appdata/local/arduino15/packages/arduino/tools/arm-none-eabi-gcc/4.8.3-2014q1/bin/../lib/gcc/arm-none-eabi/4.8.3/armv7-m\libgcc.a(_arm_fixunssfsi.o)
                0x08005b34                __fixunssfsi
                0x08005b34                __aeabi_f2uiz
 .text.__errno  0x08005b74        0xc c:/users/tcool/appdata/local/arduino15/packages/arduino/tools/arm-none-eabi-gcc/4.8.3-2014q1/bin/../lib/gcc/arm-none-eabi/4.8.3/../../../../arm-none-eabi/lib/armv7-m\libc.a(lib_a-errno.o)
                0x08005b74                __errno
 .text.__libc_init_array
                0x08005b80       0x50 c:/users/tcool/appdata/local/arduino15/packages/arduino/tools/arm-none-eabi-gcc/4.8.3-2014q1/bin/../lib/gcc/arm-none-eabi/4.8.3/../../../../arm-none-eabi/lib/armv7-m\libc.a(lib_a-init.o)
                0x08005b80                __libc_init_array
 .text.malloc   0x08005bd0       0x10 c:/users/tcool/appdata/local/arduino15/packages/arduino/tools/arm-none-eabi-gcc/4.8.3-2014q1/bin/../lib/gcc/arm-none-eabi/4.8.3/../../../../arm-none-eabi/lib/armv7-m\libc.a(lib_a-malloc.o)
                0x08005bd0                malloc
 .text._malloc_r
                0x08005be0      0x538 c:/users/tcool/appdata/local/arduino15/packages/arduino/tools/arm-none-eabi-gcc/4.8.3-2014q1/bin/../lib/gcc/arm-none-eabi/4.8.3/../../../../arm-none-eabi/lib/armv7-m\libc.a(lib_a-mallocr.o)
                0x08005be0                _malloc_r
 .text          0x08006118       0xec c:/users/tcool/appdata/local/arduino15/packages/arduino/tools/arm-none-eabi-gcc/4.8.3-2014q1/bin/../lib/gcc/arm-none-eabi/4.8.3/../../../../arm-none-eabi/lib/armv7-m\libc.a(lib_a-memcpy.o)
                0x08006118                memcpy
 .text.memmove  0x08006204       0xcc c:/users/tcool/appdata/local/arduino15/packages/arduino/tools/arm-none-eabi-gcc/4.8.3-2014q1/bin/../lib/gcc/arm-none-eabi/4.8.3/../../../../arm-none-eabi/lib/armv7-m\libc.a(lib_a-memmove.o)
                0x08006204                memmove
 .text.__malloc_lock
                0x080062d0        0x4 c:/users/tcool/appdata/local/arduino15/packages/arduino/tools/arm-none-eabi-gcc/4.8.3-2014q1/bin/../lib/gcc/arm-none-eabi/4.8.3/../../../../arm-none-eabi/lib/armv7-m\libc.a(lib_a-mlock.o)
                0x080062d0                __malloc_lock
 .text.__malloc_unlock
                0x080062d4        0x4 c:/users/tcool/appdata/local/arduino15/packages/arduino/tools/arm-none-eabi-gcc/4.8.3-2014q1/bin/../lib/gcc/arm-none-eabi/4.8.3/../../../../arm-none-eabi/lib/armv7-m\libc.a(lib_a-mlock.o)
                0x080062d4                __malloc_unlock
 .text.realloc  0x080062d8       0x10 c:/users/tcool/appdata/local/arduino15/packages/arduino/tools/arm-none-eabi-gcc/4.8.3-2014q1/bin/../lib/gcc/arm-none-eabi/4.8.3/../../../../arm-none-eabi/lib/armv7-m\libc.a(lib_a-realloc.o)
                0x080062d8                realloc
 .text._realloc_r
                0x080062e8      0x3c0 c:/users/tcool/appdata/local/arduino15/packages/arduino/tools/arm-none-eabi-gcc/4.8.3-2014q1/bin/../lib/gcc/arm-none-eabi/4.8.3/../../../../arm-none-eabi/lib/armv7-m\libc.a(lib_a-reallocr.o)
                0x080062e8                _realloc_r
 .text._sbrk_r  0x080066a8       0x24 c:/users/tcool/appdata/local/arduino15/packages/arduino/tools/arm-none-eabi-gcc/4.8.3-2014q1/bin/../lib/gcc/arm-none-eabi/4.8.3/../../../../arm-none-eabi/lib/armv7-m\libc.a(lib_a-sbrkr.o)
                0x080066a8                _sbrk_r
 .text.strlen   0x080066cc       0x60 c:/users/tcool/appdata/local/arduino15/packages/arduino/tools/arm-none-eabi-gcc/4.8.3-2014q1/bin/../lib/gcc/arm-none-eabi/4.8.3/../../../../arm-none-eabi/lib/armv7-m\libc.a(lib_a-strlen.o)
                0x080066cc                strlen
 .text.startup.register_fini
                0x0800672c       0x14 c:/users/tcool/appdata/local/arduino15/packages/arduino/tools/arm-none-eabi-gcc/4.8.3-2014q1/bin/../lib/gcc/arm-none-eabi/4.8.3/../../../../arm-none-eabi/lib/armv7-m\libc.a(lib_a-__call_atexit.o)
 .text.atexit   0x08006740        0xc c:/users/tcool/appdata/local/arduino15/packages/arduino/tools/arm-none-eabi-gcc/4.8.3-2014q1/bin/../lib/gcc/arm-none-eabi/4.8.3/../../../../arm-none-eabi/lib/armv7-m\libc.a(lib_a-atexit.o)
                0x08006740                atexit
 .text.__libc_fini_array
                0x0800674c       0x30 c:/users/tcool/appdata/local/arduino15/packages/arduino/tools/arm-none-eabi-gcc/4.8.3-2014q1/bin/../lib/gcc/arm-none-eabi/4.8.3/../../../../arm-none-eabi/lib/armv7-m\libc.a(lib_a-fini.o)
                0x0800674c                __libc_fini_array
 .text._malloc_trim_r
                0x0800677c       0x9c c:/users/tcool/appdata/local/arduino15/packages/arduino/tools/arm-none-eabi-gcc/4.8.3-2014q1/bin/../lib/gcc/arm-none-eabi/4.8.3/../../../../arm-none-eabi/lib/armv7-m\libc.a(lib_a-freer.o)
                0x0800677c                _malloc_trim_r
 .text._free_r  0x08006818      0x198 c:/users/tcool/appdata/local/arduino15/packages/arduino/tools/arm-none-eabi-gcc/4.8.3-2014q1/bin/../lib/gcc/arm-none-eabi/4.8.3/../../../../arm-none-eabi/lib/armv7-m\libc.a(lib_a-freer.o)
                0x08006818                _free_r
 .text.__register_exitproc
                0x080069b0       0xa8 c:/users/tcool/appdata/local/arduino15/packages/arduino/tools/arm-none-eabi-gcc/4.8.3-2014q1/bin/../lib/gcc/arm-none-eabi/4.8.3/../../../../arm-none-eabi/lib/armv7-m\libc.a(lib_a-__atexit.o)
                0x080069b0                __register_exitproc
 *(.plt)
 *(.gnu.warning)
 *(.glue_7t)
 .glue_7t       0x00000000        0x0 linker stubs
 *(.glue_7)
 .glue_7        0x00000000        0x0 linker stubs
 *(.vfp11_veneer)
 .vfp11_veneer  0x00000000        0x0 linker stubs
 *(.ARM.extab* .gnu.linkonce.armextab.*)
 *(.gcc_except_table)
 *(.eh_frame_hdr)
 *(.eh_frame)
 .eh_frame      0x08006a58        0x0 c:/users/tcool/appdata/local/arduino15/packages/arduino/tools/arm-none-eabi-gcc/4.8.3-2014q1/bin/../lib/gcc/arm-none-eabi/4.8.3/armv7-m/crtbegin.o
                0x08006a58                . = ALIGN (0x4)
 *(.init)
 .init          0x08006a58        0x4 c:/users/tcool/appdata/local/arduino15/packages/arduino/tools/arm-none-eabi-gcc/4.8.3-2014q1/bin/../lib/gcc/arm-none-eabi/4.8.3/armv7-m/crti.o
                0x08006a58                _init
 .init          0x08006a5c        0x8 c:/users/tcool/appdata/local/arduino15/packages/arduino/tools/arm-none-eabi-gcc/4.8.3-2014q1/bin/../lib/gcc/arm-none-eabi/4.8.3/armv7-m/crtn.o
                0x08006a64                . = ALIGN (0x4)
                0x08006a64                __preinit_array_start = .
 *(.preinit_array)
                0x08006a64                __preinit_array_end = .
                0x08006a64                . = ALIGN (0x4)
                0x08006a64                __init_array_start = .
 *(SORT(.init_array.*))
 .init_array.00000
                0x08006a64        0x4 c:/users/tcool/appdata/local/arduino15/packages/arduino/tools/arm-none-eabi-gcc/4.8.3-2014q1/bin/../lib/gcc/arm-none-eabi/4.8.3/../../../../arm-none-eabi/lib/armv7-m\libc.a(lib_a-__call_atexit.o)
 .init_array.00101
                0x08006a68        0x4 C:\projects\copter_stm32\Output\Generic_STM32F103C6_fake_STM32F103C8\Release\core\core.a(main.cpp.o)
 *(.init_array)
 .init_array    0x08006a6c        0x4 c:/users/tcool/appdata/local/arduino15/packages/arduino/tools/arm-none-eabi-gcc/4.8.3-2014q1/bin/../lib/gcc/arm-none-eabi/4.8.3/armv7-m/crtbegin.o
 .init_array    0x08006a70        0x4 C:\projects\copter_stm32\Output\Generic_STM32F103C6_fake_STM32F103C8\Release\libraries\WireSlave\Wire_slave.cpp.o
 .init_array    0x08006a74        0x4 C:\projects\copter_stm32\Output\Generic_STM32F103C6_fake_STM32F103C8\Release\libraries\EEPROM\EEPROM.cpp.o
 .init_array    0x08006a78        0x4 C:\projects\copter_stm32\Output\Generic_STM32F103C6_fake_STM32F103C8\Release\core\board.cpp.o
 .init_array    0x08006a7c        0x4 C:\projects\copter_stm32\Output\Generic_STM32F103C6_fake_STM32F103C8\Release\core\core.a(usb_serial.cpp.o)
                0x08006a80                __init_array_end = .
                0x08006a80                . = ALIGN (0x4)
 *crtbegin.o(.ctors)
 *(EXCLUDE_FILE(*crtend.o) .ctors)
 *(SORT(.ctors.*))
 *crtend.o(.ctors)
                0x08006a80                . = ALIGN (0x4)
 *(.fini)
 .fini          0x08006a80        0x4 c:/users/tcool/appdata/local/arduino15/packages/arduino/tools/arm-none-eabi-gcc/4.8.3-2014q1/bin/../lib/gcc/arm-none-eabi/4.8.3/armv7-m/crti.o
                0x08006a80                _fini
 .fini          0x08006a84        0x8 c:/users/tcool/appdata/local/arduino15/packages/arduino/tools/arm-none-eabi-gcc/4.8.3-2014q1/bin/../lib/gcc/arm-none-eabi/4.8.3/armv7-m/crtn.o
                0x08006a8c                . = ALIGN (0x4)
                0x08006a8c                __fini_array_start = .
 *(.fini_array)
 .fini_array    0x08006a8c        0x4 c:/users/tcool/appdata/local/arduino15/packages/arduino/tools/arm-none-eabi-gcc/4.8.3-2014q1/bin/../lib/gcc/arm-none-eabi/4.8.3/armv7-m/crtbegin.o
 *(SORT(.fini_array.*))
                0x08006a90                __fini_array_end = .
 *crtbegin.o(.dtors)
 *(EXCLUDE_FILE(*crtend.o) .dtors)
 *(SORT(.dtors.*))
 *crtend.o(.dtors)

.v4_bx          0x08006a90        0x0
 .v4_bx         0x00000000        0x0 linker stubs

.iplt           0x08006a90        0x0
 .iplt          0x00000000        0x0 c:/users/tcool/appdata/local/arduino15/packages/arduino/tools/arm-none-eabi-gcc/4.8.3-2014q1/bin/../lib/gcc/arm-none-eabi/4.8.3/armv7-m/crtbegin.o

.text.align     0x08006a90        0x0
                0x08006a90                . = ALIGN (0x8)
                0x08006a90                __text_end__ = .
                0x08006a90                __exidx_start = .

.ARM.exidx      0x08006a90        0x8
 *(.ARM.exidx* .gnu.linkonce.armexidx.*)
 .ARM.exidx     0x08006a90        0x8 C:\projects\copter_stm32\Output\Generic_STM32F103C6_fake_STM32F103C8\Release\core\wirish\start.S.o
                0x08006a98                __exidx_end = .

.data           0x20000000      0xd40 load address 0x08006a98
                0x20000000                __data_start__ = .
                0x20000000        0x4 LONG 0x0
                0x20000008                . = ALIGN (0x8)
 *fill*         0x20000004        0x4 
 *(.got.plt)
 *(.got)
 *(.data .data.* .gnu.linkonce.d.*)
 .data.S4       0x20000008        0x1 C:\projects\copter_stm32\Output\Generic_STM32F103C6_fake_STM32F103C8\Release\sketch\copter_stm32.ino.cpp.o
                0x20000008                S4
 .data.gps_cnt  0x20000009        0x1 C:\projects\copter_stm32\Output\Generic_STM32F103C6_fake_STM32F103C8\Release\sketch\copter_stm32.ino.cpp.o
                0x20000009                gps_cnt
 .data.reg      0x2000000a        0x1 C:\projects\copter_stm32\Output\Generic_STM32F103C6_fake_STM32F103C8\Release\sketch\copter_stm32.ino.cpp.o
                0x2000000a                reg
 *fill*         0x2000000b        0x1 
 .data.pi_copter_color
                0x2000000c       0x18 C:\projects\copter_stm32\Output\Generic_STM32F103C6_fake_STM32F103C8\Release\sketch\copter_stm32.ino.cpp.o
                0x2000000c                pi_copter_color
 .data.old_gps_c
                0x20000024        0x1 C:\projects\copter_stm32\Output\Generic_STM32F103C6_fake_STM32F103C8\Release\sketch\copter_stm32.ino.cpp.o
                0x20000024                old_gps_c
 *fill*         0x20000025        0x3 
 .data.col      0x20000028        0x8 C:\projects\copter_stm32\Output\Generic_STM32F103C6_fake_STM32F103C8\Release\sketch\copter_stm32.ino.cpp.o
                0x20000028                col
 .data.do_sound
                0x20000030        0x1 C:\projects\copter_stm32\Output\Generic_STM32F103C6_fake_STM32F103C8\Release\sketch\copter_stm32.ino.cpp.o
                0x20000030                do_sound
 *fill*         0x20000031        0x3 
 .data.RMC_d    0x20000034        0xc C:\projects\copter_stm32\Output\Generic_STM32F103C6_fake_STM32F103C8\Release\sketch\gps.cpp.o
                0x20000034                RMC_d
 .data.VTG_d    0x20000040        0xc C:\projects\copter_stm32\Output\Generic_STM32F103C6_fake_STM32F103C8\Release\sketch\gps.cpp.o
                0x20000040                VTG_d
 .data.ghz10    0x2000004c       0x18 C:\projects\copter_stm32\Output\Generic_STM32F103C6_fake_STM32F103C8\Release\sketch\gps.cpp.o
                0x2000004c                ghz10
 .data.GGA_d    0x20000064        0xc C:\projects\copter_stm32\Output\Generic_STM32F103C6_fake_STM32F103C8\Release\sketch\gps.cpp.o
                0x20000064                GGA_d
 .data.GLL_d    0x20000070        0xc C:\projects\copter_stm32\Output\Generic_STM32F103C6_fake_STM32F103C8\Release\sketch\gps.cpp.o
                0x20000070                GLL_d
 .data.GSA_d    0x2000007c        0xc C:\projects\copter_stm32\Output\Generic_STM32F103C6_fake_STM32F103C8\Release\sketch\gps.cpp.o
                0x2000007c                GSA_d
 .data.POSLLH   0x20000088        0xc C:\projects\copter_stm32\Output\Generic_STM32F103C6_fake_STM32F103C8\Release\sketch\gps.cpp.o
                0x20000088                POSLLH
 .data.GSV_d    0x20000094        0xc C:\projects\copter_stm32\Output\Generic_STM32F103C6_fake_STM32F103C8\Release\sketch\gps.cpp.o
                0x20000094                GSV_d
 .data._ZN6wirish4privL8pll_dataE
                0x200000a0        0x4 C:\projects\copter_stm32\Output\Generic_STM32F103C6_fake_STM32F103C8\Release\core\wirish\boards_setup.cpp.o
 .data._ZN6wirish4priv9w_adc_smpE
                0x200000a4        0x1 C:\projects\copter_stm32\Output\Generic_STM32F103C6_fake_STM32F103C8\Release\core\wirish\boards_setup.cpp.o
                0x200000a4                wirish::priv::w_adc_smp
 *fill*         0x200000a5        0x1 
 .data._ZN6wirish4priv9w_adc_preE
                0x200000a6        0x2 C:\projects\copter_stm32\Output\Generic_STM32F103C6_fake_STM32F103C8\Release\core\wirish\boards_setup.cpp.o
                0x200000a6                wirish::priv::w_adc_pre
 .data._ZN6wirish4priv15w_board_pll_cfgE
                0x200000a8        0x8 C:\projects\copter_stm32\Output\Generic_STM32F103C6_fake_STM32F103C8\Release\core\wirish\boards_setup.cpp.o
                0x200000a8                wirish::priv::w_board_pll_cfg
 .data.adc2     0x200000b0        0x8 C:\projects\copter_stm32\Output\Generic_STM32F103C6_fake_STM32F103C8\Release\core\core.a(adc_f1.c.o)
                0x200000b0                adc2
 .data.adc1     0x200000b8       0x18 C:\projects\copter_stm32\Output\Generic_STM32F103C6_fake_STM32F103C8\Release\core\core.a(adc_f1.c.o)
                0x200000b8                adc1
 .data.ADC2     0x200000d0        0x4 C:\projects\copter_stm32\Output\Generic_STM32F103C6_fake_STM32F103C8\Release\core\core.a(adc_f1.c.o)
                0x200000d0                ADC2
 .data.ADC1     0x200000d4        0x4 C:\projects\copter_stm32\Output\Generic_STM32F103C6_fake_STM32F103C8\Release\core\core.a(adc_f1.c.o)
                0x200000d4                ADC1
 .data.dma1     0x200000d8       0x40 C:\projects\copter_stm32\Output\Generic_STM32F103C6_fake_STM32F103C8\Release\core\core.a(dma_f1.c.o)
 .data.DMA1     0x20000118        0x4 C:\projects\copter_stm32\Output\Generic_STM32F103C6_fake_STM32F103C8\Release\core\core.a(dma_f1.c.o)
                0x20000118                DMA1
 .data.gpioa    0x2000011c        0x8 C:\projects\copter_stm32\Output\Generic_STM32F103C6_fake_STM32F103C8\Release\core\core.a(gpio_f1.c.o)
                0x2000011c                gpioa
 .data.gpiob    0x20000124        0x8 C:\projects\copter_stm32\Output\Generic_STM32F103C6_fake_STM32F103C8\Release\core\core.a(gpio_f1.c.o)
                0x20000124                gpiob
 .data.gpioc    0x2000012c        0x8 C:\projects\copter_stm32\Output\Generic_STM32F103C6_fake_STM32F103C8\Release\core\core.a(gpio_f1.c.o)
                0x2000012c                gpioc
 .data.gpiod    0x20000134        0x8 C:\projects\copter_stm32\Output\Generic_STM32F103C6_fake_STM32F103C8\Release\core\core.a(gpio_f1.c.o)
                0x20000134                gpiod
 .data.i2c1     0x2000013c       0x38 C:\projects\copter_stm32\Output\Generic_STM32F103C6_fake_STM32F103C8\Release\core\core.a(i2c_f1.c.o)
 .data.i2c2     0x20000174       0x38 C:\projects\copter_stm32\Output\Generic_STM32F103C6_fake_STM32F103C8\Release\core\core.a(i2c_f1.c.o)
 .data.enable_regs.4411
                0x200001ac        0xc C:\projects\copter_stm32\Output\Generic_STM32F103C6_fake_STM32F103C8\Release\core\core.a(rcc_f1.c.o)
 .data.reset_regs.4415
                0x200001b8        0x8 C:\projects\copter_stm32\Output\Generic_STM32F103C6_fake_STM32F103C8\Release\core\core.a(rcc_f1.c.o)
 .data.enable_regs.4424
                0x200001c0        0xc C:\projects\copter_stm32\Output\Generic_STM32F103C6_fake_STM32F103C8\Release\core\core.a(rcc_f1.c.o)
 .data.timer3   0x200001cc       0x24 C:\projects\copter_stm32\Output\Generic_STM32F103C6_fake_STM32F103C8\Release\core\core.a(timer.c.o)
                0x200001cc                timer3
 .data.timer4   0x200001f0       0x24 C:\projects\copter_stm32\Output\Generic_STM32F103C6_fake_STM32F103C8\Release\core\core.a(timer.c.o)
                0x200001f0                timer4
 .data.timer1   0x20000214       0x28 C:\projects\copter_stm32\Output\Generic_STM32F103C6_fake_STM32F103C8\Release\core\core.a(timer.c.o)
                0x20000214                timer1
 .data.timer2   0x2000023c       0x24 C:\projects\copter_stm32\Output\Generic_STM32F103C6_fake_STM32F103C8\Release\core\core.a(timer.c.o)
                0x2000023c                timer2
 .data.USART1   0x20000260        0x4 C:\projects\copter_stm32\Output\Generic_STM32F103C6_fake_STM32F103C8\Release\core\core.a(usart_f1.c.o)
                0x20000260                USART1
 .data.USART2   0x20000264        0x4 C:\projects\copter_stm32\Output\Generic_STM32F103C6_fake_STM32F103C8\Release\core\core.a(usart_f1.c.o)
                0x20000264                USART2
 .data.USART3   0x20000268        0x4 C:\projects\copter_stm32\Output\Generic_STM32F103C6_fake_STM32F103C8\Release\core\core.a(usart_f1.c.o)
                0x20000268                USART3
 .data.usart1   0x2000026c       0x94 C:\projects\copter_stm32\Output\Generic_STM32F103C6_fake_STM32F103C8\Release\core\core.a(usart_f1.c.o)
 .data.usart2   0x20000300       0x94 C:\projects\copter_stm32\Output\Generic_STM32F103C6_fake_STM32F103C8\Release\core\core.a(usart_f1.c.o)
 .data.usart3   0x20000394       0x94 C:\projects\copter_stm32\Output\Generic_STM32F103C6_fake_STM32F103C8\Release\core\core.a(usart_f1.c.o)
 .data.USBLIB   0x20000428        0x4 C:\projects\copter_stm32\Output\Generic_STM32F103C6_fake_STM32F103C8\Release\core\core.a(usb.c.o)
                0x20000428                USBLIB
 .data.usblib   0x2000042c       0x10 C:\projects\copter_stm32\Output\Generic_STM32F103C6_fake_STM32F103C8\Release\core\core.a(usb.c.o)
 .data.Device_Property
                0x2000043c       0x30 C:\projects\copter_stm32\Output\Generic_STM32F103C6_fake_STM32F103C8\Release\core\core.a(usb_cdcacm.c.o)
                0x2000043c                Device_Property
 .data.ep_int_in
                0x2000046c       0x1c C:\projects\copter_stm32\Output\Generic_STM32F103C6_fake_STM32F103C8\Release\core\core.a(usb_cdcacm.c.o)
 .data.ep_int_out
                0x20000488       0x1c C:\projects\copter_stm32\Output\Generic_STM32F103C6_fake_STM32F103C8\Release\core\core.a(usb_cdcacm.c.o)
 .data.String_Descriptor
                0x200004a4       0x18 C:\projects\copter_stm32\Output\Generic_STM32F103C6_fake_STM32F103C8\Release\core\core.a(usb_cdcacm.c.o)
 .data.Config_Descriptor
                0x200004bc        0x8 C:\projects\copter_stm32\Output\Generic_STM32F103C6_fake_STM32F103C8\Release\core\core.a(usb_cdcacm.c.o)
 .data.line_coding
                0x200004c4        0x8 C:\projects\copter_stm32\Output\Generic_STM32F103C6_fake_STM32F103C8\Release\core\core.a(usb_cdcacm.c.o)
 .data.User_Standard_Requests
                0x200004cc       0x24 C:\projects\copter_stm32\Output\Generic_STM32F103C6_fake_STM32F103C8\Release\core\core.a(usb_cdcacm.c.o)
                0x200004cc                User_Standard_Requests
 .data.Device_Descriptor
                0x200004f0        0x8 C:\projects\copter_stm32\Output\Generic_STM32F103C6_fake_STM32F103C8\Release\core\core.a(usb_cdcacm.c.o)
 .data.Device_Table
                0x200004f8        0x4 C:\projects\copter_stm32\Output\Generic_STM32F103C6_fake_STM32F103C8\Release\core\core.a(usb_cdcacm.c.o)
                0x200004f8                Device_Table
 *fill*         0x200004fc        0x4 
 .data.impure_data
                0x20000500      0x428 c:/users/tcool/appdata/local/arduino15/packages/arduino/tools/arm-none-eabi-gcc/4.8.3-2014q1/bin/../lib/gcc/arm-none-eabi/4.8.3/../../../../arm-none-eabi/lib/armv7-m\libc.a(lib_a-impure.o)
 .data._impure_ptr
                0x20000928        0x4 c:/users/tcool/appdata/local/arduino15/packages/arduino/tools/arm-none-eabi-gcc/4.8.3-2014q1/bin/../lib/gcc/arm-none-eabi/4.8.3/../../../../arm-none-eabi/lib/armv7-m\libc.a(lib_a-impure.o)
                0x20000928                _impure_ptr
 .data.__malloc_av_
                0x2000092c      0x408 c:/users/tcool/appdata/local/arduino15/packages/arduino/tools/arm-none-eabi-gcc/4.8.3-2014q1/bin/../lib/gcc/arm-none-eabi/4.8.3/../../../../arm-none-eabi/lib/armv7-m\libc.a(lib_a-mallocr.o)
                0x2000092c                __malloc_av_
 .data.__malloc_trim_threshold
                0x20000d34        0x4 c:/users/tcool/appdata/local/arduino15/packages/arduino/tools/arm-none-eabi-gcc/4.8.3-2014q1/bin/../lib/gcc/arm-none-eabi/4.8.3/../../../../arm-none-eabi/lib/armv7-m\libc.a(lib_a-mallocr.o)
                0x20000d34                __malloc_trim_threshold
 .data.__malloc_sbrk_base
                0x20000d38        0x4 c:/users/tcool/appdata/local/arduino15/packages/arduino/tools/arm-none-eabi-gcc/4.8.3-2014q1/bin/../lib/gcc/arm-none-eabi/4.8.3/../../../../arm-none-eabi/lib/armv7-m\libc.a(lib_a-mallocr.o)
                0x20000d38                __malloc_sbrk_base
                0x20000d40                . = ALIGN (0x8)
 *fill*         0x20000d3c        0x4 
                0x20000d40                __data_end__ = .

.jcr            0x20000d40        0x0 load address 0x080077d8
 .jcr           0x20000d40        0x0 c:/users/tcool/appdata/local/arduino15/packages/arduino/tools/arm-none-eabi-gcc/4.8.3-2014q1/bin/../lib/gcc/arm-none-eabi/4.8.3/armv7-m/crtbegin.o

.igot.plt       0x20000d40        0x0 load address 0x080077d8
 .igot.plt      0x00000000        0x0 c:/users/tcool/appdata/local/arduino15/packages/arduino/tools/arm-none-eabi-gcc/4.8.3-2014q1/bin/../lib/gcc/arm-none-eabi/4.8.3/armv7-m/crtbegin.o

.rodata         0x080077d8      0x3b4
 *(.rodata .rodata.* .gnu.linkonce.r.*)
 .rodata._ZL10UBX_HEADER
                0x080077d8        0x4 C:\projects\copter_stm32\Output\Generic_STM32F103C6_fake_STM32F103C8\Release\sketch\gps.cpp.o
 *fill*         0x080077dc        0x4 
 .rodata._ZTV7TwoWire
                0x080077e0       0x28 C:\projects\copter_stm32\Output\Generic_STM32F103C6_fake_STM32F103C8\Release\libraries\WireSlave\Wire_slave.cpp.o
                0x080077e0                vtable for TwoWire
 .rodata.PIN_MAP
                0x08007808      0x230 C:\projects\copter_stm32\Output\Generic_STM32F103C6_fake_STM32F103C8\Release\core\board.cpp.o
                0x08007808                PIN_MAP
 .rodata._ZTV14HardwareSerial
                0x08007a38       0x28 C:\projects\copter_stm32\Output\Generic_STM32F103C6_fake_STM32F103C8\Release\core\core.a(HardwareSerial.cpp.o)
                0x08007a38                vtable for HardwareSerial
 .rodata.GPIOC  0x08007a60        0x4 C:\projects\copter_stm32\Output\Generic_STM32F103C6_fake_STM32F103C8\Release\core\core.a(gpio_f1.c.o)
                0x08007a60                GPIOC
 .rodata.I2C1   0x08007a64        0x4 C:\projects\copter_stm32\Output\Generic_STM32F103C6_fake_STM32F103C8\Release\core\core.a(i2c_f1.c.o)
                0x08007a64                I2C1
 .rodata.I2C2   0x08007a68        0x4 C:\projects\copter_stm32\Output\Generic_STM32F103C6_fake_STM32F103C8\Release\core\core.a(i2c_f1.c.o)
                0x08007a68                I2C2
 .rodata.rcc_dev_table
                0x08007a6c       0x5c C:\projects\copter_stm32\Output\Generic_STM32F103C6_fake_STM32F103C8\Release\core\core.a(rcc_f1.c.o)
                0x08007a6c                rcc_dev_table
 .rodata.masks.4420
                0x08007ac8       0x14 C:\projects\copter_stm32\Output\Generic_STM32F103C6_fake_STM32F103C8\Release\core\core.a(rcc_f1.c.o)
 .rodata.usbVcomDescriptor_iProduct
                0x08007adc        0xc C:\projects\copter_stm32\Output\Generic_STM32F103C6_fake_STM32F103C8\Release\core\core.a(usb_cdcacm.c.o)
 .rodata.usbVcomDescriptor_iManufacturer
                0x08007ae8       0x14 C:\projects\copter_stm32\Output\Generic_STM32F103C6_fake_STM32F103C8\Release\core\core.a(usb_cdcacm.c.o)
 .rodata.usbVcomDescriptor_Device
                0x08007afc       0x14 C:\projects\copter_stm32\Output\Generic_STM32F103C6_fake_STM32F103C8\Release\core\core.a(usb_cdcacm.c.o)
 .rodata.usbVcomDescriptor_Config
                0x08007b10       0x44 C:\projects\copter_stm32\Output\Generic_STM32F103C6_fake_STM32F103C8\Release\core\core.a(usb_cdcacm.c.o)
 .rodata.usbVcomDescriptor_LangID
                0x08007b54        0x4 C:\projects\copter_stm32\Output\Generic_STM32F103C6_fake_STM32F103C8\Release\core\core.a(usb_cdcacm.c.o)
 .rodata._ZTV9USBSerial
                0x08007b58       0x28 C:\projects\copter_stm32\Output\Generic_STM32F103C6_fake_STM32F103C8\Release\core\core.a(usb_serial.cpp.o)
                0x08007b58                vtable for USBSerial
 .rodata.str1.4
                0x08007b80        0x4 c:/users/tcool/appdata/local/arduino15/packages/arduino/tools/arm-none-eabi-gcc/4.8.3-2014q1/bin/../lib/gcc/arm-none-eabi/4.8.3/../../../../arm-none-eabi/lib/armv7-m\libc.a(lib_a-impure.o)
 .rodata._global_impure_ptr
                0x08007b84        0x4 c:/users/tcool/appdata/local/arduino15/packages/arduino/tools/arm-none-eabi-gcc/4.8.3-2014q1/bin/../lib/gcc/arm-none-eabi/4.8.3/../../../../arm-none-eabi/lib/armv7-m\libc.a(lib_a-impure.o)
                0x08007b84                _global_impure_ptr
 *(.USER_FLASH)
                0x08007b88                . = ALIGN (0x4)
                0x08007b88                _lm_rom_img_cfgp = .
                0x08007b88        0x4 LONG 0x8006a98 LOADADDR (.data)
                0x200012d8                _lm_heap_start = DEFINED (_lm_heap_start)?_lm_heap_start:_end
                0x20002800                _lm_heap_end = DEFINED (_lm_heap_end)?_lm_heap_end:__msp_init

.rel.dyn        0x08007b8c        0x0
 .rel.iplt      0x00000000        0x0 c:/users/tcool/appdata/local/arduino15/packages/arduino/tools/arm-none-eabi-gcc/4.8.3-2014q1/bin/../lib/gcc/arm-none-eabi/4.8.3/armv7-m/crtbegin.o

.bss            0x20000d40      0x598
                0x20000d40                . = ALIGN (0x8)
                0x20000d40                __bss_start__ = .
 *(.bss .bss.* .gnu.linkonce.b.*)
 .bss           0x20000d40       0x1c c:/users/tcool/appdata/local/arduino15/packages/arduino/tools/arm-none-eabi-gcc/4.8.3-2014q1/bin/../lib/gcc/arm-none-eabi/4.8.3/armv7-m/crtbegin.o
 .bss.beep_code
                0x20000d5c        0x1 C:\projects\copter_stm32\Output\Generic_STM32F103C6_fake_STM32F103C8\Release\sketch\copter_stm32.ino.cpp.o
                0x20000d5c                beep_code
 .bss.cnt_rec   0x20000d5d        0x1 C:\projects\copter_stm32\Output\Generic_STM32F103C6_fake_STM32F103C8\Release\sketch\copter_stm32.ino.cpp.o
                0x20000d5d                cnt_rec
 .bss.new_colors_i
                0x20000d5e        0x1 C:\projects\copter_stm32\Output\Generic_STM32F103C6_fake_STM32F103C8\Release\sketch\copter_stm32.ino.cpp.o
                0x20000d5e                new_colors_i
 *fill*         0x20000d5f        0x1 
 .bss.inBuf     0x20000d60       0x20 C:\projects\copter_stm32\Output\Generic_STM32F103C6_fake_STM32F103C8\Release\sketch\copter_stm32.ino.cpp.o
                0x20000d60                inBuf
 .bss.gps_status
                0x20000d80        0x1 C:\projects\copter_stm32\Output\Generic_STM32F103C6_fake_STM32F103C8\Release\sketch\copter_stm32.ino.cpp.o
                0x20000d80                gps_status
 *fill*         0x20000d81        0x3 
 .bss.fb        0x20000d84       0x14 C:\projects\copter_stm32\Output\Generic_STM32F103C6_fake_STM32F103C8\Release\sketch\copter_stm32.ino.cpp.o
                0x20000d84                fb
 .bss.overloadVal
                0x20000d98        0x2 C:\projects\copter_stm32\Output\Generic_STM32F103C6_fake_STM32F103C8\Release\sketch\copter_stm32.ino.cpp.o
                0x20000d98                overloadVal
 *fill*         0x20000d9a        0x2 
 .bss.readBuffer
                0x20000d9c        0xc C:\projects\copter_stm32\Output\Generic_STM32F103C6_fake_STM32F103C8\Release\sketch\copter_stm32.ino.cpp.o
                0x20000d9c                readBuffer
 .bss.ring_to_send
                0x20000da8        0x1 C:\projects\copter_stm32\Output\Generic_STM32F103C6_fake_STM32F103C8\Release\sketch\copter_stm32.ino.cpp.o
                0x20000da8                ring_to_send
 .bss.cnt_req   0x20000da9        0x1 C:\projects\copter_stm32\Output\Generic_STM32F103C6_fake_STM32F103C8\Release\sketch\copter_stm32.ino.cpp.o
                0x20000da9                cnt_req
 .bss.ret       0x20000daa        0x1 C:\projects\copter_stm32\Output\Generic_STM32F103C6_fake_STM32F103C8\Release\sketch\copter_stm32.ino.cpp.o
                0x20000daa                ret
 .bss.overloadF
                0x20000dab        0x1 C:\projects\copter_stm32\Output\Generic_STM32F103C6_fake_STM32F103C8\Release\sketch\copter_stm32.ino.cpp.o
                0x20000dab                overloadF
 .bss.cnt_reset
                0x20000dac        0x4 C:\projects\copter_stm32\Output\Generic_STM32F103C6_fake_STM32F103C8\Release\sketch\copter_stm32.ino.cpp.o
                0x20000dac                cnt_reset
 .bss.posllh    0x20000db0       0x20 C:\projects\copter_stm32\Output\Generic_STM32F103C6_fake_STM32F103C8\Release\sketch\gps.cpp.o
                0x20000db0                posllh
 .bss._ZL4fpos  0x20000dd0        0x4 C:\projects\copter_stm32\Output\Generic_STM32F103C6_fake_STM32F103C8\Release\sketch\gps.cpp.o
 .bss.s_i2c     0x20000dd4       0x10 C:\projects\copter_stm32\Output\Generic_STM32F103C6_fake_STM32F103C8\Release\sketch\gps.cpp.o
                0x20000dd4                s_i2c
 .bss._ZL8checksum
                0x20000de4        0x4 C:\projects\copter_stm32\Output\Generic_STM32F103C6_fake_STM32F103C8\Release\sketch\gps.cpp.o
 .bss.counter   0x20000de8        0x1 C:\projects\copter_stm32\Output\Generic_STM32F103C6_fake_STM32F103C8\Release\sketch\gps.cpp.o
                0x20000de8                counter
 *fill*         0x20000de9        0x3 
 .bss.Wire1     0x20000dec        0x4 C:\projects\copter_stm32\Output\Generic_STM32F103C6_fake_STM32F103C8\Release\libraries\WireSlave\Wire_slave.cpp.o
                0x20000dec                Wire1
 .bss.Wire      0x20000df0        0x4 C:\projects\copter_stm32\Output\Generic_STM32F103C6_fake_STM32F103C8\Release\libraries\WireSlave\Wire_slave.cpp.o
                0x20000df0                Wire
 .bss._ZN7TwoWire6g_WireE
                0x20000df4       0x84 C:\projects\copter_stm32\Output\Generic_STM32F103C6_fake_STM32F103C8\Release\libraries\WireSlave\Wire_slave.cpp.o
                0x20000df4                TwoWire::g_Wire
 .bss._ZN7TwoWire7g_Wire1E
                0x20000e78       0x84 C:\projects\copter_stm32\Output\Generic_STM32F103C6_fake_STM32F103C8\Release\libraries\WireSlave\Wire_slave.cpp.o
                0x20000e78                TwoWire::g_Wire1
 .bss.EEPROM    0x20000efc       0x10 C:\projects\copter_stm32\Output\Generic_STM32F103C6_fake_STM32F103C8\Release\libraries\EEPROM\EEPROM.cpp.o
                0x20000efc                EEPROM
 .bss.Serial1   0x20000f0c       0x18 C:\projects\copter_stm32\Output\Generic_STM32F103C6_fake_STM32F103C8\Release\core\board.cpp.o
                0x20000f0c                Serial1
 .bss.Serial2   0x20000f24       0x18 C:\projects\copter_stm32\Output\Generic_STM32F103C6_fake_STM32F103C8\Release\core\board.cpp.o
                0x20000f24                Serial2
 .bss.Serial3   0x20000f3c       0x18 C:\projects\copter_stm32\Output\Generic_STM32F103C6_fake_STM32F103C8\Release\core\board.cpp.o
                0x20000f3c                Serial3
 .bss.pbreak.4444
                0x20000f54        0x4 C:\projects\copter_stm32\Output\Generic_STM32F103C6_fake_STM32F103C8\Release\core\wirish\syscalls.c.o
 .bss.exti_channels
                0x20000f58       0x80 C:\projects\copter_stm32\Output\Generic_STM32F103C6_fake_STM32F103C8\Release\core\core.a(exti.c.o)
                0x20000f58                exti_channels
 .bss.systick_user_callback
                0x20000fd8        0x4 C:\projects\copter_stm32\Output\Generic_STM32F103C6_fake_STM32F103C8\Release\core\core.a(systick.c.o)
 .bss.usart1_wb